Archive member included to satisfy reference by file (symbol)

/home/obu/opt/gcc-arm-none-eabi-7-2017-q4-major/bin/../lib/gcc/arm-none-eabi/7.2.1/thumb/v7e-m/libgcc.a(_arm_addsubdf3.o)
                              ./src/ADC.o (__aeabi_ui2d)
/home/obu/opt/gcc-arm-none-eabi-7-2017-q4-major/bin/../lib/gcc/arm-none-eabi/7.2.1/thumb/v7e-m/libgcc.a(_arm_muldivdf3.o)
                              ./src/ADC.o (__aeabi_dmul)
/home/obu/opt/gcc-arm-none-eabi-7-2017-q4-major/bin/../lib/gcc/arm-none-eabi/7.2.1/thumb/v7e-m/libgcc.a(_arm_cmpdf2.o)
                              ./src/cell.o (__aeabi_dcmplt)
/home/obu/opt/gcc-arm-none-eabi-7-2017-q4-major/bin/../lib/gcc/arm-none-eabi/7.2.1/thumb/v7e-m/libgcc.a(_arm_truncdfsf2.o)
                              ./src/ADC.o (__aeabi_d2f)
/home/obu/opt/gcc-arm-none-eabi-7-2017-q4-major/bin/../lib/gcc/arm-none-eabi/7.2.1/thumb/v7e-m/libgcc.a(_arm_addsubsf3.o)
                              ./src/cell.o (__aeabi_fsub)
/home/obu/opt/gcc-arm-none-eabi-7-2017-q4-major/bin/../lib/gcc/arm-none-eabi/7.2.1/thumb/v7e-m/libgcc.a(_arm_muldivsf3.o)
                              ./src/ADC.o (__aeabi_fmul)
/home/obu/opt/gcc-arm-none-eabi-7-2017-q4-major/bin/../lib/gcc/arm-none-eabi/7.2.1/thumb/v7e-m/libgcc.a(_arm_cmpsf2.o)
                              ./src/ADC.o (__aeabi_fcmplt)
/home/obu/opt/gcc-arm-none-eabi-7-2017-q4-major/bin/../lib/gcc/arm-none-eabi/7.2.1/thumb/v7e-m/libgcc.a(_aeabi_uldivmod.o)
                              ./system/src/stm32l4xx/stm32l4xx_hal_uart.o (__aeabi_uldivmod)
/home/obu/opt/gcc-arm-none-eabi-7-2017-q4-major/bin/../lib/gcc/arm-none-eabi/7.2.1/thumb/v7e-m/libgcc.a(_udivmoddi4.o)
                              /home/obu/opt/gcc-arm-none-eabi-7-2017-q4-major/bin/../lib/gcc/arm-none-eabi/7.2.1/thumb/v7e-m/libgcc.a(_aeabi_uldivmod.o) (__udivmoddi4)
/home/obu/opt/gcc-arm-none-eabi-7-2017-q4-major/bin/../lib/gcc/arm-none-eabi/7.2.1/thumb/v7e-m/libgcc.a(unwind-arm.o)
                              ./system/src/newlib/_cxx.o (__aeabi_unwind_cpp_pr1)
/home/obu/opt/gcc-arm-none-eabi-7-2017-q4-major/bin/../lib/gcc/arm-none-eabi/7.2.1/thumb/v7e-m/libgcc.a(libunwind.o)
                              /home/obu/opt/gcc-arm-none-eabi-7-2017-q4-major/bin/../lib/gcc/arm-none-eabi/7.2.1/thumb/v7e-m/libgcc.a(unwind-arm.o) (restore_core_regs)
/home/obu/opt/gcc-arm-none-eabi-7-2017-q4-major/bin/../lib/gcc/arm-none-eabi/7.2.1/thumb/v7e-m/libgcc.a(pr-support.o)
                              /home/obu/opt/gcc-arm-none-eabi-7-2017-q4-major/bin/../lib/gcc/arm-none-eabi/7.2.1/thumb/v7e-m/libgcc.a(unwind-arm.o) (__gnu_unwind_execute)
/home/obu/opt/gcc-arm-none-eabi-7-2017-q4-major/bin/../lib/gcc/arm-none-eabi/7.2.1/thumb/v7e-m/libgcc.a(_dvmd_tls.o)
                              /home/obu/opt/gcc-arm-none-eabi-7-2017-q4-major/bin/../lib/gcc/arm-none-eabi/7.2.1/thumb/v7e-m/libgcc.a(_aeabi_uldivmod.o) (__aeabi_ldiv0)
/home/obu/opt/gcc-arm-none-eabi-7-2017-q4-major/bin/../lib/gcc/arm-none-eabi/7.2.1/../../../../arm-none-eabi/lib/thumb/v7e-m/libg_nano.a(lib_a-errno.o)
                              ./system/src/newlib/_sbrk.o (__errno)
/home/obu/opt/gcc-arm-none-eabi-7-2017-q4-major/bin/../lib/gcc/arm-none-eabi/7.2.1/../../../../arm-none-eabi/lib/thumb/v7e-m/libg_nano.a(lib_a-impure.o)
                              /home/obu/opt/gcc-arm-none-eabi-7-2017-q4-major/bin/../lib/gcc/arm-none-eabi/7.2.1/../../../../arm-none-eabi/lib/thumb/v7e-m/libg_nano.a(lib_a-errno.o) (_impure_ptr)
/home/obu/opt/gcc-arm-none-eabi-7-2017-q4-major/bin/../lib/gcc/arm-none-eabi/7.2.1/../../../../arm-none-eabi/lib/thumb/v7e-m/libg_nano.a(lib_a-init.o)
                              ./system/src/cmsis/startup_stm32l433xx.o (__libc_init_array)
/home/obu/opt/gcc-arm-none-eabi-7-2017-q4-major/bin/../lib/gcc/arm-none-eabi/7.2.1/../../../../arm-none-eabi/lib/thumb/v7e-m/libg_nano.a(lib_a-memcpy-stub.o)
                              /home/obu/opt/gcc-arm-none-eabi-7-2017-q4-major/bin/../lib/gcc/arm-none-eabi/7.2.1/thumb/v7e-m/libgcc.a(unwind-arm.o) (memcpy)
/home/obu/opt/gcc-arm-none-eabi-7-2017-q4-major/bin/../lib/gcc/arm-none-eabi/7.2.1/../../../../arm-none-eabi/lib/thumb/v7e-m/libg_nano.a(lib_a-sprintf.o)
                              ./src/lcd.o (sprintf)
/home/obu/opt/gcc-arm-none-eabi-7-2017-q4-major/bin/../lib/gcc/arm-none-eabi/7.2.1/../../../../arm-none-eabi/lib/thumb/v7e-m/libg_nano.a(lib_a-strlen.o)
                              ./system/src/diag/Trace.o (strlen)
/home/obu/opt/gcc-arm-none-eabi-7-2017-q4-major/bin/../lib/gcc/arm-none-eabi/7.2.1/../../../../arm-none-eabi/lib/thumb/v7e-m/libg_nano.a(lib_a-vsnprintf.o)
                              ./system/src/diag/Trace.o (vsnprintf)
/home/obu/opt/gcc-arm-none-eabi-7-2017-q4-major/bin/../lib/gcc/arm-none-eabi/7.2.1/../../../../arm-none-eabi/lib/thumb/v7e-m/libg_nano.a(lib_a-nano-svfprintf.o)
[...]
Memory Configuration

Name             Origin             Length             Attributes
FLASH            0x0000000008000000 0x0000000000040000 xr
RAM              0x0000000020000000 0x0000000000010000 xrw
CCMRAM           0x0000000010000000 0x0000000000000000 xrw
FLASHB1          0x0000000000000000 0x0000000000000000 xr
EXTMEMB0         0x0000000000000000 0x0000000000000000 xr
EXTMEMB1         0x0000000000000000 0x0000000000000000 xr
EXTMEMB2         0x0000000000000000 0x0000000000000000 xr
EXTMEMB3         0x0000000000000000 0x0000000000000000 xr
*default*        0x0000000000000000 0xffffffffffffffff

Linker script and memory map

LOAD ./system/src/stm32l4xx/stm32l4xx_hal.o
LOAD ./system/src/stm32l4xx/stm32l4xx_hal_adc.o
LOAD ./system/src/stm32l4xx/stm32l4xx_hal_adc_ex.o
LOAD ./system/src/stm32l4xx/stm32l4xx_hal_cortex.o
LOAD ./system/src/stm32l4xx/stm32l4xx_hal_dma.o
LOAD ./system/src/stm32l4xx/stm32l4xx_hal_flash.o
LOAD ./system/src/stm32l4xx/stm32l4xx_hal_flash_ex.o
LOAD ./system/src/stm32l4xx/stm32l4xx_hal_flash_ramfunc.o
LOAD ./system/src/stm32l4xx/stm32l4xx_hal_gpio.o
LOAD ./system/src/stm32l4xx/stm32l4xx_hal_i2c.o
LOAD ./system/src/stm32l4xx/stm32l4xx_hal_i2c_ex.o
LOAD ./system/src/stm32l4xx/stm32l4xx_hal_pwr.o
LOAD ./system/src/stm32l4xx/stm32l4xx_hal_pwr_ex.o
LOAD ./system/src/stm32l4xx/stm32l4xx_hal_rcc.o
LOAD ./system/src/stm32l4xx/stm32l4xx_hal_rcc_ex.o
LOAD ./system/src/stm32l4xx/stm32l4xx_hal_rtc.o
LOAD ./system/src/stm32l4xx/stm32l4xx_hal_rtc_ex.o
LOAD ./system/src/stm32l4xx/stm32l4xx_hal_spi.o
LOAD ./system/src/stm32l4xx/stm32l4xx_hal_spi_ex.o
LOAD ./system/src/stm32l4xx/stm32l4xx_hal_tim.o
LOAD ./system/src/stm32l4xx/stm32l4xx_hal_tim_ex.o
LOAD ./system/src/stm32l4xx/stm32l4xx_hal_uart.o
LOAD ./system/src/stm32l4xx/stm32l4xx_hal_uart_ex.o
LOAD ./system/src/newlib/_cxx.o
LOAD ./system/src/newlib/_exit.o
LOAD ./system/src/newlib/_sbrk.o
LOAD ./system/src/newlib/_startup.o
LOAD ./system/src/newlib/_syscalls.o
LOAD ./system/src/newlib/assert.o
LOAD ./system/src/diag/Trace.o
LOAD ./system/src/diag/trace_impl.o
LOAD ./system/src/cortexm/_initialize_hardware.o
LOAD ./system/src/cortexm/_reset_hardware.o
LOAD ./system/src/cortexm/exception_handlers.o
LOAD ./system/src/cmsis/startup_stm32l433xx.o
LOAD ./system/src/cmsis/system_stm32l4xx.o
LOAD ./src/u8g/u8g_arm.o
LOAD ./src/u8g/u8g_bitmap.o
LOAD ./src/u8g/u8g_circle.o
LOAD ./src/u8g/u8g_clip.o
LOAD ./src/u8g/u8g_com_api.o
LOAD ./src/u8g/u8g_com_api_16gr.o
LOAD ./src/u8g/u8g_com_i2c.o
LOAD ./src/u8g/u8g_com_io.o
LOAD ./src/u8g/u8g_com_null.o
LOAD ./src/u8g/u8g_com_raspberrypi_hw_spi.o
LOAD ./src/u8g/u8g_com_raspberrypi_ssd_i2c.o
LOAD ./src/u8g/u8g_cursor.o
LOAD ./src/u8g/u8g_delay.o
LOAD ./src/u8g/u8g_dev_uc1701_dogs102.o
LOAD ./src/u8g/u8g_ellipse.o
LOAD ./src/u8g/u8g_font.o
LOAD ./src/u8g/u8g_font_data.o
LOAD ./src/u8g/u8g_line.o
LOAD ./src/u8g/u8g_ll_api.o
LOAD ./src/u8g/u8g_page.o
LOAD ./src/u8g/u8g_pb.o
LOAD ./src/u8g/u8g_pb14v1.o
LOAD ./src/u8g/u8g_pb16h1.o
LOAD ./src/u8g/u8g_pb16h2.o
LOAD ./src/u8g/u8g_pb16v1.o
LOAD ./src/u8g/u8g_pb16v2.o
LOAD ./src/u8g/u8g_pb32h1.o
LOAD ./src/u8g/u8g_pb8h1.o
LOAD ./src/u8g/u8g_pb8h1f.o
LOAD ./src/u8g/u8g_pb8h2.o
LOAD ./src/u8g/u8g_pb8h8.o
LOAD ./src/u8g/u8g_pb8v1.o
LOAD ./src/u8g/u8g_pb8v2.o
LOAD ./src/u8g/u8g_pbxh16.o
LOAD ./src/u8g/u8g_pbxh24.o
LOAD ./src/u8g/u8g_polygon.o
LOAD ./src/u8g/u8g_rect.o
LOAD ./src/u8g/u8g_rot.o
LOAD ./src/u8g/u8g_scale.o
LOAD ./src/u8g/u8g_state.o
LOAD ./src/u8g/u8g_u16toa.o
LOAD ./src/u8g/u8g_u8toa.o
LOAD ./src/u8g/u8g_virtual_screen.o
LOAD ./src/ADC.o
LOAD ./src/GPIO.o
LOAD ./src/TMR.o
LOAD ./src/cell.o
LOAD ./src/config.o
LOAD ./src/events.o
LOAD ./src/lcd.o
LOAD ./src/main.o
LOAD ./src/power.o
LOAD ./src/stm32l4xx_hal_msp.o
LOAD ./src/stm32l4xx_it.o
LOAD /home/obu/opt/gcc-arm-none-eabi-7-2017-q4-major/bin/../lib/gcc/arm-none-eabi/7.2.1/../../../../arm-none-eabi/lib/thumb/v7e-m/libstdc++_nano.a
LOAD /home/obu/opt/gcc-arm-none-eabi-7-2017-q4-major/bin/../lib/gcc/arm-none-eabi/7.2.1/../../../../arm-none-eabi/lib/thumb/v7e-m/libm.a
START GROUP
LOAD /home/obu/opt/gcc-arm-none-eabi-7-2017-q4-major/bin/../lib/gcc/arm-none-eabi/7.2.1/thumb/v7e-m/libgcc.a
LOAD /home/obu/opt/gcc-arm-none-eabi-7-2017-q4-major/bin/../lib/gcc/arm-none-eabi/7.2.1/../../../../arm-none-eabi/lib/thumb/v7e-m/libg_nano.a
LOAD /home/obu/opt/gcc-arm-none-eabi-7-2017-q4-major/bin/../lib/gcc/arm-none-eabi/7.2.1/../../../../arm-none-eabi/lib/thumb/v7e-m/libc_nano.a
END GROUP
START GROUP
LOAD /home/obu/opt/gcc-arm-none-eabi-7-2017-q4-major/bin/../lib/gcc/arm-none-eabi/7.2.1/thumb/v7e-m/libgcc.a
LOAD /home/obu/opt/gcc-arm-none-eabi-7-2017-q4-major/bin/../lib/gcc/arm-none-eabi/7.2.1/../../../../arm-none-eabi/lib/thumb/v7e-m/libc_nano.a
END GROUP
                0x0000000020010000                __stack = (ORIGIN (RAM) + LENGTH (RAM))
                0x0000000020010000                _estack = __stack
                0x0000000000000400                __Main_Stack_Size = 0x400
                [!provide]                        PROVIDE (_Main_Stack_Size, __Main_Stack_Size)
                0x000000002000fc00                __Main_Stack_Limit = (__stack - __Main_Stack_Size)
                [!provide]                        PROVIDE (_Main_Stack_Limit, __Main_Stack_Limit)
                0x0000000000000100                _Minimum_Stack_Size = 0x100
                0x00000000200007a0                PROVIDE (_Heap_Begin, _end_noinit)
                0x000000002000fc00                PROVIDE (_Heap_Limit, (__stack - __Main_Stack_Size))

.isr_vector     0x0000000008000000      0x3cc
 FILL mask 0xff
                0x0000000008000000                __vectors_start = ABSOLUTE (.)
                0x0000000008000000                __vectors_start__ = ABSOLUTE (.)
 *(.isr_vector)
 .isr_vector    0x0000000008000000      0x18c ./system/src/cmsis/startup_stm32l433xx.o
                0x0000000008000000                g_pfnVectors
 *(.cfmconfig)
 *(.after_vectors .after_vectors.*)
 .after_vectors
                0x000000000800018c      0x114 ./system/src/newlib/_startup.o
                0x000000000800018c                _start
 .after_vectors
                0x00000000080002a0      0x12c ./system/src/cortexm/exception_handlers.o
                0x00000000080002a0                Reset_Handler
                0x00000000080002be                HardFault_Handler_C
                0x0000000008000334                BusFault_Handler_C
                0x000000000800037c                UsageFault_Handler_C

.inits          0x00000000080003cc       0x28
                0x00000000080003cc                __data_regions_array_start = .
                0x00000000080003cc        0x4 LONG 0x8008998 LOADADDR (.data)
                0x00000000080003d0        0x4 LONG 0x20000000 ADDR (.data)
                0x00000000080003d4        0x4 LONG 0x20000090 (ADDR (.data) + SIZEOF (.data))
                0x00000000080003d8        0x4 LONG 0x8008998 LOADADDR (.data_CCMRAM)
                0x00000000080003dc        0x4 LONG 0x10000000 ADDR (.data_CCMRAM)
                0x00000000080003e0        0x4 LONG 0x10000000 (ADDR (.data_CCMRAM) + SIZEOF (.data_CCMRAM))
                0x00000000080003e4                __data_regions_array_end = .
                0x00000000080003e4                __bss_regions_array_start = .
                0x00000000080003e4        0x4 LONG 0x20000090 ADDR (.bss)
                0x00000000080003e8        0x4 LONG 0x200007a0 (ADDR (.bss) + SIZEOF (.bss))
                0x00000000080003ec        0x4 LONG 0x10000000 ADDR (.bss_CCMRAM)
                0x00000000080003f0        0x4 LONG 0x10000000 (ADDR (.bss_CCMRAM) + SIZEOF (.bss_CCMRAM))
                0x00000000080003f4                __bss_regions_array_end = .
 *(.init)
 *(.fini)
                0x00000000080003f4                . = ALIGN (0x4)
                0x00000000080003f4                PROVIDE (__preinit_array_start, .)
 *(.preinit_array_sysinit .preinit_array_sysinit.*)
 *(.preinit_array_platform .preinit_array_platform.*)
 *(.preinit_array .preinit_array.*)
                0x00000000080003f4                PROVIDE (__preinit_array_end, .)
                0x00000000080003f4                . = ALIGN (0x4)
                0x00000000080003f4                PROVIDE (__init_array_start, .)
 *(SORT_BY_NAME(.init_array.*))
 *(.init_array)
                0x00000000080003f4                PROVIDE (__init_array_end, .)
                0x00000000080003f4                . = ALIGN (0x4)
                0x00000000080003f4                PROVIDE (__fini_array_start, .)
 *(SORT_BY_NAME(.fini_array.*))
 *(.fini_array)
                0x00000000080003f4                PROVIDE (__fini_array_end, .)

.flashtext
 *(.flashtext .flashtext.*)

.text           0x0000000008000400     0x858f
 *(.text .text.*)
 .text.HAL_InitTick
                0x0000000008000400       0x2c ./system/src/stm32l4xx/stm32l4xx_hal.o
                0x0000000008000400                HAL_InitTick
 .text.HAL_Init
                0x000000000800042c       0x16 ./system/src/stm32l4xx/stm32l4xx_hal.o
                0x000000000800042c                HAL_Init
 *fill*         0x0000000008000442        0x2 
 .text.HAL_IncTick
                0x0000000008000444       0x10 ./system/src/stm32l4xx/stm32l4xx_hal.o
                0x0000000008000444                HAL_IncTick
 .text.HAL_GetTick
                0x0000000008000454        0xc ./system/src/stm32l4xx/stm32l4xx_hal.o
                0x0000000008000454                HAL_GetTick
 .text.HAL_Delay
                0x0000000008000460       0x1e ./system/src/stm32l4xx/stm32l4xx_hal.o
                0x0000000008000460                HAL_Delay
 *fill*         0x000000000800047e        0x2 
 .text.HAL_ADC_Init
                0x0000000008000480      0x1ec ./system/src/stm32l4xx/stm32l4xx_hal_adc.o
                0x0000000008000480                HAL_ADC_Init
 .text.HAL_ADC_ConvHalfCpltCallback
                0x000000000800066c        0x2 ./system/src/stm32l4xx/stm32l4xx_hal_adc.o
                0x000000000800066c                HAL_ADC_ConvHalfCpltCallback
 .text.ADC_DMAHalfConvCplt
                0x000000000800066e        0xa ./system/src/stm32l4xx/stm32l4xx_hal_adc.o
                0x000000000800066e                ADC_DMAHalfConvCplt
 .text.HAL_ADC_LevelOutOfWindowCallback
                0x0000000008000678        0x2 ./system/src/stm32l4xx/stm32l4xx_hal_adc.o
                0x0000000008000678                HAL_ADC_LevelOutOfWindowCallback
 .text.HAL_ADC_ErrorCallback
                0x000000000800067a        0x2 ./system/src/stm32l4xx/stm32l4xx_hal_adc.o
                0x000000000800067a                HAL_ADC_ErrorCallback
 .text.HAL_ADC_IRQHandler
                0x000000000800067c      0x228 ./system/src/stm32l4xx/stm32l4xx_hal_adc.o
                0x000000000800067c                HAL_ADC_IRQHandler
 .text.ADC_DMAConvCplt
                0x00000000080008a4       0x7c ./system/src/stm32l4xx/stm32l4xx_hal_adc.o
                0x00000000080008a4                ADC_DMAConvCplt
 .text.ADC_DMAError
                0x0000000008000920       0x1a ./system/src/stm32l4xx/stm32l4xx_hal_adc.o
                0x0000000008000920                ADC_DMAError
 *fill*         0x000000000800093a        0x2 
 .text.HAL_ADC_ConfigChannel
                0x000000000800093c      0x4a4 ./system/src/stm32l4xx/stm32l4xx_hal_adc.o
                0x000000000800093c                HAL_ADC_ConfigChannel
 .text.ADC_Enable
                0x0000000008000de0       0x80 ./system/src/stm32l4xx/stm32l4xx_hal_adc.o
                0x0000000008000de0                ADC_Enable
 .text.HAL_ADC_Start_IT
                0x0000000008000e60       0xf6 ./system/src/stm32l4xx/stm32l4xx_hal_adc.o
                0x0000000008000e60                HAL_ADC_Start_IT
 *fill*         0x0000000008000f56        0x2 
 .text.HAL_ADC_Start_DMA
                0x0000000008000f58       0xc4 ./system/src/stm32l4xx/stm32l4xx_hal_adc.o
                0x0000000008000f58                HAL_ADC_Start_DMA
 .text.ADC_Disable
                0x000000000800101c       0x7e ./system/src/stm32l4xx/stm32l4xx_hal_adc.o
                0x000000000800101c                ADC_Disable
 .text.HAL_ADCEx_Calibration_Start
                0x000000000800109a       0x8e ./system/src/stm32l4xx/stm32l4xx_hal_adc_ex.o
                0x000000000800109a                HAL_ADCEx_Calibration_Start
 .text.HAL_ADCEx_InjectedConvCpltCallback
                0x0000000008001128        0x2 ./system/src/stm32l4xx/stm32l4xx_hal_adc_ex.o
                0x0000000008001128                HAL_ADCEx_InjectedConvCpltCallback
 .text.HAL_ADCEx_InjectedQueueOverflowCallback
                0x000000000800112a        0x2 ./system/src/stm32l4xx/stm32l4xx_hal_adc_ex.o
                0x000000000800112a                HAL_ADCEx_InjectedQueueOverflowCallback
 .text.HAL_ADCEx_LevelOutOfWindow2Callback
                0x000000000800112c        0x2 ./system/src/stm32l4xx/stm32l4xx_hal_adc_ex.o
                0x000000000800112c                HAL_ADCEx_LevelOutOfWindow2Callback
 .text.HAL_ADCEx_LevelOutOfWindow3Callback
                0x000000000800112e        0x2 ./system/src/stm32l4xx/stm32l4xx_hal_adc_ex.o
                0x000000000800112e                HAL_ADCEx_LevelOutOfWindow3Callback
 .text.HAL_ADCEx_EndOfSamplingCallback
                0x0000000008001130        0x2 ./system/src/stm32l4xx/stm32l4xx_hal_adc_ex.o
                0x0000000008001130                HAL_ADCEx_EndOfSamplingCallback
 *fill*         0x0000000008001132        0x2 
 .text.HAL_NVIC_SetPriorityGrouping
                0x0000000008001134       0x24 ./system/src/stm32l4xx/stm32l4xx_hal_cortex.o
                0x0000000008001134                HAL_NVIC_SetPriorityGrouping
 .text.HAL_NVIC_SetPriority
                0x0000000008001158       0x68 ./system/src/stm32l4xx/stm32l4xx_hal_cortex.o
                0x0000000008001158                HAL_NVIC_SetPriority
 .text.HAL_NVIC_EnableIRQ
                0x00000000080011c0       0x18 ./system/src/stm32l4xx/stm32l4xx_hal_cortex.o
                0x00000000080011c0                HAL_NVIC_EnableIRQ
 .text.HAL_SYSTICK_Config
                0x00000000080011d8       0x2c ./system/src/stm32l4xx/stm32l4xx_hal_cortex.o
                0x00000000080011d8                HAL_SYSTICK_Config
 .text.HAL_NVIC_ClearPendingIRQ
                0x0000000008001204       0x18 ./system/src/stm32l4xx/stm32l4xx_hal_cortex.o
                0x0000000008001204                HAL_NVIC_ClearPendingIRQ
 .text.HAL_SYSTICK_CLKSourceConfig
                0x000000000800121c       0x20 ./system/src/stm32l4xx/stm32l4xx_hal_cortex.o
                0x000000000800121c                HAL_SYSTICK_CLKSourceConfig
 .text.HAL_SYSTICK_Callback
                0x000000000800123c        0x2 ./system/src/stm32l4xx/stm32l4xx_hal_cortex.o
                0x000000000800123c                HAL_SYSTICK_Callback
 .text.HAL_SYSTICK_IRQHandler
                0x000000000800123e        0x8 ./system/src/stm32l4xx/stm32l4xx_hal_cortex.o
                0x000000000800123e                HAL_SYSTICK_IRQHandler
 .text.DMA_SetConfig
                0x0000000008001246       0x2c ./system/src/stm32l4xx/stm32l4xx_hal_dma.o
 *fill*         0x0000000008001272        0x2 
 .text.HAL_DMA_Init
                0x0000000008001274       0xf0 ./system/src/stm32l4xx/stm32l4xx_hal_dma.o
                0x0000000008001274                HAL_DMA_Init
 .text.HAL_DMA_Start_IT
                0x0000000008001364       0x76 ./system/src/stm32l4xx/stm32l4xx_hal_dma.o
                0x0000000008001364                HAL_DMA_Start_IT
 .text.HAL_DMA_IRQHandler
                0x00000000080013da       0xb4 ./system/src/stm32l4xx/stm32l4xx_hal_dma.o
                0x00000000080013da                HAL_DMA_IRQHandler
 *fill*         0x000000000800148e        0x2 
 .text.HAL_GPIO_Init
                0x0000000008001490      0x194 ./system/src/stm32l4xx/stm32l4xx_hal_gpio.o
                0x0000000008001490                HAL_GPIO_Init
 .text.HAL_GPIO_ReadPin
                0x0000000008001624        0xe ./system/src/stm32l4xx/stm32l4xx_hal_gpio.o
                0x0000000008001624                HAL_GPIO_ReadPin
 .text.HAL_GPIO_WritePin
                0x0000000008001632        0xa ./system/src/stm32l4xx/stm32l4xx_hal_gpio.o
                0x0000000008001632                HAL_GPIO_WritePin
 .text.HAL_GPIO_EXTI_Callback
                0x000000000800163c        0x2 ./system/src/stm32l4xx/stm32l4xx_hal_gpio.o
                0x000000000800163c                HAL_GPIO_EXTI_Callback
 *fill*         0x000000000800163e        0x2 
 .text.HAL_GPIO_EXTI_IRQHandler
                0x0000000008001640       0x1c ./system/src/stm32l4xx/stm32l4xx_hal_gpio.o
                0x0000000008001640                HAL_GPIO_EXTI_IRQHandler
 .text.HAL_PWREx_GetVoltageRange
                0x000000000800165c       0x10 ./system/src/stm32l4xx/stm32l4xx_hal_pwr_ex.o
                0x000000000800165c                HAL_PWREx_GetVoltageRange
 .text.HAL_PWREx_ControlVoltageScaling
                0x000000000800166c       0x90 ./system/src/stm32l4xx/stm32l4xx_hal_pwr_ex.o
                0x000000000800166c                HAL_PWREx_ControlVoltageScaling
 .text.RCC_SetFlashLatencyFromMSIRange
                0x00000000080016fc       0x90 ./system/src/stm32l4xx/stm32l4xx_hal_rcc.o
 .text.HAL_RCC_GetSysClockFreq
                0x000000000800178c      0x100 ./system/src/stm32l4xx/stm32l4xx_hal_rcc.o
                0x000000000800178c                HAL_RCC_GetSysClockFreq
 .text.HAL_RCC_OscConfig
                0x000000000800188c      0x5cc ./system/src/stm32l4xx/stm32l4xx_hal_rcc.o
                0x000000000800188c                HAL_RCC_OscConfig
 .text.HAL_RCC_ClockConfig
                0x0000000008001e58      0x1ac ./system/src/stm32l4xx/stm32l4xx_hal_rcc.o
                0x0000000008001e58                HAL_RCC_ClockConfig
 .text.HAL_RCC_GetHCLKFreq
                0x0000000008002004        0xc ./system/src/stm32l4xx/stm32l4xx_hal_rcc.o
                0x0000000008002004                HAL_RCC_GetHCLKFreq
 .text.HAL_RCC_GetPCLK1Freq
                0x0000000008002010       0x20 ./system/src/stm32l4xx/stm32l4xx_hal_rcc.o
                0x0000000008002010                HAL_RCC_GetPCLK1Freq
 .text.HAL_RCC_GetPCLK2Freq
                0x0000000008002030       0x20 ./system/src/stm32l4xx/stm32l4xx_hal_rcc.o
                0x0000000008002030                HAL_RCC_GetPCLK2Freq
 .text.RCCEx_PLLSAI1_Config
                0x0000000008002050      0x16c ./system/src/stm32l4xx/stm32l4xx_hal_rcc_ex.o
 .text.HAL_RCCEx_PeriphCLKConfig
                0x00000000080021bc      0x360 ./system/src/stm32l4xx/stm32l4xx_hal_rcc_ex.o
                0x00000000080021bc                HAL_RCCEx_PeriphCLKConfig
 .text.HAL_RTC_AlarmAEventCallback
                0x000000000800251c        0x2 ./system/src/stm32l4xx/stm32l4xx_hal_rtc.o
                0x000000000800251c                HAL_RTC_AlarmAEventCallback
 *fill*         0x000000000800251e        0x2 
 .text.HAL_RTC_AlarmIRQHandler
                0x0000000008002520       0x84 ./system/src/stm32l4xx/stm32l4xx_hal_rtc.o
                0x0000000008002520                HAL_RTC_AlarmIRQHandler
 .text.HAL_RTC_WaitForSynchro
                0x00000000080025a4       0x32 ./system/src/stm32l4xx/stm32l4xx_hal_rtc.o
                0x00000000080025a4                HAL_RTC_WaitForSynchro
 .text.RTC_EnterInitMode
                0x00000000080025d6       0x3c ./system/src/stm32l4xx/stm32l4xx_hal_rtc.o
                0x00000000080025d6                RTC_EnterInitMode
 .text.HAL_RTC_Init
                0x0000000008002612       0xd4 ./system/src/stm32l4xx/stm32l4xx_hal_rtc.o
                0x0000000008002612                HAL_RTC_Init
 .text.RTC_ByteToBcd2
                0x00000000080026e6       0x16 ./system/src/stm32l4xx/stm32l4xx_hal_rtc.o
                0x00000000080026e6                RTC_ByteToBcd2
 .text.HAL_RTC_SetTime
                0x00000000080026fc      0x112 ./system/src/stm32l4xx/stm32l4xx_hal_rtc.o
                0x00000000080026fc                HAL_RTC_SetTime
 .text.HAL_RTC_SetDate
                0x000000000800280e       0xec ./system/src/stm32l4xx/stm32l4xx_hal_rtc.o
                0x000000000800280e                HAL_RTC_SetDate
 *fill*         0x00000000080028fa        0x2 
 .text.HAL_RTC_SetAlarm_IT
                0x00000000080028fc      0x1a0 ./system/src/stm32l4xx/stm32l4xx_hal_rtc.o
                0x00000000080028fc                HAL_RTC_SetAlarm_IT
 .text.HAL_RTCEx_SetTamper_IT
                0x0000000008002a9c       0xf4 ./system/src/stm32l4xx/stm32l4xx_hal_rtc_ex.o
                0x0000000008002a9c                HAL_RTCEx_SetTamper_IT
 .text.HAL_RTCEx_TimeStampEventCallback
                0x0000000008002b90        0x2 ./system/src/stm32l4xx/stm32l4xx_hal_rtc_ex.o
                0x0000000008002b90                HAL_RTCEx_TimeStampEventCallback
 .text.HAL_RTCEx_Tamper1EventCallback
                0x0000000008002b92        0x2 ./system/src/stm32l4xx/stm32l4xx_hal_rtc_ex.o
                0x0000000008002b92                HAL_RTCEx_Tamper1EventCallback
 .text.HAL_RTCEx_Tamper2EventCallback
                0x0000000008002b94        0x2 ./system/src/stm32l4xx/stm32l4xx_hal_rtc_ex.o
                0x0000000008002b94                HAL_RTCEx_Tamper2EventCallback
 .text.HAL_RTCEx_Tamper3EventCallback
                0x0000000008002b96        0x2 ./system/src/stm32l4xx/stm32l4xx_hal_rtc_ex.o
                0x0000000008002b96                HAL_RTCEx_Tamper3EventCallback
 .text.HAL_RTCEx_TamperTimeStampIRQHandler
                0x0000000008002b98      0x10c ./system/src/stm32l4xx/stm32l4xx_hal_rtc_ex.o
                0x0000000008002b98                HAL_RTCEx_TamperTimeStampIRQHandler
 .text.HAL_RTCEx_BKUPWrite
                0x0000000008002ca4        0xa ./system/src/stm32l4xx/stm32l4xx_hal_rtc_ex.o
                0x0000000008002ca4                HAL_RTCEx_BKUPWrite
 .text.HAL_RTCEx_BKUPRead
                0x0000000008002cae        0xa ./system/src/stm32l4xx/stm32l4xx_hal_rtc_ex.o
                0x0000000008002cae                HAL_RTCEx_BKUPRead
 .text.HAL_RTCEx_AlarmBEventCallback
                0x0000000008002cb8        0x2 ./system/src/stm32l4xx/stm32l4xx_hal_rtc_ex.o
                0x0000000008002cb8                HAL_RTCEx_AlarmBEventCallback
 .text.SPI_WaitFlagStateUntilTimeout
                0x0000000008002cba       0x92 ./system/src/stm32l4xx/stm32l4xx_hal_spi.o
 .text.SPI_WaitFifoStateUntilTimeout
                0x0000000008002d4c       0xa4 ./system/src/stm32l4xx/stm32l4xx_hal_spi.o
 .text.SPI_EndRxTxTransaction
                0x0000000008002df0       0x66 ./system/src/stm32l4xx/stm32l4xx_hal_spi.o
 .text.HAL_SPI_Init
                0x0000000008002e56       0xb0 ./system/src/stm32l4xx/stm32l4xx_hal_spi.o
                0x0000000008002e56                HAL_SPI_Init
 .text.HAL_SPI_Transmit
                0x0000000008002f06      0x1c2 ./system/src/stm32l4xx/stm32l4xx_hal_spi.o
                0x0000000008002f06                HAL_SPI_Transmit
 .text.HAL_SPI_GetState
                0x00000000080030c8        0x6 ./system/src/stm32l4xx/stm32l4xx_hal_spi.o
                0x00000000080030c8                HAL_SPI_GetState
 *fill*         0x00000000080030ce        0x2 
 .text.TIM_OC1_SetConfig
                0x00000000080030d0       0x7c ./system/src/stm32l4xx/stm32l4xx_hal_tim.o
 .text.TIM_OC3_SetConfig
                0x000000000800314c       0x74 ./system/src/stm32l4xx/stm32l4xx_hal_tim.o
 .text.TIM_OC4_SetConfig
                0x00000000080031c0       0x5c ./system/src/stm32l4xx/stm32l4xx_hal_tim.o
 .text.TIM_OC5_SetConfig
                0x000000000800321c       0x58 ./system/src/stm32l4xx/stm32l4xx_hal_tim.o
 .text.TIM_OC6_SetConfig
                0x0000000008003274       0x5c ./system/src/stm32l4xx/stm32l4xx_hal_tim.o
 .text.TIM_TI1_ConfigInputStage
                0x00000000080032d0       0x24 ./system/src/stm32l4xx/stm32l4xx_hal_tim.o
 .text.TIM_TI2_ConfigInputStage
                0x00000000080032f4       0x26 ./system/src/stm32l4xx/stm32l4xx_hal_tim.o
 .text.TIM_ITRx_SetConfig
                0x000000000800331a       0x10 ./system/src/stm32l4xx/stm32l4xx_hal_tim.o
 .text.HAL_TIM_PWM_MspInit
                0x000000000800332a        0x2 ./system/src/stm32l4xx/stm32l4xx_hal_tim.o
                0x000000000800332a                HAL_TIM_PWM_MspInit
 .text.HAL_TIM_OC_DelayElapsedCallback
                0x000000000800332c        0x2 ./system/src/stm32l4xx/stm32l4xx_hal_tim.o
                0x000000000800332c                HAL_TIM_OC_DelayElapsedCallback
 .text.HAL_TIM_IC_CaptureCallback
                0x000000000800332e        0x2 ./system/src/stm32l4xx/stm32l4xx_hal_tim.o
                0x000000000800332e                HAL_TIM_IC_CaptureCallback
 .text.HAL_TIM_PWM_PulseFinishedCallback
                0x0000000008003330        0x2 ./system/src/stm32l4xx/stm32l4xx_hal_tim.o
                0x0000000008003330                HAL_TIM_PWM_PulseFinishedCallback
 .text.HAL_TIM_TriggerCallback
                0x0000000008003332        0x2 ./system/src/stm32l4xx/stm32l4xx_hal_tim.o
                0x0000000008003332                HAL_TIM_TriggerCallback
 .text.HAL_TIM_IRQHandler
                0x0000000008003334      0x17a ./system/src/stm32l4xx/stm32l4xx_hal_tim.o
                0x0000000008003334                HAL_TIM_IRQHandler
 *fill*         0x00000000080034ae        0x2 
 .text.TIM_Base_SetConfig
                0x00000000080034b0       0x68 ./system/src/stm32l4xx/stm32l4xx_hal_tim.o
                0x00000000080034b0                TIM_Base_SetConfig
 .text.HAL_TIM_Base_Init
                0x0000000008003518       0x32 ./system/src/stm32l4xx/stm32l4xx_hal_tim.o
                0x0000000008003518                HAL_TIM_Base_Init
 .text.HAL_TIM_PWM_Init
                0x000000000800354a       0x32 ./system/src/stm32l4xx/stm32l4xx_hal_tim.o
                0x000000000800354a                HAL_TIM_PWM_Init
 .text.TIM_OC2_SetConfig
                0x000000000800357c       0x78 ./system/src/stm32l4xx/stm32l4xx_hal_tim.o
                0x000000000800357c                TIM_OC2_SetConfig
 .text.HAL_TIM_PWM_ConfigChannel
                0x00000000080035f4      0x134 ./system/src/stm32l4xx/stm32l4xx_hal_tim.o
                0x00000000080035f4                HAL_TIM_PWM_ConfigChannel
 .text.TIM_ETR_SetConfig
                0x0000000008003728       0x16 ./system/src/stm32l4xx/stm32l4xx_hal_tim.o
                0x0000000008003728                TIM_ETR_SetConfig
 *fill*         0x000000000800373e        0x2 
 .text.HAL_TIM_ConfigClockSource
                0x0000000008003740      0x118 ./system/src/stm32l4xx/stm32l4xx_hal_tim.o
                0x0000000008003740                HAL_TIM_ConfigClockSource
 .text.HAL_TIMEx_MasterConfigSynchronization
                0x0000000008003858       0x50 ./system/src/stm32l4xx/stm32l4xx_hal_tim_ex.o
                0x0000000008003858                HAL_TIMEx_MasterConfigSynchronization
 .text.HAL_TIMEx_ConfigBreakDeadTime
                0x00000000080038a8       0x8c ./system/src/stm32l4xx/stm32l4xx_hal_tim_ex.o
                0x00000000080038a8                HAL_TIMEx_ConfigBreakDeadTime
 .text.HAL_TIMEx_CommutationCallback
                0x0000000008003934        0x2 ./system/src/stm32l4xx/stm32l4xx_hal_tim_ex.o
                0x0000000008003934                HAL_TIMEx_CommutationCallback
 .text.HAL_TIMEx_BreakCallback
                0x0000000008003936        0x2 ./system/src/stm32l4xx/stm32l4xx_hal_tim_ex.o
                0x0000000008003936                HAL_TIMEx_BreakCallback
 .text.UART_SetConfig
                0x0000000008003938      0x388 ./system/src/stm32l4xx/stm32l4xx_hal_uart.o
                0x0000000008003938                UART_SetConfig
 .text.UART_AdvFeatureConfig
                0x0000000008003cc0       0xca ./system/src/stm32l4xx/stm32l4xx_hal_uart.o
                0x0000000008003cc0                UART_AdvFeatureConfig
 .text.UART_WaitOnFlagUntilTimeout
                0x0000000008003d8a       0x62 ./system/src/stm32l4xx/stm32l4xx_hal_uart.o
                0x0000000008003d8a                UART_WaitOnFlagUntilTimeout
 .text.UART_CheckIdleState
                0x0000000008003dec       0x70 ./system/src/stm32l4xx/stm32l4xx_hal_uart.o
                0x0000000008003dec                UART_CheckIdleState
 .text.HAL_UART_Init
                0x0000000008003e5c       0x66 ./system/src/stm32l4xx/stm32l4xx_hal_uart.o
                0x0000000008003e5c                HAL_UART_Init
 .text._exit    0x0000000008003ec2        0x2 ./system/src/newlib/_exit.o
                0x0000000008003ec2                _exit
 .text._sbrk    0x0000000008003ec4       0x44 ./system/src/newlib/_sbrk.o
                0x0000000008003ec4                _sbrk
 .text.__initialize_args
                0x0000000008003f08       0x10 ./system/src/newlib/_syscalls.o
                0x0000000008003f08                __initialize_args
 .text.trace_printf
                0x0000000008003f18       0x30 ./system/src/diag/Trace.o
                0x0000000008003f18                trace_printf
 .text._trace_write_semihosting_debug
                0x0000000008003f48       0x60 ./system/src/diag/trace_impl.o
 .text.trace_write
                0x0000000008003fa8        0x8 ./system/src/diag/trace_impl.o
                0x0000000008003fa8                trace_write
 .text.__initialize_hardware_early
                0x0000000008003fb0       0x18 ./system/src/cortexm/_initialize_hardware.o
                0x0000000008003fb0                __initialize_hardware_early
 .text.__initialize_hardware
                0x0000000008003fc8        0x8 ./system/src/cortexm/_initialize_hardware.o
                0x0000000008003fc8                __initialize_hardware
 .text.dumpExceptionStack
                0x0000000008003fd0       0xf4 ./system/src/cortexm/exception_handlers.o
                0x0000000008003fd0                dumpExceptionStack
 .text.isSemihosting
                0x00000000080040c4       0x20 ./system/src/cortexm/exception_handlers.o
                0x00000000080040c4                isSemihosting
 .text.Default_Handler
                0x00000000080040e4        0x2 ./system/src/cmsis/startup_stm32l433xx.o
                0x00000000080040e4                TSC_IRQHandler
                0x00000000080040e4                EXTI3_IRQHandler
                0x00000000080040e4                LPTIM2_IRQHandler
                0x00000000080040e4                I2C3_ER_IRQHandler
                0x00000000080040e4                EXTI0_IRQHandler
                0x00000000080040e4                I2C2_EV_IRQHandler
                0x00000000080040e4                CAN1_RX0_IRQHandler
                0x00000000080040e4                FPU_IRQHandler
                0x00000000080040e4                SPI1_IRQHandler
                0x00000000080040e4                TIM6_DAC_IRQHandler
                0x00000000080040e4                DMA2_Channel2_IRQHandler
                0x00000000080040e4                DMA1_Channel4_IRQHandler
                0x00000000080040e4                USART3_IRQHandler
                0x00000000080040e4                DMA1_Channel7_IRQHandler
                0x00000000080040e4                CAN1_RX1_IRQHandler
                0x00000000080040e4                LCD_IRQHandler
                0x00000000080040e4                DMA2_Channel1_IRQHandler
                0x00000000080040e4                QUADSPI_IRQHandler
                0x00000000080040e4                I2C1_EV_IRQHandler
                0x00000000080040e4                DMA1_Channel6_IRQHandler
                0x00000000080040e4                DMA2_Channel4_IRQHandler
                0x00000000080040e4                RCC_IRQHandler
                0x00000000080040e4                Default_Handler
                0x00000000080040e4                DMA2_Channel7_IRQHandler
                0x00000000080040e4                TIM7_IRQHandler
                0x00000000080040e4                SDMMC1_IRQHandler
                0x00000000080040e4                I2C3_EV_IRQHandler
                0x00000000080040e4                USB_IRQHandler
                0x00000000080040e4                EXTI9_5_IRQHandler
                0x00000000080040e4                RTC_WKUP_IRQHandler
                0x00000000080040e4                PVD_PVM_IRQHandler
                0x00000000080040e4                SPI2_IRQHandler
                0x00000000080040e4                CAN1_TX_IRQHandler
                0x00000000080040e4                DMA2_Channel5_IRQHandler
                0x00000000080040e4                CRS_IRQHandler
                0x00000000080040e4                DMA1_Channel5_IRQHandler
                0x00000000080040e4                EXTI4_IRQHandler
                0x00000000080040e4                RNG_IRQHandler
                0x00000000080040e4                DMA1_Channel3_IRQHandler
                0x00000000080040e4                COMP_IRQHandler
                0x00000000080040e4                WWDG_IRQHandler
                0x00000000080040e4                LPUART1_IRQHandler
                0x00000000080040e4                DMA2_Channel6_IRQHandler
                0x00000000080040e4                USART2_IRQHandler
                0x00000000080040e4                I2C2_ER_IRQHandler
                0x00000000080040e4                DMA1_Channel2_IRQHandler
                0x00000000080040e4                CAN1_SCE_IRQHandler
                0x00000000080040e4                FLASH_IRQHandler
                0x00000000080040e4                USART1_IRQHandler
                0x00000000080040e4                SPI3_IRQHandler
                0x00000000080040e4                I2C1_ER_IRQHandler
                0x00000000080040e4                SWPMI1_IRQHandler
                0x00000000080040e4                LPTIM1_IRQHandler
                0x00000000080040e4                SAI1_IRQHandler
                0x00000000080040e4                DMA2_Channel3_IRQHandler
 *fill*         0x00000000080040e6        0x2 
 .text.SystemInit
                0x00000000080040e8       0x3c ./system/src/cmsis/system_stm32l4xx.o
                0x00000000080040e8                SystemInit
 .text.SystemCoreClockUpdate
                0x0000000008004124       0xd8 ./system/src/cmsis/system_stm32l4xx.o
                0x0000000008004124                SystemCoreClockUpdate
 .text.u8g_Delay
                0x00000000080041fc        0x8 ./src/u8g/u8g_arm.o
                0x00000000080041fc                u8g_Delay
 .text.u8g_MicroDelay
                0x0000000008004204        0xa ./src/u8g/u8g_arm.o
                0x0000000008004204                u8g_MicroDelay
 .text.u8g_10MicroDelay
                0x000000000800420e        0xa ./src/u8g/u8g_arm.o
                0x000000000800420e                u8g_10MicroDelay
 .text.u8g_com_hw_spi_fn
                0x0000000008004218       0xb4 ./src/u8g/u8g_arm.o
                0x0000000008004218                u8g_com_hw_spi_fn
 .text.u8g_IsBBXIntersection
                0x00000000080042cc       0x74 ./src/u8g/u8g_clip.o
                0x00000000080042cc                u8g_IsBBXIntersection
 .text.u8g_InitCom
                0x0000000008004340        0xc ./src/u8g/u8g_com_api.o
                0x0000000008004340                u8g_InitCom
 .text.u8g_SetChipSelect
                0x000000000800434c        0xc ./src/u8g/u8g_com_api.o
                0x000000000800434c                u8g_SetChipSelect
 .text.u8g_SetResetLow
                0x0000000008004358        0xe ./src/u8g/u8g_com_api.o
                0x0000000008004358                u8g_SetResetLow
 .text.u8g_SetResetHigh
                0x0000000008004366        0xe ./src/u8g/u8g_com_api.o
                0x0000000008004366                u8g_SetResetHigh
 .text.u8g_SetAddress
                0x0000000008004374        0xc ./src/u8g/u8g_com_api.o
                0x0000000008004374                u8g_SetAddress
 .text.u8g_WriteByte
                0x0000000008004380        0xc ./src/u8g/u8g_com_api.o
                0x0000000008004380                u8g_WriteByte
 .text.u8g_WriteSequence
                0x000000000800438c        0xa ./src/u8g/u8g_com_api.o
                0x000000000800438c                u8g_WriteSequence
 .text.u8g_WriteEscSeqP
                0x0000000008004396       0xc6 ./src/u8g/u8g_com_api.o
                0x0000000008004396                u8g_WriteEscSeqP
 .text.u8g_com_null_fn
                0x000000000800445c        0x4 ./src/u8g/u8g_com_null.o
                0x000000000800445c                u8g_com_null_fn
 .text.u8g_dev_dogs102_fn
                0x0000000008004460       0xbc ./src/u8g/u8g_dev_uc1701_dogs102.o
                0x0000000008004460                u8g_dev_dogs102_fn
 .text.u8g_font_get_byte
                0x000000000800451c        0x4 ./src/u8g/u8g_font.o
 .text.u8g_font_get_word
                0x0000000008004520        0xe ./src/u8g/u8g_font.o
 .text.u8g_font_GetFormat
                0x000000000800452e        0xa ./src/u8g/u8g_font.o
 .text.u8g_font_GetFontGlyphStructureSize
                0x0000000008004538       0x14 ./src/u8g/u8g_font.o
 .text.u8g_font_GetGlyphDataStart
                0x000000000800454c        0xc ./src/u8g/u8g_font.o
 .text.u8g_CopyGlyphDataToCache
                0x0000000008004558       0x54 ./src/u8g/u8g_font.o
 .text.u8g_FillEmptyGlyphCache
                0x00000000080045ac       0x10 ./src/u8g/u8g_font.o
 .text.u8g_font_calc_vref_font
                0x00000000080045bc        0x4 ./src/u8g/u8g_font.o
                0x00000000080045bc                u8g_font_calc_vref_font
 .text.u8g_font_GetEncoding65Pos
                0x00000000080045c0        0xa ./src/u8g/u8g_font.o
                0x00000000080045c0                u8g_font_GetEncoding65Pos
 .text.u8g_font_GetEncoding97Pos
                0x00000000080045ca        0xa ./src/u8g/u8g_font.o
                0x00000000080045ca                u8g_font_GetEncoding97Pos
 .text.u8g_font_GetFontStartEncoding
                0x00000000080045d4        0xa ./src/u8g/u8g_font.o
                0x00000000080045d4                u8g_font_GetFontStartEncoding
 .text.u8g_font_GetFontEndEncoding
                0x00000000080045de        0xa ./src/u8g/u8g_font.o
                0x00000000080045de                u8g_font_GetFontEndEncoding
 .text.u8g_GetGlyph
                0x00000000080045e8       0xa8 ./src/u8g/u8g_font.o
                0x00000000080045e8                u8g_GetGlyph
 .text.u8g_draw_glyph
                0x0000000008004690       0xb0 ./src/u8g/u8g_font.o
                0x0000000008004690                u8g_draw_glyph
 .text.u8g_DrawStr
                0x0000000008004740       0x3e ./src/u8g/u8g_font.o
                0x0000000008004740                u8g_DrawStr
 *fill*         0x000000000800477e        0x2 
 .text.u8g_SetFontPosBaseline
                0x0000000008004780        0xc ./src/u8g/u8g_font.o
                0x0000000008004780                u8g_SetFontPosBaseline
 .text.u8g_call_dev_fn
                0x000000000800478c        0x8 ./src/u8g/u8g_ll_api.o
                0x000000000800478c                u8g_call_dev_fn
 .text.u8g_InitLL
                0x0000000008004794       0x2a ./src/u8g/u8g_ll_api.o
                0x0000000008004794                u8g_InitLL
 .text.u8g_FirstPageLL
                0x00000000080047be       0x34 ./src/u8g/u8g_ll_api.o
                0x00000000080047be                u8g_FirstPageLL
 .text.u8g_NextPageLL
                0x00000000080047f2       0x3c ./src/u8g/u8g_ll_api.o
                0x00000000080047f2                u8g_NextPageLL
 .text.u8g_Draw8PixelLL
                0x000000000800482e       0x26 ./src/u8g/u8g_ll_api.o
                0x000000000800482e                u8g_Draw8PixelLL
 .text.u8g_GetWidthLL
                0x0000000008004854       0x18 ./src/u8g/u8g_ll_api.o
                0x0000000008004854                u8g_GetWidthLL
 .text.u8g_GetHeightLL
                0x000000000800486c       0x18 ./src/u8g/u8g_ll_api.o
                0x000000000800486c                u8g_GetHeightLL
 .text.u8g_GetModeLL
                0x0000000008004884        0xc ./src/u8g/u8g_ll_api.o
                0x0000000008004884                u8g_GetModeLL
 .text.u8g_UpdateDimension
                0x0000000008004890       0x30 ./src/u8g/u8g_ll_api.o
                0x0000000008004890                u8g_UpdateDimension
 .text.u8g_Begin
                0x00000000080048c0       0x1c ./src/u8g/u8g_ll_api.o
                0x00000000080048c0                u8g_Begin
 .text.u8g_FirstPage
                0x00000000080048dc        0xa ./src/u8g/u8g_ll_api.o
                0x00000000080048dc                u8g_FirstPage
 .text.u8g_NextPage
                0x00000000080048e6       0x14 ./src/u8g/u8g_ll_api.o
                0x00000000080048e6                u8g_NextPage
 .text.u8g_Draw8Pixel
                0x00000000080048fa       0x1c ./src/u8g/u8g_ll_api.o
                0x00000000080048fa                u8g_Draw8Pixel
 .text.u8g_SetColorIndex
                0x0000000008004916        0x6 ./src/u8g/u8g_ll_api.o
                0x0000000008004916                u8g_SetColorIndex
 .text.u8g_init_data
                0x000000000800491c       0x5c ./src/u8g/u8g_ll_api.o
 .text.u8g_InitComFn
                0x0000000008004978       0x2c ./src/u8g/u8g_ll_api.o
                0x0000000008004978                u8g_InitComFn
 .text.u8g_page_First
                0x00000000080049a4        0xe ./src/u8g/u8g_page.o
                0x00000000080049a4                u8g_page_First
 .text.u8g_page_Next
                0x00000000080049b2       0x2e ./src/u8g/u8g_page.o
                0x00000000080049b2                u8g_page_Next
 .text.u8g_pb_Clear
                0x00000000080049e0       0x14 ./src/u8g/u8g_pb.o
                0x00000000080049e0                u8g_pb_Clear
 .text.u8g_pb_IsYIntersection
                0x00000000080049f4       0x2c ./src/u8g/u8g_pb.o
                0x00000000080049f4                u8g_pb_IsYIntersection
 .text.u8g_pb_GetPageBox
                0x0000000008004a20       0x14 ./src/u8g/u8g_pb.o
                0x0000000008004a20                u8g_pb_GetPageBox
 .text.u8g_pb_Is8PixelVisible
                0x0000000008004a34       0x2a ./src/u8g/u8g_pb.o
                0x0000000008004a34                u8g_pb_Is8PixelVisible
 .text.u8g_pb_WriteBuffer
                0x0000000008004a5e       0x12 ./src/u8g/u8g_pb.o
                0x0000000008004a5e                u8g_pb_WriteBuffer
 .text.u8g_pb8v1_set_pixel
                0x0000000008004a70       0x28 ./src/u8g/u8g_pb8v1.o
                0x0000000008004a70                u8g_pb8v1_set_pixel
 .text.u8g_pb8v1_SetPixel
                0x0000000008004a98       0x26 ./src/u8g/u8g_pb8v1.o
                0x0000000008004a98                u8g_pb8v1_SetPixel
 .text.u8g_pb8v1_Set8PixelOpt2
                0x0000000008004abe       0x5e ./src/u8g/u8g_pb8v1.o
                0x0000000008004abe                u8g_pb8v1_Set8PixelOpt2
 .text.u8g_dev_pb8v1_base_fn
                0x0000000008004b1c       0xb0 ./src/u8g/u8g_pb8v1.o
                0x0000000008004b1c                u8g_dev_pb8v1_base_fn
 .text.u8g_state_dummy_cb
                0x0000000008004bcc        0x2 ./src/u8g/u8g_state.o
                0x0000000008004bcc                u8g_state_dummy_cb
 .text.initADC  0x0000000008004bce       0x2a ./src/ADC.o
                0x0000000008004bce                initADC
 .text.measureADC
                0x0000000008004bf8       0xf8 ./src/ADC.o
                0x0000000008004bf8                measureADC
 .text.changeStateOfGPIO
                0x0000000008004cf0       0x1a ./src/GPIO.o
                0x0000000008004cf0                changeStateOfGPIO
 .text.initGPIO
                0x0000000008004d0a        0x8 ./src/GPIO.o
                0x0000000008004d0a                initGPIO
 .text.readStateOfGPIO
                0x0000000008004d12       0x1a ./src/GPIO.o
                0x0000000008004d12                readStateOfGPIO
 .text.stop     0x0000000008004d2c        0x8 ./src/TMR.o
                0x0000000008004d2c                stop
 .text.start    0x0000000008004d34        0xe ./src/TMR.o
                0x0000000008004d34                start
 .text.tick     0x0000000008004d42       0x32 ./src/TMR.o
                0x0000000008004d42                tick
 .text.estimateRemaining_mAh_ByDeliveredEnergy
                0x0000000008004d74       0x1c ./src/cell.o
                0x0000000008004d74                estimateRemaining_mAh_ByDeliveredEnergy
 .text.estimateRemainingCapacityPercentByVoltage
                0x0000000008004d90       0x50 ./src/cell.o
                0x0000000008004d90                estimateRemainingCapacityPercentByVoltage
 .text.initCell
                0x0000000008004de0       0x4c ./src/cell.o
                0x0000000008004de0                initCell
 .text.initGPIOs
                0x0000000008004e2c      0x11c ./src/config.o
                0x0000000008004e2c                initGPIOs
 .text.initADCs
                0x0000000008004f48      0x100 ./src/config.o
                0x0000000008004f48                initADCs
 .text.initCells
                0x0000000008005048       0xac ./src/config.o
                0x0000000008005048                initCells
 .text.pressed_BTN1
                0x00000000080050f4        0x8 ./src/events.o
                0x00000000080050f4                pressed_BTN1
 .text.pressed_BTN2
                0x00000000080050fc        0x8 ./src/events.o
                0x00000000080050fc                pressed_BTN2
 .text.pressed_BTN3
                0x0000000008005104        0x8 ./src/events.o
                0x0000000008005104                pressed_BTN3
 .text.pressed_BTN1_AND_BTN2
                0x000000000800510c        0x8 ./src/events.o
                0x000000000800510c                pressed_BTN1_AND_BTN2
 .text.pressed_BTN1_AND_BTN3
                0x0000000008005114        0x8 ./src/events.o
                0x0000000008005114                pressed_BTN1_AND_BTN3
 .text.pressed_BTN2_AND_BTN3
                0x000000000800511c        0x8 ./src/events.o
                0x000000000800511c                pressed_BTN2_AND_BTN3
 .text.tickButtonsTimer
                0x0000000008005124       0x58 ./src/events.o
                0x0000000008005124                tickButtonsTimer
 .text.tickIntegralTimer
                0x000000000800517c       0x10 ./src/events.o
                0x000000000800517c                tickIntegralTimer
 .text.turnOnPowerbank
                0x000000000800518c       0x18 ./src/events.o
                0x000000000800518c                turnOnPowerbank
 .text.pressed_BTN1_AND_BTN2_AND_BTN3
                0x00000000080051a4        0x8 ./src/events.o
                0x00000000080051a4                pressed_BTN1_AND_BTN2_AND_BTN3
 .text.buttonChangeState
                0x00000000080051ac      0x1c8 ./src/events.o
                0x00000000080051ac                buttonChangeState
 .text.initLCD  0x0000000008005374       0x4c ./src/lcd.o
                0x0000000008005374                initLCD
 .text.toogleBacklight
                0x00000000080053c0       0x2c ./src/lcd.o
                0x00000000080053c0                toogleBacklight
 .text.printADCFloat
                0x00000000080053ec       0x40 ./src/lcd.o
                0x00000000080053ec                printADCFloat
 .text.printADCInt
                0x000000000800542c       0x40 ./src/lcd.o
                0x000000000800542c                printADCInt
 .text.writeCurrentOnLCD
                0x000000000800546c      0x118 ./src/lcd.o
                0x000000000800546c                writeCurrentOnLCD
 .text.writeAverageOnLCD
                0x0000000008005584      0x118 ./src/lcd.o
                0x0000000008005584                writeAverageOnLCD
 .text.writeMaxOnLCD
                0x000000000800569c      0x118 ./src/lcd.o
                0x000000000800569c                writeMaxOnLCD
 .text.writeMinOnLCD
                0x00000000080057b4      0x118 ./src/lcd.o
                0x00000000080057b4                writeMinOnLCD
 .text.writeCellsOnLCD
                0x00000000080058cc       0xa4 ./src/lcd.o
                0x00000000080058cc                writeCellsOnLCD
 .text.writeCellsCapacityOnLCD
                0x0000000008005970      0x1b4 ./src/lcd.o
                0x0000000008005970                writeCellsCapacityOnLCD
 .text.writeCapacityEstimatedTime
                0x0000000008005b24       0x18 ./src/lcd.o
                0x0000000008005b24                writeCapacityEstimatedTime
 .text.writeOnLCDByStatus
                0x0000000008005b3c       0x44 ./src/lcd.o
                0x0000000008005b3c                writeOnLCDByStatus
 .text.goRoundLCDstatus
                0x0000000008005b80       0x1c ./src/lcd.o
                0x0000000008005b80                goRoundLCDstatus
 .text.MX_GPIO_Init
                0x0000000008005b9c      0x110 ./src/main.o
 .text.MX_DMA_Init
                0x0000000008005cac       0x34 ./src/main.o
 .text.HAL_ADC_ConvCpltCallback
                0x0000000008005ce0       0x9c ./src/main.o
                0x0000000008005ce0                HAL_ADC_ConvCpltCallback
 .text.EXTI1_IRQHandler
                0x0000000008005d7c       0x28 ./src/main.o
                0x0000000008005d7c                EXTI1_IRQHandler
 .text.EXTI2_IRQHandler
                0x0000000008005da4       0x28 ./src/main.o
                0x0000000008005da4                EXTI2_IRQHandler
 .text.EXTI15_10_IRQHandler
                0x0000000008005dcc       0x2c ./src/main.o
                0x0000000008005dcc                EXTI15_10_IRQHandler
 .text.HAL_TIM_PeriodElapsedCallback
                0x0000000008005df8       0x24 ./src/main.o
                0x0000000008005df8                HAL_TIM_PeriodElapsedCallback
 .text._Error_Handler
                0x0000000008005e1c        0x2 ./src/main.o
                0x0000000008005e1c                _Error_Handler
 *fill*         0x0000000008005e1e        0x2 
 .text.MX_SPI2_Init
                0x0000000008005e20       0x54 ./src/main.o
 .text.MX_TIM16_Init
                0x0000000008005e74       0xa4 ./src/main.o
 .text.MX_USART3_UART_Init
                0x0000000008005f18       0x44 ./src/main.o
 .text.MX_ADC1_Init
                0x0000000008005f5c      0x1c8 ./src/main.o
 .text.MX_TIM1_Init
                0x0000000008006124       0x78 ./src/main.o
 .text.MX_TIM2_Init
                0x000000000800619c       0x70 ./src/main.o
 .text.MX_RTC_Init
                0x000000000800620c      0x120 ./src/main.o
 .text.SystemClock_Config
                0x000000000800632c       0xd8 ./src/main.o
                0x000000000800632c                SystemClock_Config
 .text.main     0x0000000008006404       0x90 ./src/main.o
                0x0000000008006404                main
 .text.changeOutVoltage
                0x0000000008006494       0xb0 ./src/power.o
                0x0000000008006494                changeOutVoltage
 .text.goRoundOutVoltage
                0x0000000008006544       0x24 ./src/power.o
                0x0000000008006544                goRoundOutVoltage
 .text.HAL_MspInit
                0x0000000008006568       0x90 ./src/stm32l4xx_hal_msp.o
                0x0000000008006568                HAL_MspInit
 .text.HAL_ADC_MspInit
                0x00000000080065f8       0xb0 ./src/stm32l4xx_hal_msp.o
                0x00000000080065f8                HAL_ADC_MspInit
 .text.HAL_RTC_MspInit
                0x00000000080066a8       0x44 ./src/stm32l4xx_hal_msp.o
                0x00000000080066a8                HAL_RTC_MspInit
 .text.HAL_SPI_MspInit
                0x00000000080066ec       0x50 ./src/stm32l4xx_hal_msp.o
                0x00000000080066ec                HAL_SPI_MspInit
 .text.HAL_TIM_Base_MspInit
                0x000000000800673c       0xd0 ./src/stm32l4xx_hal_msp.o
                0x000000000800673c                HAL_TIM_Base_MspInit
 .text.HAL_TIM_MspPostInit
                0x000000000800680c       0x38 ./src/stm32l4xx_hal_msp.o
                0x000000000800680c                HAL_TIM_MspPostInit
 .text.HAL_UART_MspInit
                0x0000000008006844       0x50 ./src/stm32l4xx_hal_msp.o
                0x0000000008006844                HAL_UART_MspInit
 .text.NMI_Handler
                0x0000000008006894        0x2 ./src/stm32l4xx_it.o
                0x0000000008006894                NMI_Handler
 .text.HardFault_Handler
                0x0000000008006896        0x2 ./src/stm32l4xx_it.o
                0x0000000008006896                HardFault_Handler
 .text.MemManage_Handler
                0x0000000008006898        0x2 ./src/stm32l4xx_it.o
                0x0000000008006898                MemManage_Handler
 .text.BusFault_Handler
                0x000000000800689a        0x2 ./src/stm32l4xx_it.o
                0x000000000800689a                BusFault_Handler
 .text.UsageFault_Handler
                0x000000000800689c        0x2 ./src/stm32l4xx_it.o
                0x000000000800689c                UsageFault_Handler
 .text.SVC_Handler
                0x000000000800689e        0x2 ./src/stm32l4xx_it.o
                0x000000000800689e                SVC_Handler
 .text.DebugMon_Handler
                0x00000000080068a0        0x2 ./src/stm32l4xx_it.o
                0x00000000080068a0                DebugMon_Handler
 .text.PendSV_Handler
                0x00000000080068a2        0x2 ./src/stm32l4xx_it.o
                0x00000000080068a2                PendSV_Handler
 .text.SysTick_Handler
                0x00000000080068a4        0xc ./src/stm32l4xx_it.o
                0x00000000080068a4                SysTick_Handler
 .text.TAMP_STAMP_IRQHandler
                0x00000000080068b0       0x10 ./src/stm32l4xx_it.o
                0x00000000080068b0                TAMP_STAMP_IRQHandler
 .text.DMA1_Channel1_IRQHandler
                0x00000000080068c0       0x10 ./src/stm32l4xx_it.o
                0x00000000080068c0                DMA1_Channel1_IRQHandler
 .text.ADC1_IRQHandler
                0x00000000080068d0       0x10 ./src/stm32l4xx_it.o
                0x00000000080068d0                ADC1_IRQHandler
 .text.TIM1_BRK_TIM15_IRQHandler
                0x00000000080068e0       0x10 ./src/stm32l4xx_it.o
                0x00000000080068e0                TIM1_BRK_TIM15_IRQHandler
 .text.TIM1_UP_TIM16_IRQHandler
                0x00000000080068f0       0x18 ./src/stm32l4xx_it.o
                0x00000000080068f0                TIM1_UP_TIM16_IRQHandler
 .text.TIM1_TRG_COM_IRQHandler
                0x0000000008006908       0x10 ./src/stm32l4xx_it.o
                0x0000000008006908                TIM1_TRG_COM_IRQHandler
 .text.TIM1_CC_IRQHandler
                0x0000000008006918       0x10 ./src/stm32l4xx_it.o
                0x0000000008006918                TIM1_CC_IRQHandler
 .text.TIM2_IRQHandler
                0x0000000008006928       0x10 ./src/stm32l4xx_it.o
                0x0000000008006928                TIM2_IRQHandler
 .text.RTC_Alarm_IRQHandler
                0x0000000008006938       0x10 ./src/stm32l4xx_it.o
                0x0000000008006938                RTC_Alarm_IRQHandler
 .text          0x0000000008006948      0x378 /home/obu/opt/gcc-arm-none-eabi-7-2017-q4-major/bin/../lib/gcc/arm-none-eabi/7.2.1/thumb/v7e-m/libgcc.a(_arm_addsubdf3.o)
                0x0000000008006948                __aeabi_drsub
                0x0000000008006950                __aeabi_dsub
                0x0000000008006950                __subdf3
                0x0000000008006954                __adddf3
                0x0000000008006954                __aeabi_dadd
                0x0000000008006bcc                __aeabi_ui2d
                0x0000000008006bcc                __floatunsidf
                0x0000000008006bec                __floatsidf
                0x0000000008006bec                __aeabi_i2d
                0x0000000008006c10                __extendsfdf2
                0x0000000008006c10                __aeabi_f2d
                0x0000000008006c54                __aeabi_ul2d
                0x0000000008006c54                __floatundidf
                0x0000000008006c64                __floatdidf
                0x0000000008006c64                __aeabi_l2d
 .text          0x0000000008006cc0      0x424 /home/obu/opt/gcc-arm-none-eabi-7-2017-q4-major/bin/../lib/gcc/arm-none-eabi/7.2.1/thumb/v7e-m/libgcc.a(_arm_muldivdf3.o)
                0x0000000008006cc0                __aeabi_dmul
                0x0000000008006cc0                __muldf3
                0x0000000008006f14                __aeabi_ddiv
                0x0000000008006f14                __divdf3
 .text          0x00000000080070e4       0xa0 /home/obu/opt/gcc-arm-none-eabi-7-2017-q4-major/bin/../lib/gcc/arm-none-eabi/7.2.1/thumb/v7e-m/libgcc.a(_arm_truncdfsf2.o)
                0x00000000080070e4                __aeabi_d2f
                0x00000000080070e4                __truncdfsf2
 .text          0x0000000008007184      0x21c /home/obu/opt/gcc-arm-none-eabi-7-2017-q4-major/bin/../lib/gcc/arm-none-eabi/7.2.1/thumb/v7e-m/libgcc.a(_arm_addsubsf3.o)
                0x0000000008007184                __aeabi_frsub
                0x000000000800718c                __subsf3
                0x000000000800718c                __aeabi_fsub
                0x0000000008007190                __aeabi_fadd
                0x0000000008007190                __addsf3
                0x00000000080072f0                __aeabi_ui2f
                0x00000000080072f0                __floatunsisf
                0x00000000080072f8                __aeabi_i2f
                0x00000000080072f8                __floatsisf
                0x0000000008007314                __floatundisf
                0x0000000008007314                __aeabi_ul2f
                0x0000000008007324                __floatdisf
                0x0000000008007324                __aeabi_l2f
 .text          0x00000000080073a0      0x2a0 /home/obu/opt/gcc-arm-none-eabi-7-2017-q4-major/bin/../lib/gcc/arm-none-eabi/7.2.1/thumb/v7e-m/libgcc.a(_arm_muldivsf3.o)
                0x00000000080073a0                __mulsf3
                0x00000000080073a0                __aeabi_fmul
                0x0000000008007508                __divsf3
                0x0000000008007508                __aeabi_fdiv
 .text          0x0000000008007640       0xec /home/obu/opt/gcc-arm-none-eabi-7-2017-q4-major/bin/../lib/gcc/arm-none-eabi/7.2.1/thumb/v7e-m/libgcc.a(_arm_cmpsf2.o)
                0x0000000008007640                __gtsf2
                0x0000000008007640                __gesf2
                0x0000000008007648                __lesf2
                0x0000000008007648                __ltsf2
                0x0000000008007650                __nesf2
                0x0000000008007650                __eqsf2
                0x0000000008007650                __cmpsf2
                0x00000000080076b0                __aeabi_cfrcmple
                0x00000000080076b8                __aeabi_cfcmple
                0x00000000080076b8                __aeabi_cfcmpeq
                0x00000000080076c8                __aeabi_fcmpeq
                0x00000000080076dc                __aeabi_fcmplt
                0x00000000080076f0                __aeabi_fcmple
                0x0000000008007704                __aeabi_fcmpge
                0x0000000008007718                __aeabi_fcmpgt
 .text          0x000000000800772c       0x30 /home/obu/opt/gcc-arm-none-eabi-7-2017-q4-major/bin/../lib/gcc/arm-none-eabi/7.2.1/thumb/v7e-m/libgcc.a(_aeabi_uldivmod.o)
                0x000000000800772c                __aeabi_uldivmod
 .text          0x000000000800775c      0x2cc /home/obu/opt/gcc-arm-none-eabi-7-2017-q4-major/bin/../lib/gcc/arm-none-eabi/7.2.1/thumb/v7e-m/libgcc.a(_udivmoddi4.o)
                0x000000000800775c                __udivmoddi4
 .text          0x0000000008007a28        0x4 /home/obu/opt/gcc-arm-none-eabi-7-2017-q4-major/bin/../lib/gcc/arm-none-eabi/7.2.1/thumb/v7e-m/libgcc.a(_dvmd_tls.o)
                0x0000000008007a28                __aeabi_ldiv0
                0x0000000008007a28                __aeabi_idiv0
 .text.__errno  0x0000000008007a2c        0xc /home/obu/opt/gcc-arm-none-eabi-7-2017-q4-major/bin/../lib/gcc/arm-none-eabi/7.2.1/../../../../arm-none-eabi/lib/thumb/v7e-m/libg_nano.a(lib_a-errno.o)
                0x0000000008007a2c                __errno
 .text.memcpy   0x0000000008007a38       0x16 /home/obu/opt/gcc-arm-none-eabi-7-2017-q4-major/bin/../lib/gcc/arm-none-eabi/7.2.1/../../../../arm-none-eabi/lib/thumb/v7e-m/libg_nano.a(lib_a-memcpy-stub.o)
                0x0000000008007a38                memcpy
 *fill*         0x0000000008007a4e        0x2 
 .text.sprintf  0x0000000008007a50       0x40 /home/obu/opt/gcc-arm-none-eabi-7-2017-q4-major/bin/../lib/gcc/arm-none-eabi/7.2.1/../../../../arm-none-eabi/lib/thumb/v7e-m/libg_nano.a(lib_a-sprintf.o)
                0x0000000008007a50                sprintf
                0x0000000008007a50                siprintf
 .text._vsnprintf_r
                0x0000000008007a90       0x58 /home/obu/opt/gcc-arm-none-eabi-7-2017-q4-major/bin/../lib/gcc/arm-none-eabi/7.2.1/../../../../arm-none-eabi/lib/thumb/v7e-m/libg_nano.a(lib_a-vsnprintf.o)
                0x0000000008007a90                _vsnprintf_r
                0x0000000008007a90                _vsniprintf_r
 .text.vsnprintf
                0x0000000008007ae8       0x1c /home/obu/opt/gcc-arm-none-eabi-7-2017-q4-major/bin/../lib/gcc/arm-none-eabi/7.2.1/../../../../arm-none-eabi/lib/thumb/v7e-m/libg_nano.a(lib_a-vsnprintf.o)
                0x0000000008007ae8                vsnprintf
                0x0000000008007ae8                vsniprintf
 .text.__ssputs_r
                0x0000000008007b04       0xb4 /home/obu/opt/gcc-arm-none-eabi-7-2017-q4-major/bin/../lib/gcc/arm-none-eabi/7.2.1/../../../../arm-none-eabi/lib/thumb/v7e-m/libg_nano.a(lib_a-nano-svfprintf.o)
                0x0000000008007b04                __ssputs_r
 .text._svfprintf_r
                0x0000000008007bb8      0x1ec /home/obu/opt/gcc-arm-none-eabi-7-2017-q4-major/bin/../lib/gcc/arm-none-eabi/7.2.1/../../../../arm-none-eabi/lib/thumb/v7e-m/libg_nano.a(lib_a-nano-svfprintf.o)
                0x0000000008007bb8                _svfprintf_r
                0x0000000008007bb8                _svfiprintf_r
 .text._printf_common
                0x0000000008007da4       0xea /home/obu/opt/gcc-arm-none-eabi-7-2017-q4-major/bin/../lib/gcc/arm-none-eabi/7.2.1/../../../../arm-none-eabi/lib/thumb/v7e-m/libg_nano.a(lib_a-nano-vfprintf_i.o)
                0x0000000008007da4                _printf_common
 *fill*         0x0000000008007e8e        0x2 
 .text._printf_i
                0x0000000008007e90      0x224 /home/obu/opt/gcc-arm-none-eabi-7-2017-q4-major/bin/../lib/gcc/arm-none-eabi/7.2.1/../../../../arm-none-eabi/lib/thumb/v7e-m/libg_nano.a(lib_a-nano-vfprintf_i.o)
                0x0000000008007e90                _printf_i
 *fill*         0x00000000080080b4        0xc 
 .text          0x00000000080080c0       0xa0 /home/obu/opt/gcc-arm-none-eabi-7-2017-q4-major/bin/../lib/gcc/arm-none-eabi/7.2.1/../../../../arm-none-eabi/lib/thumb/v7e-m/libg_nano.a(lib_a-memchr.o)
                0x00000000080080c0                memchr
 .text.memmove  0x0000000008008160       0x32 /home/obu/opt/gcc-arm-none-eabi-7-2017-q4-major/bin/../lib/gcc/arm-none-eabi/7.2.1/../../../../arm-none-eabi/lib/thumb/v7e-m/libg_nano.a(lib_a-memmove.o)
                0x0000000008008160                memmove
 *fill*         0x0000000008008192        0x2 
 .text._free_r  0x0000000008008194       0x9c /home/obu/opt/gcc-arm-none-eabi-7-2017-q4-major/bin/../lib/gcc/arm-none-eabi/7.2.1/../../../../arm-none-eabi/lib/thumb/v7e-m/libg_nano.a(lib_a-nano-freer.o)
                0x0000000008008194                _free_r
 .text._malloc_r
                0x0000000008008230       0xb4 /home/obu/opt/gcc-arm-none-eabi-7-2017-q4-major/bin/../lib/gcc/arm-none-eabi/7.2.1/../../../../arm-none-eabi/lib/thumb/v7e-m/libg_nano.a(lib_a-nano-mallocr.o)
                0x0000000008008230                _malloc_r
 .text._realloc_r
                0x00000000080082e4       0x4c /home/obu/opt/gcc-arm-none-eabi-7-2017-q4-major/bin/../lib/gcc/arm-none-eabi/7.2.1/../../../../arm-none-eabi/lib/thumb/v7e-m/libg_nano.a(lib_a-nano-reallocr.o)
                0x00000000080082e4                _realloc_r
 .text._sbrk_r  0x0000000008008330       0x20 /home/obu/opt/gcc-arm-none-eabi-7-2017-q4-major/bin/../lib/gcc/arm-none-eabi/7.2.1/../../../../arm-none-eabi/lib/thumb/v7e-m/libg_nano.a(lib_a-sbrkr.o)
                0x0000000008008330                _sbrk_r
 .text.__malloc_lock
                0x0000000008008350        0x2 /home/obu/opt/gcc-arm-none-eabi-7-2017-q4-major/bin/../lib/gcc/arm-none-eabi/7.2.1/../../../../arm-none-eabi/lib/thumb/v7e-m/libg_nano.a(lib_a-mlock.o)
                0x0000000008008350                __malloc_lock
 .text.__malloc_unlock
                0x0000000008008352        0x2 /home/obu/opt/gcc-arm-none-eabi-7-2017-q4-major/bin/../lib/gcc/arm-none-eabi/7.2.1/../../../../arm-none-eabi/lib/thumb/v7e-m/libg_nano.a(lib_a-mlock.o)
                0x0000000008008352                __malloc_unlock
 .text._malloc_usable_size_r
                0x0000000008008354       0x10 /home/obu/opt/gcc-arm-none-eabi-7-2017-q4-major/bin/../lib/gcc/arm-none-eabi/7.2.1/../../../../arm-none-eabi/lib/thumb/v7e-m/libg_nano.a(lib_a-nano-msizer.o)
                0x0000000008008354                _malloc_usable_size_r
 *(.rodata .rodata.* .constdata .constdata.*)
 .rodata.dumpExceptionStack.str1.4
                0x0000000008008364      0x11a ./system/src/cortexm/exception_handlers.o
 *fill*         0x000000000800847e        0x2 
 .rodata.str1.4
                0x0000000008008480       0x2a ./system/src/cortexm/exception_handlers.o
 *fill*         0x00000000080084aa        0x2 
 .rodata.AHBPrescTable
                0x00000000080084ac       0x10 ./system/src/cmsis/system_stm32l4xx.o
                0x00000000080084ac                AHBPrescTable
 .rodata.APBPrescTable
                0x00000000080084bc        0x8 ./system/src/cmsis/system_stm32l4xx.o
                0x00000000080084bc                APBPrescTable
 .rodata.MSIRangeTable
                0x00000000080084c4       0x30 ./system/src/cmsis/system_stm32l4xx.o
                0x00000000080084c4                MSIRangeTable
 .rodata.u8g_dev_dogs102_data_start
                0x00000000080084f4        0x8 ./src/u8g/u8g_dev_uc1701_dogs102.o
 .rodata.u8g_dev_dogs102_init_seq
                0x00000000080084fc       0x22 ./src/u8g/u8g_dev_uc1701_dogs102.o
 *fill*         0x000000000800851e        0x2 
 .rodata.u8g_font_6x10r
                0x0000000008008520      0x379 ./src/u8g/u8g_font_data.o
                0x0000000008008520                u8g_font_6x10r
 *fill*         0x0000000008008899        0x3 
 .rodata.initADCs.str1.4
                0x000000000800889c       0x2b ./src/config.o
 *fill*         0x00000000080088c7        0x1 
 .rodata.initCells.str1.4
                0x00000000080088c8       0x1f ./src/config.o
 *fill*         0x00000000080088e7        0x1 
 .rodata.printADCFloat.str1.4
                0x00000000080088e8        0xb ./src/lcd.o
 *fill*         0x00000000080088f3        0x1 
 .rodata.printADCInt.str1.4
                0x00000000080088f4        0x9 ./src/lcd.o
 *fill*         0x00000000080088fd        0x3 
 .rodata.writeCellsCapacityOnLCD.str1.4
                0x0000000008008900       0x2f ./src/lcd.o
 *fill*         0x000000000800892f        0x1 
 .rodata.MX_SPI2_Init.str1.4
                0x0000000008008930        0xe ./src/main.o
 *fill*         0x000000000800893e        0x2 
 .rodata.HAL_ADC_MspInit.str1.4
                0x0000000008008940       0x1c ./src/stm32l4xx_hal_msp.o
                                         0x1b (size before relaxing)
 .rodata._svfprintf_r.str1.1
                0x000000000800895c       0x11 /home/obu/opt/gcc-arm-none-eabi-7-2017-q4-major/bin/../lib/gcc/arm-none-eabi/7.2.1/../../../../arm-none-eabi/lib/thumb/v7e-m/libg_nano.a(lib_a-nano-svfprintf.o)
 .rodata._printf_i.str1.1
                0x000000000800896d       0x22 /home/obu/opt/gcc-arm-none-eabi-7-2017-q4-major/bin/../lib/gcc/arm-none-eabi/7.2.1/../../../../arm-none-eabi/lib/thumb/v7e-m/libg_nano.a(lib_a-nano-vfprintf_i.o)
 *(vtable)
 *(.eh_frame*)
 *(.glue_7)
 .glue_7        0x000000000800898f        0x0 linker stubs
 *(.glue_7t)
 .glue_7t       0x000000000800898f        0x0 linker stubs

.vfp11_veneer   0x0000000008008990        0x0
 .vfp11_veneer  0x0000000008008990        0x0 linker stubs

.v4_bx          0x0000000008008990        0x0
 .v4_bx         0x0000000008008990        0x0 linker stubs

.iplt           0x0000000008008990        0x0
 .iplt          0x0000000008008990        0x0 ./system/src/stm32l4xx/stm32l4xx_hal.o

.ARM.extab
 *(.ARM.extab* .gnu.linkonce.armextab.*)
                0x0000000008008990                . = ALIGN (0x4)
                0x0000000008008990                __exidx_start = .

.ARM.exidx      0x0000000008008990        0x8
 *(.ARM.exidx* .gnu.linkonce.armexidx.*)
 .ARM.exidx     0x0000000008008990        0x8 /home/obu/opt/gcc-arm-none-eabi-7-2017-q4-major/bin/../lib/gcc/arm-none-eabi/7.2.1/thumb/v7e-m/libgcc.a(_udivmoddi4.o)
                0x0000000008008998                __exidx_end = .

.rel.dyn        0x0000000008008998        0x0
 .rel.iplt      0x0000000008008998        0x0 ./system/src/stm32l4xx/stm32l4xx_hal.o
                0x0000000008008998                . = ALIGN (0x4)
                0x0000000008008998                _etext = .
                0x0000000008008998                __etext = .

.data_CCMRAM    0x0000000010000000        0x0 load address 0x0000000008008998
 FILL mask 0xff
 *(.data.CCMRAM .data.CCMRAM.*)
                0x0000000010000000                . = ALIGN (0x4)
                0x0000000008008998                _sidata = LOADADDR (.data)

.data           0x0000000020000000       0x90 load address 0x0000000008008998
 FILL mask 0xff
                0x0000000020000000                _sdata = .
                0x0000000020000000                __data_start__ = .
 *(.data_begin .data_begin.*)
 .data_begin    0x0000000020000000        0x4 ./system/src/newlib/_startup.o
 *(.data .data.*)
 .data.argv.4310
                0x0000000020000004        0x8 ./system/src/newlib/_syscalls.o
 .data.SystemCoreClock
                0x000000002000000c        0x4 ./system/src/cmsis/system_stm32l4xx.o
                0x000000002000000c                SystemCoreClock
 .data.u8g_dev_uc1701_dogs102_hw_spi
                0x0000000020000010        0xc ./src/u8g/u8g_dev_uc1701_dogs102.o
                0x0000000020000010                u8g_dev_uc1701_dogs102_hw_spi
 .data.u8g_dev_uc1701_dogs102_hw_spi_pb
                0x000000002000001c        0xc ./src/u8g/u8g_dev_uc1701_dogs102.o
                0x000000002000001c                u8g_dev_uc1701_dogs102_hw_spi_pb
 .data._impure_ptr
                0x0000000020000028        0x4 /home/obu/opt/gcc-arm-none-eabi-7-2017-q4-major/bin/../lib/gcc/arm-none-eabi/7.2.1/../../../../arm-none-eabi/lib/thumb/v7e-m/libg_nano.a(lib_a-impure.o)
                0x0000000020000028                _impure_ptr
 .data.impure_data
                0x000000002000002c       0x60 /home/obu/opt/gcc-arm-none-eabi-7-2017-q4-major/bin/../lib/gcc/arm-none-eabi/7.2.1/../../../../arm-none-eabi/lib/thumb/v7e-m/libg_nano.a(lib_a-impure.o)
 *(.data_end .data_end.*)
 .data_end      0x000000002000008c        0x4 ./system/src/newlib/_startup.o
                0x0000000020000090                . = ALIGN (0x4)
                0x0000000020000090                _edata = .
                0x0000000020000090                __data_end__ = .

.igot.plt       0x0000000020000090        0x0 load address 0x0000000008008a28
 .igot.plt      0x0000000020000090        0x0 ./system/src/stm32l4xx/stm32l4xx_hal.o

.bss_CCMRAM     0x0000000010000000        0x0
 *(.bss.CCMRAM .bss.CCMRAM.*)

.bss            0x0000000020000090      0x710
                0x0000000020000090                __bss_start__ = .
                0x0000000020000090                _sbss = .
 *(.bss_begin .bss_begin.*)
 .bss_begin     0x0000000020000090        0x4 ./system/src/newlib/_startup.o
 *(.bss .bss.*)
 .bss.current_heap_end.3961
                0x0000000020000094        0x4 ./system/src/newlib/_sbrk.o
 .bss.name.4309
                0x0000000020000098        0x1 ./system/src/newlib/_syscalls.o
 *fill*         0x0000000020000099        0x3 
 .bss.buf.5205  0x000000002000009c       0x80 ./system/src/diag/Trace.o
 .bss.u8g_dev_uc1701_dogs102_hw_spi_buf
                0x000000002000011c       0x66 ./src/u8g/u8g_dev_uc1701_dogs102.o
                0x000000002000011c                u8g_dev_uc1701_dogs102_hw_spi_buf
 *fill*         0x0000000020000182        0x2 
 .bss.__malloc_free_list
                0x0000000020000184        0x4 /home/obu/opt/gcc-arm-none-eabi-7-2017-q4-major/bin/../lib/gcc/arm-none-eabi/7.2.1/../../../../arm-none-eabi/lib/thumb/v7e-m/libg_nano.a(lib_a-nano-mallocr.o)
                0x0000000020000184                __malloc_free_list
 .bss.__malloc_sbrk_start
                0x0000000020000188        0x4 /home/obu/opt/gcc-arm-none-eabi-7-2017-q4-major/bin/../lib/gcc/arm-none-eabi/7.2.1/../../../../arm-none-eabi/lib/thumb/v7e-m/libg_nano.a(lib_a-nano-mallocr.o)
                0x0000000020000188                __malloc_sbrk_start
 *(COMMON)
 COMMON         0x000000002000018c        0x4 ./system/src/stm32l4xx/stm32l4xx_hal.o
                0x000000002000018c                uwTick
 COMMON         0x0000000020000190        0x4 ./system/src/newlib/_syscalls.o
                0x0000000020000190                errno
 COMMON         0x0000000020000194      0x320 ./src/u8g/u8g_arm.o
                0x0000000020000194                BTN_1
                0x00000000200001a0                integralTimer
                0x00000000200001ac                currentDischarge
                0x00000000200001d0                CHRG_nICL
                0x00000000200001dc                CHRG_nSHDN
                0x00000000200001e8                voltageBat
                0x000000002000020c                btn2Timer
                0x0000000020000218                voltageCell2P
                0x000000002000023c                LCD_RST
                0x0000000020000248                voltageCell1P
                0x000000002000026c                voltageCell4P
                0x0000000020000290                idleTimer
                0x000000002000029c                btn3Timer
                0x00000000200002a8                FET_BuckConv_5V
                0x00000000200002b4                voltageAdapter
                0x00000000200002d8                FET_BuckConv_12V
                0x00000000200002e4                LCD_BL
                0x00000000200002f0                FET_Charger_CurrentMode
                0x00000000200002fc                cell1
                0x000000002000031c                FET_BuckConv_9V
                0x0000000020000328                BTN_2
                0x0000000020000334                Vrefint
                0x0000000020000358                cell2
                0x0000000020000378                tempMCU
                0x000000002000039c                tempCell
                0x00000000200003c0                tempBalancer
                0x00000000200003e4                FET_BuckConv_EN
                0x00000000200003f0                voltageCell3P
                0x0000000020000414                cell3
                0x0000000020000434                cell4
                0x0000000020000454                FET_HoldOn
                0x0000000020000460                btn1Timer
                0x000000002000046c                BTN_3
                0x0000000020000478                currentCharge
                0x000000002000049c                LCD_CS
                0x00000000200004a8                LCD_CD
 COMMON         0x00000000200004b4       0x57 ./src/lcd.o
                0x00000000200004b4                lcd
                0x0000000020000500                tmpForSprintf
                0x000000002000050a                lcdStatus
 *fill*         0x000000002000050b        0x1 
 COMMON         0x000000002000050c      0x28c ./src/main.o
                0x000000002000050c                hspi2
                0x0000000020000570                huart3
                0x00000000200005e0                hadc1
                0x0000000020000648                hdma_adc1
                0x0000000020000690                hrtc
                0x00000000200006b4                htim1
                0x00000000200006f0                collectorADC
                0x0000000020000720                htim2
                0x000000002000075c                htim16
 COMMON         0x0000000020000798        0x2 ./src/power.o
                0x0000000020000798                outVoltageStatus
                0x0000000020000799                chargerCurrentStatus
 *(.bss_end .bss_end.*)
 *fill*         0x000000002000079a        0x2 
 .bss_end       0x000000002000079c        0x4 ./system/src/newlib/_startup.o
                0x00000000200007a0                . = ALIGN (0x4)
                0x00000000200007a0                __bss_end__ = .
                0x00000000200007a0                _ebss = .

.noinit_CCMRAM
 *(.noinit.CCMRAM .noinit.CCMRAM.*)

.noinit         0x00000000200007a0        0x0
                0x00000000200007a0                _noinit = .
 *(.noinit .noinit.*)
                0x00000000200007a0                . = ALIGN (0x4)
                0x00000000200007a0                _end_noinit = .
                [!provide]                        PROVIDE (end, _end_noinit)
                [!provide]                        PROVIDE (_end, _end_noinit)
                [!provide]                        PROVIDE (__end, _end_noinit)
                [!provide]                        PROVIDE (__end__, _end_noinit)

._check_stack   0x00000000200007a0      0x100
                0x00000000200008a0                . = (. + _Minimum_Stack_Size)
 *fill*         0x00000000200007a0      0x100 

.b1text
 *(.b1text)
 *(.b1rodata)
 *(.b1rodata.*)

.eb0text
 *(.eb0text)
 *(.eb0rodata)
 *(.eb0rodata.*)

.eb1text
 *(.eb1text)
 *(.eb1rodata)
 *(.eb1rodata.*)

.eb2text
 *(.eb2text)
 *(.eb2rodata)
 *(.eb2rodata.*)

.eb3text
 *(.eb3text)
 *(.eb3rodata)
 *(.eb3rodata.*)

.stab
 *(.stab)

.stabstr
 *(.stabstr)

.stab.excl
 *(.stab.excl)

.stab.exclstr
 *(.stab.exclstr)

.stab.index
 *(.stab.index)

.stab.indexstr
 *(.stab.indexstr)

.comment        0x0000000000000000       0x7e
 *(.comment)
 .comment       0x0000000000000000       0x7e ./system/src/stm32l4xx/stm32l4xx_hal.o
                                         0x7f (size before relaxing)
 .comment       0x000000000000007e       0x7f ./system/src/stm32l4xx/stm32l4xx_hal_adc.o
 .comment       0x000000000000007e       0x7f ./system/src/stm32l4xx/stm32l4xx_hal_adc_ex.o
 .comment       0x000000000000007e       0x7f ./system/src/stm32l4xx/stm32l4xx_hal_cortex.o
 .comment       0x000000000000007e       0x7f ./system/src/stm32l4xx/stm32l4xx_hal_dma.o
 .comment       0x000000000000007e       0x7f ./system/src/stm32l4xx/stm32l4xx_hal_gpio.o
 .comment       0x000000000000007e       0x7f ./system/src/stm32l4xx/stm32l4xx_hal_pwr_ex.o
 .comment       0x000000000000007e       0x7f ./system/src/stm32l4xx/stm32l4xx_hal_rcc.o
 .comment       0x000000000000007e       0x7f ./system/src/stm32l4xx/stm32l4xx_hal_rcc_ex.o
 .comment       0x000000000000007e       0x7f ./system/src/stm32l4xx/stm32l4xx_hal_rtc.o
 .comment       0x000000000000007e       0x7f ./system/src/stm32l4xx/stm32l4xx_hal_rtc_ex.o
 .comment       0x000000000000007e       0x7f ./system/src/stm32l4xx/stm32l4xx_hal_spi.o
 .comment       0x000000000000007e       0x7f ./system/src/stm32l4xx/stm32l4xx_hal_tim.o
 .comment       0x000000000000007e       0x7f ./system/src/stm32l4xx/stm32l4xx_hal_tim_ex.o
 .comment       0x000000000000007e       0x7f ./system/src/stm32l4xx/stm32l4xx_hal_uart.o
 .comment       0x000000000000007e       0x7f ./system/src/newlib/_exit.o
 .comment       0x000000000000007e       0x7f ./system/src/newlib/_sbrk.o
 .comment       0x000000000000007e       0x7f ./system/src/newlib/_startup.o
 .comment       0x000000000000007e       0x7f ./system/src/newlib/_syscalls.o
 .comment       0x000000000000007e       0x7f ./system/src/diag/Trace.o
 .comment       0x000000000000007e       0x7f ./system/src/diag/trace_impl.o
 .comment       0x000000000000007e       0x7f ./system/src/cortexm/_initialize_hardware.o
 .comment       0x000000000000007e       0x7f ./system/src/cortexm/exception_handlers.o
 .comment       0x000000000000007e       0x7f ./system/src/cmsis/system_stm32l4xx.o
 .comment       0x000000000000007e       0x7f ./src/u8g/u8g_arm.o
 .comment       0x000000000000007e       0x7f ./src/u8g/u8g_clip.o
 .comment       0x000000000000007e       0x7f ./src/u8g/u8g_com_api.o
 .comment       0x000000000000007e       0x7f ./src/u8g/u8g_com_null.o
 .comment       0x000000000000007e       0x7f ./src/u8g/u8g_dev_uc1701_dogs102.o
 .comment       0x000000000000007e       0x7f ./src/u8g/u8g_font.o
 .comment       0x000000000000007e       0x7f ./src/u8g/u8g_font_data.o
 .comment       0x000000000000007e       0x7f ./src/u8g/u8g_ll_api.o
 .comment       0x000000000000007e       0x7f ./src/u8g/u8g_page.o
 .comment       0x000000000000007e       0x7f ./src/u8g/u8g_pb.o
 .comment       0x000000000000007e       0x7f ./src/u8g/u8g_pb8v1.o
 .comment       0x000000000000007e       0x7f ./src/u8g/u8g_state.o
 .comment       0x000000000000007e       0x7f ./src/ADC.o
 .comment       0x000000000000007e       0x7f ./src/GPIO.o
 .comment       0x000000000000007e       0x7f ./src/TMR.o
 .comment       0x000000000000007e       0x7f ./src/cell.o
 .comment       0x000000000000007e       0x7f ./src/config.o
 .comment       0x000000000000007e       0x7f ./src/events.o
 .comment       0x000000000000007e       0x7f ./src/lcd.o
 .comment       0x000000000000007e       0x7f ./src/main.o
 .comment       0x000000000000007e       0x7f ./src/power.o
 .comment       0x000000000000007e       0x7f ./src/stm32l4xx_hal_msp.o
 .comment       0x000000000000007e       0x7f ./src/stm32l4xx_it.o

.ARM.attributes
                0x0000000000000000       0x31
 .ARM.attributes
                0x0000000000000000       0x33 ./system/src/stm32l4xx/stm32l4xx_hal.o
 .ARM.attributes
                0x0000000000000033       0x33 ./system/src/stm32l4xx/stm32l4xx_hal_adc.o
 .ARM.attributes
                0x0000000000000066       0x33 ./system/src/stm32l4xx/stm32l4xx_hal_adc_ex.o
 .ARM.attributes
                0x0000000000000099       0x33 ./system/src/stm32l4xx/stm32l4xx_hal_cortex.o
 .ARM.attributes
                0x00000000000000cc       0x33 ./system/src/stm32l4xx/stm32l4xx_hal_dma.o
 .ARM.attributes
                0x00000000000000ff       0x33 ./system/src/stm32l4xx/stm32l4xx_hal_gpio.o
 .ARM.attributes
                0x0000000000000132       0x33 ./system/src/stm32l4xx/stm32l4xx_hal_pwr_ex.o
 .ARM.attributes
                0x0000000000000165       0x33 ./system/src/stm32l4xx/stm32l4xx_hal_rcc.o
 .ARM.attributes
                0x0000000000000198       0x33 ./system/src/stm32l4xx/stm32l4xx_hal_rcc_ex.o
 .ARM.attributes
                0x00000000000001cb       0x33 ./system/src/stm32l4xx/stm32l4xx_hal_rtc.o
 .ARM.attributes
                0x00000000000001fe       0x33 ./system/src/stm32l4xx/stm32l4xx_hal_rtc_ex.o
 .ARM.attributes
                0x0000000000000231       0x33 ./system/src/stm32l4xx/stm32l4xx_hal_spi.o
 .ARM.attributes
                0x0000000000000264       0x33 ./system/src/stm32l4xx/stm32l4xx_hal_tim.o
 .ARM.attributes
                0x0000000000000297       0x33 ./system/src/stm32l4xx/stm32l4xx_hal_tim_ex.o
 .ARM.attributes
                0x00000000000002ca       0x33 ./system/src/stm32l4xx/stm32l4xx_hal_uart.o
 .ARM.attributes
                0x00000000000002fd       0x33 ./system/src/newlib/_exit.o
 .ARM.attributes
                0x0000000000000330       0x33 ./system/src/newlib/_sbrk.o
 .ARM.attributes
                0x0000000000000363       0x33 ./system/src/newlib/_startup.o
 .ARM.attributes
                0x0000000000000396       0x33 ./system/src/newlib/_syscalls.o
 .ARM.attributes
                0x00000000000003c9       0x33 ./system/src/diag/Trace.o
 .ARM.attributes
                0x00000000000003fc       0x33 ./system/src/diag/trace_impl.o
 .ARM.attributes
                0x000000000000042f       0x33 ./system/src/cortexm/_initialize_hardware.o
 .ARM.attributes
                0x0000000000000462       0x33 ./system/src/cortexm/exception_handlers.o
 .ARM.attributes
                0x0000000000000495       0x21 ./system/src/cmsis/startup_stm32l433xx.o
 .ARM.attributes
                0x00000000000004b6       0x33 ./system/src/cmsis/system_stm32l4xx.o
 .ARM.attributes
                0x00000000000004e9       0x33 ./src/u8g/u8g_arm.o
 .ARM.attributes
                0x000000000000051c       0x33 ./src/u8g/u8g_clip.o
 .ARM.attributes
                0x000000000000054f       0x33 ./src/u8g/u8g_com_api.o
 .ARM.attributes
                0x0000000000000582       0x33 ./src/u8g/u8g_com_null.o
 .ARM.attributes
                0x00000000000005b5       0x33 ./src/u8g/u8g_dev_uc1701_dogs102.o
 .ARM.attributes
                0x00000000000005e8       0x33 ./src/u8g/u8g_font.o
 .ARM.attributes
                0x000000000000061b       0x33 ./src/u8g/u8g_font_data.o
 .ARM.attributes
                0x000000000000064e       0x33 ./src/u8g/u8g_ll_api.o
 .ARM.attributes
                0x0000000000000681       0x33 ./src/u8g/u8g_page.o
 .ARM.attributes
                0x00000000000006b4       0x33 ./src/u8g/u8g_pb.o
 .ARM.attributes
                0x00000000000006e7       0x33 ./src/u8g/u8g_pb8v1.o
 .ARM.attributes
                0x000000000000071a       0x33 ./src/u8g/u8g_state.o
 .ARM.attributes
                0x000000000000074d       0x33 ./src/ADC.o
 .ARM.attributes
                0x0000000000000780       0x33 ./src/GPIO.o
 .ARM.attributes
                0x00000000000007b3       0x33 ./src/TMR.o
 .ARM.attributes
                0x00000000000007e6       0x33 ./src/cell.o
 .ARM.attributes
                0x0000000000000819       0x33 ./src/config.o
 .ARM.attributes
                0x000000000000084c       0x33 ./src/events.o
 .ARM.attributes
                0x000000000000087f       0x33 ./src/lcd.o
 .ARM.attributes
                0x00000000000008b2       0x33 ./src/main.o
 .ARM.attributes
                0x00000000000008e5       0x33 ./src/power.o
 .ARM.attributes
                0x0000000000000918       0x33 ./src/stm32l4xx_hal_msp.o
 .ARM.attributes
                0x000000000000094b       0x33 ./src/stm32l4xx_it.o
 .ARM.attributes
                0x000000000000097e       0x1e /home/obu/opt/gcc-arm-none-eabi-7-2017-q4-major/bin/../lib/gcc/arm-none-eabi/7.2.1/thumb/v7e-m/libgcc.a(_arm_addsubdf3.o)
 .ARM.attributes
                0x000000000000099c       0x1e /home/obu/opt/gcc-arm-none-eabi-7-2017-q4-major/bin/../lib/gcc/arm-none-eabi/7.2.1/thumb/v7e-m/libgcc.a(_arm_muldivdf3.o)
 .ARM.attributes
                0x00000000000009ba       0x1e /home/obu/opt/gcc-arm-none-eabi-7-2017-q4-major/bin/../lib/gcc/arm-none-eabi/7.2.1/thumb/v7e-m/libgcc.a(_arm_truncdfsf2.o)
 .ARM.attributes
                0x00000000000009d8       0x1e /home/obu/opt/gcc-arm-none-eabi-7-2017-q4-major/bin/../lib/gcc/arm-none-eabi/7.2.1/thumb/v7e-m/libgcc.a(_arm_addsubsf3.o)
 .ARM.attributes
                0x00000000000009f6       0x1e /home/obu/opt/gcc-arm-none-eabi-7-2017-q4-major/bin/../lib/gcc/arm-none-eabi/7.2.1/thumb/v7e-m/libgcc.a(_arm_muldivsf3.o)
 .ARM.attributes
                0x0000000000000a14       0x1e /home/obu/opt/gcc-arm-none-eabi-7-2017-q4-major/bin/../lib/gcc/arm-none-eabi/7.2.1/thumb/v7e-m/libgcc.a(_arm_cmpsf2.o)
 .ARM.attributes
                0x0000000000000a32       0x1e /home/obu/opt/gcc-arm-none-eabi-7-2017-q4-major/bin/../lib/gcc/arm-none-eabi/7.2.1/thumb/v7e-m/libgcc.a(_aeabi_uldivmod.o)
 .ARM.attributes
                0x0000000000000a50       0x2e /home/obu/opt/gcc-arm-none-eabi-7-2017-q4-major/bin/../lib/gcc/arm-none-eabi/7.2.1/thumb/v7e-m/libgcc.a(_udivmoddi4.o)
 .ARM.attributes
                0x0000000000000a7e       0x1e /home/obu/opt/gcc-arm-none-eabi-7-2017-q4-major/bin/../lib/gcc/arm-none-eabi/7.2.1/thumb/v7e-m/libgcc.a(_dvmd_tls.o)
 .ARM.attributes
                0x0000000000000a9c       0x2e /home/obu/opt/gcc-arm-none-eabi-7-2017-q4-major/bin/../lib/gcc/arm-none-eabi/7.2.1/../../../../arm-none-eabi/lib/thumb/v7e-m/libg_nano.a(lib_a-errno.o)
 .ARM.attributes
                0x0000000000000aca       0x2e /home/obu/opt/gcc-arm-none-eabi-7-2017-q4-major/bin/../lib/gcc/arm-none-eabi/7.2.1/../../../../arm-none-eabi/lib/thumb/v7e-m/libg_nano.a(lib_a-impure.o)
 .ARM.attributes
                0x0000000000000af8       0x2e /home/obu/opt/gcc-arm-none-eabi-7-2017-q4-major/bin/../lib/gcc/arm-none-eabi/7.2.1/../../../../arm-none-eabi/lib/thumb/v7e-m/libg_nano.a(lib_a-memcpy-stub.o)
 .ARM.attributes
                0x0000000000000b26       0x2e /home/obu/opt/gcc-arm-none-eabi-7-2017-q4-major/bin/../lib/gcc/arm-none-eabi/7.2.1/../../../../arm-none-eabi/lib/thumb/v7e-m/libg_nano.a(lib_a-sprintf.o)
 .ARM.attributes
                0x0000000000000b54       0x2e /home/obu/opt/gcc-arm-none-eabi-7-2017-q4-major/bin/../lib/gcc/arm-none-eabi/7.2.1/../../../../arm-none-eabi/lib/thumb/v7e-m/libg_nano.a(lib_a-vsnprintf.o)
 .ARM.attributes
                0x0000000000000b82       0x2e /home/obu/opt/gcc-arm-none-eabi-7-2017-q4-major/bin/../lib/gcc/arm-none-eabi/7.2.1/../../../../arm-none-eabi/lib/thumb/v7e-m/libg_nano.a(lib_a-nano-svfprintf.o)
 .ARM.attributes
                0x0000000000000bb0       0x2e /home/obu/opt/gcc-arm-none-eabi-7-2017-q4-major/bin/../lib/gcc/arm-none-eabi/7.2.1/../../../../arm-none-eabi/lib/thumb/v7e-m/libg_nano.a(lib_a-nano-vfprintf_i.o)
 .ARM.attributes
                0x0000000000000bde       0x1c /home/obu/opt/gcc-arm-none-eabi-7-2017-q4-major/bin/../lib/gcc/arm-none-eabi/7.2.1/../../../../arm-none-eabi/lib/thumb/v7e-m/libg_nano.a(lib_a-memchr.o)
 .ARM.attributes
                0x0000000000000bfa       0x2e /home/obu/opt/gcc-arm-none-eabi-7-2017-q4-major/bin/../lib/gcc/arm-none-eabi/7.2.1/../../../../arm-none-eabi/lib/thumb/v7e-m/libg_nano.a(lib_a-memmove.o)
 .ARM.attributes
                0x0000000000000c28       0x2e /home/obu/opt/gcc-arm-none-eabi-7-2017-q4-major/bin/../lib/gcc/arm-none-eabi/7.2.1/../../../../arm-none-eabi/lib/thumb/v7e-m/libg_nano.a(lib_a-nano-freer.o)
 .ARM.attributes
                0x0000000000000c56       0x2e /home/obu/opt/gcc-arm-none-eabi-7-2017-q4-major/bin/../lib/gcc/arm-none-eabi/7.2.1/../../../../arm-none-eabi/lib/thumb/v7e-m/libg_nano.a(lib_a-nano-mallocr.o)
 .ARM.attributes
                0x0000000000000c84       0x2e /home/obu/opt/gcc-arm-none-eabi-7-2017-q4-major/bin/../lib/gcc/arm-none-eabi/7.2.1/../../../../arm-none-eabi/lib/thumb/v7e-m/libg_nano.a(lib_a-nano-reallocr.o)
 .ARM.attributes
                0x0000000000000cb2       0x2e /home/obu/opt/gcc-arm-none-eabi-7-2017-q4-major/bin/../lib/gcc/arm-none-eabi/7.2.1/../../../../arm-none-eabi/lib/thumb/v7e-m/libg_nano.a(lib_a-sbrkr.o)
 .ARM.attributes
                0x0000000000000ce0       0x2e /home/obu/opt/gcc-arm-none-eabi-7-2017-q4-major/bin/../lib/gcc/arm-none-eabi/7.2.1/../../../../arm-none-eabi/lib/thumb/v7e-m/libg_nano.a(lib_a-mlock.o)
 .ARM.attributes
                0x0000000000000d0e       0x2e /home/obu/opt/gcc-arm-none-eabi-7-2017-q4-major/bin/../lib/gcc/arm-none-eabi/7.2.1/../../../../arm-none-eabi/lib/thumb/v7e-m/libg_nano.a(lib_a-nano-msizer.o)

.debug
 *(.debug)

.line
 *(.line)

.debug_srcinfo
 *(.debug_srcinfo)

.debug_sfnames
 *(.debug_sfnames)

.debug_aranges  0x0000000000000000     0x1e50
 *(.debug_aranges)
 .debug_aranges
                0x0000000000000000      0x118 ./system/src/stm32l4xx/stm32l4xx_hal.o
 .debug_aranges
                0x0000000000000118       0xf8 ./system/src/stm32l4xx/stm32l4xx_hal_adc.o
 .debug_aranges
                0x0000000000000210       0xc8 ./system/src/stm32l4xx/stm32l4xx_hal_adc_ex.o
 .debug_aranges
                0x00000000000002d8       0x98 ./system/src/stm32l4xx/stm32l4xx_hal_cortex.o
 .debug_aranges
                0x0000000000000370       0x80 ./system/src/stm32l4xx/stm32l4xx_hal_dma.o
 .debug_aranges
                0x00000000000003f0       0x58 ./system/src/stm32l4xx/stm32l4xx_hal_gpio.o
 .debug_aranges
                0x0000000000000448      0x120 ./system/src/stm32l4xx/stm32l4xx_hal_pwr_ex.o
 .debug_aranges
                0x0000000000000568       0x88 ./system/src/stm32l4xx/stm32l4xx_hal_rcc.o
 .debug_aranges
                0x00000000000005f0       0xe8 ./system/src/stm32l4xx/stm32l4xx_hal_rcc_ex.o
 .debug_aranges
                0x00000000000006d8       0xb8 ./system/src/stm32l4xx/stm32l4xx_hal_rtc.o
 .debug_aranges
                0x0000000000000790      0x140 ./system/src/stm32l4xx/stm32l4xx_hal_rtc_ex.o
 .debug_aranges
                0x00000000000008d0      0x1d8 ./system/src/stm32l4xx/stm32l4xx_hal_spi.o
 .debug_aranges
                0x0000000000000aa8      0x378 ./system/src/stm32l4xx/stm32l4xx_hal_tim.o
 .debug_aranges
                0x0000000000000e20      0x150 ./system/src/stm32l4xx/stm32l4xx_hal_tim_ex.o
 .debug_aranges
                0x0000000000000f70      0x1e8 ./system/src/stm32l4xx/stm32l4xx_hal_uart.o
 .debug_aranges
                0x0000000000001158       0x28 ./system/src/newlib/_exit.o
 .debug_aranges
                0x0000000000001180       0x20 ./system/src/newlib/_sbrk.o
 .debug_aranges
                0x00000000000011a0       0x40 ./system/src/newlib/_startup.o
 .debug_aranges
                0x00000000000011e0       0x30 ./system/src/newlib/_syscalls.o
 .debug_aranges
                0x0000000000001210       0x38 ./system/src/diag/Trace.o
 .debug_aranges
                0x0000000000001248       0x30 ./system/src/diag/trace_impl.o
 .debug_aranges
                0x0000000000001278       0x28 ./system/src/cortexm/_initialize_hardware.o
 .debug_aranges
                0x00000000000012a0       0x90 ./system/src/cortexm/exception_handlers.o
 .debug_aranges
                0x0000000000001330       0x28 ./system/src/cmsis/startup_stm32l433xx.o
 .debug_aranges
                0x0000000000001358       0x28 ./system/src/cmsis/system_stm32l4xx.o
 .debug_aranges