Archive member included to satisfy reference by file (symbol)

/home/obu/opt/gcc-arm-none-eabi-7-2017-q4-major/bin/../lib/gcc/arm-none-eabi/7.2.1/thumb/v7e-m/libgcc.a(_aeabi_uldivmod.o)
                              ./system/src/stm32l4xx/stm32l4xx_hal_uart.o (__aeabi_uldivmod)
/home/obu/opt/gcc-arm-none-eabi-7-2017-q4-major/bin/../lib/gcc/arm-none-eabi/7.2.1/thumb/v7e-m/libgcc.a(_udivmoddi4.o)
                              /home/obu/opt/gcc-arm-none-eabi-7-2017-q4-major/bin/../lib/gcc/arm-none-eabi/7.2.1/thumb/v7e-m/libgcc.a(_aeabi_uldivmod.o) (__udivmoddi4)
/home/obu/opt/gcc-arm-none-eabi-7-2017-q4-major/bin/../lib/gcc/arm-none-eabi/7.2.1/thumb/v7e-m/libgcc.a(unwind-arm.o)
                              ./system/src/newlib/_cxx.o (__aeabi_unwind_cpp_pr1)
/home/obu/opt/gcc-arm-none-eabi-7-2017-q4-major/bin/../lib/gcc/arm-none-eabi/7.2.1/thumb/v7e-m/libgcc.a(libunwind.o)
                              /home/obu/opt/gcc-arm-none-eabi-7-2017-q4-major/bin/../lib/gcc/arm-none-eabi/7.2.1/thumb/v7e-m/libgcc.a(unwind-arm.o) (restore_core_regs)
/home/obu/opt/gcc-arm-none-eabi-7-2017-q4-major/bin/../lib/gcc/arm-none-eabi/7.2.1/thumb/v7e-m/libgcc.a(pr-support.o)
                              /home/obu/opt/gcc-arm-none-eabi-7-2017-q4-major/bin/../lib/gcc/arm-none-eabi/7.2.1/thumb/v7e-m/libgcc.a(unwind-arm.o) (__gnu_unwind_execute)
/home/obu/opt/gcc-arm-none-eabi-7-2017-q4-major/bin/../lib/gcc/arm-none-eabi/7.2.1/thumb/v7e-m/libgcc.a(_dvmd_tls.o)
                              /home/obu/opt/gcc-arm-none-eabi-7-2017-q4-major/bin/../lib/gcc/arm-none-eabi/7.2.1/thumb/v7e-m/libgcc.a(_aeabi_uldivmod.o) (__aeabi_ldiv0)
/home/obu/opt/gcc-arm-none-eabi-7-2017-q4-major/bin/../lib/gcc/arm-none-eabi/7.2.1/../../../../arm-none-eabi/lib/thumb/v7e-m/libg_nano.a(lib_a-errno.o)
                              ./system/src/newlib/_sbrk.o (__errno)
/home/obu/opt/gcc-arm-none-eabi-7-2017-q4-major/bin/../lib/gcc/arm-none-eabi/7.2.1/../../../../arm-none-eabi/lib/thumb/v7e-m/libg_nano.a(lib_a-impure.o)
                              /home/obu/opt/gcc-arm-none-eabi-7-2017-q4-major/bin/../lib/gcc/arm-none-eabi/7.2.1/../../../../arm-none-eabi/lib/thumb/v7e-m/libg_nano.a(lib_a-errno.o) (_impure_ptr)
/home/obu/opt/gcc-arm-none-eabi-7-2017-q4-major/bin/../lib/gcc/arm-none-eabi/7.2.1/../../../../arm-none-eabi/lib/thumb/v7e-m/libg_nano.a(lib_a-init.o)
                              ./system/src/cmsis/startup_stm32l433xx.o (__libc_init_array)
/home/obu/opt/gcc-arm-none-eabi-7-2017-q4-major/bin/../lib/gcc/arm-none-eabi/7.2.1/../../../../arm-none-eabi/lib/thumb/v7e-m/libg_nano.a(lib_a-memcpy-stub.o)
                              /home/obu/opt/gcc-arm-none-eabi-7-2017-q4-major/bin/../lib/gcc/arm-none-eabi/7.2.1/thumb/v7e-m/libgcc.a(unwind-arm.o) (memcpy)
/home/obu/opt/gcc-arm-none-eabi-7-2017-q4-major/bin/../lib/gcc/arm-none-eabi/7.2.1/../../../../arm-none-eabi/lib/thumb/v7e-m/libg_nano.a(lib_a-strlen.o)
                              ./system/src/diag/Trace.o (strlen)
/home/obu/opt/gcc-arm-none-eabi-7-2017-q4-major/bin/../lib/gcc/arm-none-eabi/7.2.1/../../../../arm-none-eabi/lib/thumb/v7e-m/libg_nano.a(lib_a-vsnprintf.o)
                              ./system/src/diag/Trace.o (vsnprintf)
/home/obu/opt/gcc-arm-none-eabi-7-2017-q4-major/bin/../lib/gcc/arm-none-eabi/7.2.1/../../../../arm-none-eabi/lib/thumb/v7e-m/libg_nano.a(lib_a-nano-svfprintf.o)
                              /home/obu/opt/gcc-arm-none-eabi-7-2017-q4-major/bin/../lib/gcc/arm-none-eabi/7.2.1/../../../../arm-none-eabi/lib/thumb/v7e-m/libg_nano.a(lib_a-vsnprintf.o) (_svfprintf_r)
/home/obu/opt/gcc-arm-none-eabi-7-2017-q4-major/bin/../lib/gcc/arm-none-eabi/7.2.1/../../../../arm-none-eabi/lib/thumb/v7e-m/libg_nano.a(lib_a-nano-vfprintf_i.o)
                              /home/obu/opt/gcc-arm-none-eabi-7-2017-q4-major/bin/../lib/gcc/arm-none-eabi/7.2.1/../../../../arm-none-eabi/lib/thumb/v7e-m/libg_nano.a(lib_a-nano-svfprintf.o) (_printf_i)
/home/obu/opt/gcc-arm-none-eabi-7-2017-q4-major/bin/../lib/gcc/arm-none-eabi/7.2.1/../../../../arm-none-eabi/lib/thumb/v7e-m/libg_nano.a(lib_a-memchr.o)
                              /home/obu/opt/gcc-arm-none-eabi-7-2017-q4-major/bin/../lib/gcc/arm-none-eabi/7.2.1/../../../../arm-none-eabi/lib/thumb/v7e-m/libg_nano.a(lib_a-nano-svfprintf.o) (memchr)
/home/obu/opt/gcc-arm-none-eabi-7-2017-q4-major/bin/../lib/gcc/arm-none-eabi/7.2.1/../../../../arm-none-eabi/lib/thumb/v7e-m/libg_nano.a(lib_a-memmove.o)
                              /home/obu/opt/gcc-arm-none-eabi-7-2017-q4-major/bin/../lib/gcc/arm-none-eabi/7.2.1/../../../../arm-none-eabi/lib/thumb/v7e-m/libg_nano.a(lib_a-nano-svfprintf.o) (memmove)
/home/obu/opt/gcc-arm-none-eabi-7-2017-q4-major/bin/../lib/gcc/arm-none-eabi/7.2.1/../../../../arm-none-eabi/lib/thumb/v7e-m/libg_nano.a(lib_a-nano-freer.o)
                              /home/obu/opt/gcc-arm-none-eabi-7-2017-q4-major/bin/../lib/gcc/arm-none-eabi/7.2.1/../../../../arm-none-eabi/lib/thumb/v7e-m/libg_nano.a(lib_a-nano-svfprintf.o) (_free_r)
[...]
Memory Configuration

Name             Origin             Length             Attributes
FLASH            0x0000000008000000 0x0000000000040000 xr
RAM              0x0000000020000000 0x0000000000010000 xrw
CCMRAM           0x0000000010000000 0x0000000000000000 xrw
FLASHB1          0x0000000000000000 0x0000000000000000 xr
EXTMEMB0         0x0000000000000000 0x0000000000000000 xr
EXTMEMB1         0x0000000000000000 0x0000000000000000 xr
EXTMEMB2         0x0000000000000000 0x0000000000000000 xr
EXTMEMB3         0x0000000000000000 0x0000000000000000 xr
*default*        0x0000000000000000 0xffffffffffffffff

Linker script and memory map

LOAD ./system/src/stm32l4xx/stm32l4xx_hal.o
LOAD ./system/src/stm32l4xx/stm32l4xx_hal_adc.o
LOAD ./system/src/stm32l4xx/stm32l4xx_hal_adc_ex.o
LOAD ./system/src/stm32l4xx/stm32l4xx_hal_cortex.o
LOAD ./system/src/stm32l4xx/stm32l4xx_hal_dma.o
LOAD ./system/src/stm32l4xx/stm32l4xx_hal_flash.o
LOAD ./system/src/stm32l4xx/stm32l4xx_hal_flash_ex.o
LOAD ./system/src/stm32l4xx/stm32l4xx_hal_flash_ramfunc.o
LOAD ./system/src/stm32l4xx/stm32l4xx_hal_gpio.o
LOAD ./system/src/stm32l4xx/stm32l4xx_hal_i2c.o
LOAD ./system/src/stm32l4xx/stm32l4xx_hal_i2c_ex.o
LOAD ./system/src/stm32l4xx/stm32l4xx_hal_pwr.o
LOAD ./system/src/stm32l4xx/stm32l4xx_hal_pwr_ex.o
LOAD ./system/src/stm32l4xx/stm32l4xx_hal_rcc.o
LOAD ./system/src/stm32l4xx/stm32l4xx_hal_rcc_ex.o
LOAD ./system/src/stm32l4xx/stm32l4xx_hal_rtc.o
LOAD ./system/src/stm32l4xx/stm32l4xx_hal_rtc_ex.o
LOAD ./system/src/stm32l4xx/stm32l4xx_hal_spi.o
LOAD ./system/src/stm32l4xx/stm32l4xx_hal_spi_ex.o
LOAD ./system/src/stm32l4xx/stm32l4xx_hal_tim.o
LOAD ./system/src/stm32l4xx/stm32l4xx_hal_tim_ex.o
LOAD ./system/src/stm32l4xx/stm32l4xx_hal_uart.o
LOAD ./system/src/stm32l4xx/stm32l4xx_hal_uart_ex.o
LOAD ./system/src/newlib/_cxx.o
LOAD ./system/src/newlib/_exit.o
LOAD ./system/src/newlib/_sbrk.o
LOAD ./system/src/newlib/_startup.o
LOAD ./system/src/newlib/_syscalls.o
LOAD ./system/src/newlib/assert.o
LOAD ./system/src/diag/Trace.o
LOAD ./system/src/diag/trace_impl.o
LOAD ./system/src/cortexm/_initialize_hardware.o
LOAD ./system/src/cortexm/_reset_hardware.o
LOAD ./system/src/cortexm/exception_handlers.o
LOAD ./system/src/cmsis/startup_stm32l433xx.o
LOAD ./system/src/cmsis/system_stm32l4xx.o
LOAD ./src/main.o
LOAD ./src/stm32l4xx_hal_msp.o
LOAD ./src/stm32l4xx_it.o
LOAD /home/obu/opt/gcc-arm-none-eabi-7-2017-q4-major/bin/../lib/gcc/arm-none-eabi/7.2.1/../../../../arm-none-eabi/lib/thumb/v7e-m/libstdc++_nano.a
LOAD /home/obu/opt/gcc-arm-none-eabi-7-2017-q4-major/bin/../lib/gcc/arm-none-eabi/7.2.1/../../../../arm-none-eabi/lib/thumb/v7e-m/libm.a
START GROUP
LOAD /home/obu/opt/gcc-arm-none-eabi-7-2017-q4-major/bin/../lib/gcc/arm-none-eabi/7.2.1/thumb/v7e-m/libgcc.a
LOAD /home/obu/opt/gcc-arm-none-eabi-7-2017-q4-major/bin/../lib/gcc/arm-none-eabi/7.2.1/../../../../arm-none-eabi/lib/thumb/v7e-m/libg_nano.a
LOAD /home/obu/opt/gcc-arm-none-eabi-7-2017-q4-major/bin/../lib/gcc/arm-none-eabi/7.2.1/../../../../arm-none-eabi/lib/thumb/v7e-m/libc_nano.a
END GROUP
START GROUP
LOAD /home/obu/opt/gcc-arm-none-eabi-7-2017-q4-major/bin/../lib/gcc/arm-none-eabi/7.2.1/thumb/v7e-m/libgcc.a
LOAD /home/obu/opt/gcc-arm-none-eabi-7-2017-q4-major/bin/../lib/gcc/arm-none-eabi/7.2.1/../../../../arm-none-eabi/lib/thumb/v7e-m/libc_nano.a
END GROUP
                0x0000000020010000                __stack = (ORIGIN (RAM) + LENGTH (RAM))
                0x0000000020010000                _estack = __stack
                0x0000000000000400                __Main_Stack_Size = 0x400
                [!provide]                        PROVIDE (_Main_Stack_Size, __Main_Stack_Size)
                0x000000002000fc00                __Main_Stack_Limit = (__stack - __Main_Stack_Size)
                [!provide]                        PROVIDE (_Main_Stack_Limit, __Main_Stack_Limit)
                0x0000000000000100                _Minimum_Stack_Size = 0x100
                0x0000000020000374                PROVIDE (_Heap_Begin, _end_noinit)
                0x000000002000fc00                PROVIDE (_Heap_Limit, (__stack - __Main_Stack_Size))

.isr_vector     0x0000000008000000      0x3cc
 FILL mask 0xff
                0x0000000008000000                __vectors_start = ABSOLUTE (.)
                0x0000000008000000                __vectors_start__ = ABSOLUTE (.)
 *(.isr_vector)
 .isr_vector    0x0000000008000000      0x18c ./system/src/cmsis/startup_stm32l433xx.o
                0x0000000008000000                g_pfnVectors
 *(.cfmconfig)
 *(.after_vectors .after_vectors.*)
 .after_vectors
                0x000000000800018c      0x114 ./system/src/newlib/_startup.o
                0x000000000800018c                _start
 .after_vectors
                0x00000000080002a0      0x12c ./system/src/cortexm/exception_handlers.o
                0x00000000080002a0                Reset_Handler
                0x00000000080002be                HardFault_Handler_C
                0x0000000008000334                BusFault_Handler_C
                0x000000000800037c                UsageFault_Handler_C

.inits          0x00000000080003cc       0x28
                0x00000000080003cc                __data_regions_array_start = .
                0x00000000080003cc        0x4 LONG 0x800528c LOADADDR (.data)
                0x00000000080003d0        0x4 LONG 0x20000000 ADDR (.data)
                0x00000000080003d4        0x4 LONG 0x20000078 (ADDR (.data) + SIZEOF (.data))
                0x00000000080003d8        0x4 LONG 0x800528c LOADADDR (.data_CCMRAM)
                0x00000000080003dc        0x4 LONG 0x10000000 ADDR (.data_CCMRAM)
                0x00000000080003e0        0x4 LONG 0x10000000 (ADDR (.data_CCMRAM) + SIZEOF (.data_CCMRAM))
                0x00000000080003e4                __data_regions_array_end = .
                0x00000000080003e4                __bss_regions_array_start = .
                0x00000000080003e4        0x4 LONG 0x20000078 ADDR (.bss)
                0x00000000080003e8        0x4 LONG 0x20000374 (ADDR (.bss) + SIZEOF (.bss))
                0x00000000080003ec        0x4 LONG 0x10000000 ADDR (.bss_CCMRAM)
                0x00000000080003f0        0x4 LONG 0x10000000 (ADDR (.bss_CCMRAM) + SIZEOF (.bss_CCMRAM))
                0x00000000080003f4                __bss_regions_array_end = .
 *(.init)
 *(.fini)
                0x00000000080003f4                . = ALIGN (0x4)
                0x00000000080003f4                PROVIDE (__preinit_array_start, .)
 *(.preinit_array_sysinit .preinit_array_sysinit.*)
 *(.preinit_array_platform .preinit_array_platform.*)
 *(.preinit_array .preinit_array.*)
                0x00000000080003f4                PROVIDE (__preinit_array_end, .)
                0x00000000080003f4                . = ALIGN (0x4)
                0x00000000080003f4                PROVIDE (__init_array_start, .)
 *(SORT_BY_NAME(.init_array.*))
 *(.init_array)
                0x00000000080003f4                PROVIDE (__init_array_end, .)
                0x00000000080003f4                . = ALIGN (0x4)
                0x00000000080003f4                PROVIDE (__fini_array_start, .)
 *(SORT_BY_NAME(.fini_array.*))
 *(.fini_array)
                0x00000000080003f4                PROVIDE (__fini_array_end, .)

.flashtext
 *(.flashtext .flashtext.*)

.text           0x0000000008000400     0x4e83
 *(.text .text.*)
 .text.HAL_InitTick
                0x0000000008000400       0x2c ./system/src/stm32l4xx/stm32l4xx_hal.o
                0x0000000008000400                HAL_InitTick
 .text.HAL_Init
                0x000000000800042c       0x16 ./system/src/stm32l4xx/stm32l4xx_hal.o
                0x000000000800042c                HAL_Init
 *fill*         0x0000000008000442        0x2 
 .text.HAL_IncTick
                0x0000000008000444       0x10 ./system/src/stm32l4xx/stm32l4xx_hal.o
                0x0000000008000444                HAL_IncTick
 .text.HAL_GetTick
                0x0000000008000454        0xc ./system/src/stm32l4xx/stm32l4xx_hal.o
                0x0000000008000454                HAL_GetTick
 .text.HAL_ADC_Init
                0x0000000008000460      0x1ec ./system/src/stm32l4xx/stm32l4xx_hal_adc.o
                0x0000000008000460                HAL_ADC_Init
 .text.HAL_ADC_ConvCpltCallback
                0x000000000800064c        0x2 ./system/src/stm32l4xx/stm32l4xx_hal_adc.o
                0x000000000800064c                HAL_ADC_ConvCpltCallback
 .text.HAL_ADC_LevelOutOfWindowCallback
                0x000000000800064e        0x2 ./system/src/stm32l4xx/stm32l4xx_hal_adc.o
                0x000000000800064e                HAL_ADC_LevelOutOfWindowCallback
 .text.HAL_ADC_ErrorCallback
                0x0000000008000650        0x2 ./system/src/stm32l4xx/stm32l4xx_hal_adc.o
                0x0000000008000650                HAL_ADC_ErrorCallback
 *fill*         0x0000000008000652        0x2 
 .text.HAL_ADC_IRQHandler
                0x0000000008000654      0x228 ./system/src/stm32l4xx/stm32l4xx_hal_adc.o
                0x0000000008000654                HAL_ADC_IRQHandler
 .text.HAL_ADC_ConfigChannel
                0x000000000800087c      0x4a4 ./system/src/stm32l4xx/stm32l4xx_hal_adc.o
                0x000000000800087c                HAL_ADC_ConfigChannel
 .text.HAL_ADCEx_InjectedConvCpltCallback
                0x0000000008000d20        0x2 ./system/src/stm32l4xx/stm32l4xx_hal_adc_ex.o
                0x0000000008000d20                HAL_ADCEx_InjectedConvCpltCallback
 .text.HAL_ADCEx_InjectedQueueOverflowCallback
                0x0000000008000d22        0x2 ./system/src/stm32l4xx/stm32l4xx_hal_adc_ex.o
                0x0000000008000d22                HAL_ADCEx_InjectedQueueOverflowCallback
 .text.HAL_ADCEx_LevelOutOfWindow2Callback
                0x0000000008000d24        0x2 ./system/src/stm32l4xx/stm32l4xx_hal_adc_ex.o
                0x0000000008000d24                HAL_ADCEx_LevelOutOfWindow2Callback
 .text.HAL_ADCEx_LevelOutOfWindow3Callback
                0x0000000008000d26        0x2 ./system/src/stm32l4xx/stm32l4xx_hal_adc_ex.o
                0x0000000008000d26                HAL_ADCEx_LevelOutOfWindow3Callback
 .text.HAL_ADCEx_EndOfSamplingCallback
                0x0000000008000d28        0x2 ./system/src/stm32l4xx/stm32l4xx_hal_adc_ex.o
                0x0000000008000d28                HAL_ADCEx_EndOfSamplingCallback
 *fill*         0x0000000008000d2a        0x2 
 .text.HAL_NVIC_SetPriorityGrouping
                0x0000000008000d2c       0x24 ./system/src/stm32l4xx/stm32l4xx_hal_cortex.o
                0x0000000008000d2c                HAL_NVIC_SetPriorityGrouping
 .text.HAL_NVIC_SetPriority
                0x0000000008000d50       0x68 ./system/src/stm32l4xx/stm32l4xx_hal_cortex.o
                0x0000000008000d50                HAL_NVIC_SetPriority
 .text.HAL_NVIC_EnableIRQ
                0x0000000008000db8       0x18 ./system/src/stm32l4xx/stm32l4xx_hal_cortex.o
                0x0000000008000db8                HAL_NVIC_EnableIRQ
 .text.HAL_SYSTICK_Config
                0x0000000008000dd0       0x2c ./system/src/stm32l4xx/stm32l4xx_hal_cortex.o
                0x0000000008000dd0                HAL_SYSTICK_Config
 .text.HAL_SYSTICK_CLKSourceConfig
                0x0000000008000dfc       0x20 ./system/src/stm32l4xx/stm32l4xx_hal_cortex.o
                0x0000000008000dfc                HAL_SYSTICK_CLKSourceConfig
 .text.HAL_SYSTICK_Callback
                0x0000000008000e1c        0x2 ./system/src/stm32l4xx/stm32l4xx_hal_cortex.o
                0x0000000008000e1c                HAL_SYSTICK_Callback
 .text.HAL_SYSTICK_IRQHandler
                0x0000000008000e1e        0x8 ./system/src/stm32l4xx/stm32l4xx_hal_cortex.o
                0x0000000008000e1e                HAL_SYSTICK_IRQHandler
 *fill*         0x0000000008000e26        0x2 
 .text.HAL_DMA_Init
                0x0000000008000e28       0xf0 ./system/src/stm32l4xx/stm32l4xx_hal_dma.o
                0x0000000008000e28                HAL_DMA_Init
 .text.HAL_DMA_IRQHandler
                0x0000000008000f18       0xb4 ./system/src/stm32l4xx/stm32l4xx_hal_dma.o
                0x0000000008000f18                HAL_DMA_IRQHandler
 .text.HAL_GPIO_Init
                0x0000000008000fcc      0x194 ./system/src/stm32l4xx/stm32l4xx_hal_gpio.o
                0x0000000008000fcc                HAL_GPIO_Init
 .text.HAL_GPIO_WritePin
                0x0000000008001160        0xa ./system/src/stm32l4xx/stm32l4xx_hal_gpio.o
                0x0000000008001160                HAL_GPIO_WritePin
 *fill*         0x000000000800116a        0x2 
 .text.HAL_PWREx_GetVoltageRange
                0x000000000800116c       0x10 ./system/src/stm32l4xx/stm32l4xx_hal_pwr_ex.o
                0x000000000800116c                HAL_PWREx_GetVoltageRange
 .text.HAL_PWREx_ControlVoltageScaling
                0x000000000800117c       0x90 ./system/src/stm32l4xx/stm32l4xx_hal_pwr_ex.o
                0x000000000800117c                HAL_PWREx_ControlVoltageScaling
 .text.RCC_SetFlashLatencyFromMSIRange
                0x000000000800120c       0x90 ./system/src/stm32l4xx/stm32l4xx_hal_rcc.o
 .text.HAL_RCC_GetSysClockFreq
                0x000000000800129c      0x100 ./system/src/stm32l4xx/stm32l4xx_hal_rcc.o
                0x000000000800129c                HAL_RCC_GetSysClockFreq
 .text.HAL_RCC_OscConfig
                0x000000000800139c      0x5cc ./system/src/stm32l4xx/stm32l4xx_hal_rcc.o
                0x000000000800139c                HAL_RCC_OscConfig
 .text.HAL_RCC_ClockConfig
                0x0000000008001968      0x1ac ./system/src/stm32l4xx/stm32l4xx_hal_rcc.o
                0x0000000008001968                HAL_RCC_ClockConfig
 .text.HAL_RCC_GetHCLKFreq
                0x0000000008001b14        0xc ./system/src/stm32l4xx/stm32l4xx_hal_rcc.o
                0x0000000008001b14                HAL_RCC_GetHCLKFreq
 .text.HAL_RCC_GetPCLK1Freq
                0x0000000008001b20       0x20 ./system/src/stm32l4xx/stm32l4xx_hal_rcc.o
                0x0000000008001b20                HAL_RCC_GetPCLK1Freq
 .text.HAL_RCC_GetPCLK2Freq
                0x0000000008001b40       0x20 ./system/src/stm32l4xx/stm32l4xx_hal_rcc.o
                0x0000000008001b40                HAL_RCC_GetPCLK2Freq
 .text.RCCEx_PLLSAI1_Config
                0x0000000008001b60      0x16c ./system/src/stm32l4xx/stm32l4xx_hal_rcc_ex.o
 .text.HAL_RCCEx_PeriphCLKConfig
                0x0000000008001ccc      0x360 ./system/src/stm32l4xx/stm32l4xx_hal_rcc_ex.o
                0x0000000008001ccc                HAL_RCCEx_PeriphCLKConfig
 .text.HAL_RTC_AlarmAEventCallback
                0x000000000800202c        0x2 ./system/src/stm32l4xx/stm32l4xx_hal_rtc.o
                0x000000000800202c                HAL_RTC_AlarmAEventCallback
 *fill*         0x000000000800202e        0x2 
 .text.HAL_RTC_AlarmIRQHandler
                0x0000000008002030       0x84 ./system/src/stm32l4xx/stm32l4xx_hal_rtc.o
                0x0000000008002030                HAL_RTC_AlarmIRQHandler
 .text.HAL_RTC_WaitForSynchro
                0x00000000080020b4       0x32 ./system/src/stm32l4xx/stm32l4xx_hal_rtc.o
                0x00000000080020b4                HAL_RTC_WaitForSynchro
 .text.RTC_EnterInitMode
                0x00000000080020e6       0x3c ./system/src/stm32l4xx/stm32l4xx_hal_rtc.o
                0x00000000080020e6                RTC_EnterInitMode
 .text.HAL_RTC_Init
                0x0000000008002122       0xd4 ./system/src/stm32l4xx/stm32l4xx_hal_rtc.o
                0x0000000008002122                HAL_RTC_Init
 .text.RTC_ByteToBcd2
                0x00000000080021f6       0x16 ./system/src/stm32l4xx/stm32l4xx_hal_rtc.o
                0x00000000080021f6                RTC_ByteToBcd2
 .text.HAL_RTC_SetTime
                0x000000000800220c      0x112 ./system/src/stm32l4xx/stm32l4xx_hal_rtc.o
                0x000000000800220c                HAL_RTC_SetTime
 .text.HAL_RTC_SetDate
                0x000000000800231e       0xec ./system/src/stm32l4xx/stm32l4xx_hal_rtc.o
                0x000000000800231e                HAL_RTC_SetDate
 *fill*         0x000000000800240a        0x2 
 .text.HAL_RTC_SetAlarm_IT
                0x000000000800240c      0x1a0 ./system/src/stm32l4xx/stm32l4xx_hal_rtc.o
                0x000000000800240c                HAL_RTC_SetAlarm_IT
 .text.HAL_RTCEx_SetTamper_IT
                0x00000000080025ac       0xf4 ./system/src/stm32l4xx/stm32l4xx_hal_rtc_ex.o
                0x00000000080025ac                HAL_RTCEx_SetTamper_IT
 .text.HAL_RTCEx_TimeStampEventCallback
                0x00000000080026a0        0x2 ./system/src/stm32l4xx/stm32l4xx_hal_rtc_ex.o
                0x00000000080026a0                HAL_RTCEx_TimeStampEventCallback
 .text.HAL_RTCEx_Tamper1EventCallback
                0x00000000080026a2        0x2 ./system/src/stm32l4xx/stm32l4xx_hal_rtc_ex.o
                0x00000000080026a2                HAL_RTCEx_Tamper1EventCallback
 .text.HAL_RTCEx_Tamper2EventCallback
                0x00000000080026a4        0x2 ./system/src/stm32l4xx/stm32l4xx_hal_rtc_ex.o
                0x00000000080026a4                HAL_RTCEx_Tamper2EventCallback
 .text.HAL_RTCEx_Tamper3EventCallback
                0x00000000080026a6        0x2 ./system/src/stm32l4xx/stm32l4xx_hal_rtc_ex.o
                0x00000000080026a6                HAL_RTCEx_Tamper3EventCallback
 .text.HAL_RTCEx_TamperTimeStampIRQHandler
                0x00000000080026a8      0x10c ./system/src/stm32l4xx/stm32l4xx_hal_rtc_ex.o
                0x00000000080026a8                HAL_RTCEx_TamperTimeStampIRQHandler
 .text.HAL_RTCEx_BKUPWrite
                0x00000000080027b4        0xa ./system/src/stm32l4xx/stm32l4xx_hal_rtc_ex.o
                0x00000000080027b4                HAL_RTCEx_BKUPWrite
 .text.HAL_RTCEx_BKUPRead
                0x00000000080027be        0xa ./system/src/stm32l4xx/stm32l4xx_hal_rtc_ex.o
                0x00000000080027be                HAL_RTCEx_BKUPRead
 .text.HAL_RTCEx_AlarmBEventCallback
                0x00000000080027c8        0x2 ./system/src/stm32l4xx/stm32l4xx_hal_rtc_ex.o
                0x00000000080027c8                HAL_RTCEx_AlarmBEventCallback
 .text.HAL_SPI_Init
                0x00000000080027ca       0xb0 ./system/src/stm32l4xx/stm32l4xx_hal_spi.o
                0x00000000080027ca                HAL_SPI_Init
 *fill*         0x000000000800287a        0x2 
 .text.TIM_OC1_SetConfig
                0x000000000800287c       0x7c ./system/src/stm32l4xx/stm32l4xx_hal_tim.o
 .text.TIM_OC3_SetConfig
                0x00000000080028f8       0x74 ./system/src/stm32l4xx/stm32l4xx_hal_tim.o
 .text.TIM_OC4_SetConfig
                0x000000000800296c       0x5c ./system/src/stm32l4xx/stm32l4xx_hal_tim.o
 .text.TIM_OC5_SetConfig
                0x00000000080029c8       0x58 ./system/src/stm32l4xx/stm32l4xx_hal_tim.o
 .text.TIM_OC6_SetConfig
                0x0000000008002a20       0x5c ./system/src/stm32l4xx/stm32l4xx_hal_tim.o
 .text.TIM_TI1_ConfigInputStage
                0x0000000008002a7c       0x24 ./system/src/stm32l4xx/stm32l4xx_hal_tim.o
 .text.TIM_TI2_ConfigInputStage
                0x0000000008002aa0       0x26 ./system/src/stm32l4xx/stm32l4xx_hal_tim.o
 .text.TIM_ITRx_SetConfig
                0x0000000008002ac6       0x10 ./system/src/stm32l4xx/stm32l4xx_hal_tim.o
 .text.HAL_TIM_PWM_MspInit
                0x0000000008002ad6        0x2 ./system/src/stm32l4xx/stm32l4xx_hal_tim.o
                0x0000000008002ad6                HAL_TIM_PWM_MspInit
 .text.HAL_TIM_PeriodElapsedCallback
                0x0000000008002ad8        0x2 ./system/src/stm32l4xx/stm32l4xx_hal_tim.o
                0x0000000008002ad8                HAL_TIM_PeriodElapsedCallback
 .text.HAL_TIM_OC_DelayElapsedCallback
                0x0000000008002ada        0x2 ./system/src/stm32l4xx/stm32l4xx_hal_tim.o
                0x0000000008002ada                HAL_TIM_OC_DelayElapsedCallback
 .text.HAL_TIM_IC_CaptureCallback
                0x0000000008002adc        0x2 ./system/src/stm32l4xx/stm32l4xx_hal_tim.o
                0x0000000008002adc                HAL_TIM_IC_CaptureCallback
 .text.HAL_TIM_PWM_PulseFinishedCallback
                0x0000000008002ade        0x2 ./system/src/stm32l4xx/stm32l4xx_hal_tim.o
                0x0000000008002ade                HAL_TIM_PWM_PulseFinishedCallback
 .text.HAL_TIM_TriggerCallback
                0x0000000008002ae0        0x2 ./system/src/stm32l4xx/stm32l4xx_hal_tim.o
                0x0000000008002ae0                HAL_TIM_TriggerCallback
 .text.HAL_TIM_IRQHandler
                0x0000000008002ae2      0x17a ./system/src/stm32l4xx/stm32l4xx_hal_tim.o
                0x0000000008002ae2                HAL_TIM_IRQHandler
 .text.TIM_Base_SetConfig
                0x0000000008002c5c       0x68 ./system/src/stm32l4xx/stm32l4xx_hal_tim.o
                0x0000000008002c5c                TIM_Base_SetConfig
 .text.HAL_TIM_Base_Init
                0x0000000008002cc4       0x32 ./system/src/stm32l4xx/stm32l4xx_hal_tim.o
                0x0000000008002cc4                HAL_TIM_Base_Init
 .text.HAL_TIM_PWM_Init
                0x0000000008002cf6       0x32 ./system/src/stm32l4xx/stm32l4xx_hal_tim.o
                0x0000000008002cf6                HAL_TIM_PWM_Init
 .text.TIM_OC2_SetConfig
                0x0000000008002d28       0x78 ./system/src/stm32l4xx/stm32l4xx_hal_tim.o
                0x0000000008002d28                TIM_OC2_SetConfig
 .text.HAL_TIM_PWM_ConfigChannel
                0x0000000008002da0      0x134 ./system/src/stm32l4xx/stm32l4xx_hal_tim.o
                0x0000000008002da0                HAL_TIM_PWM_ConfigChannel
 .text.TIM_ETR_SetConfig
                0x0000000008002ed4       0x16 ./system/src/stm32l4xx/stm32l4xx_hal_tim.o
                0x0000000008002ed4                TIM_ETR_SetConfig
 *fill*         0x0000000008002eea        0x2 
 .text.HAL_TIM_ConfigClockSource
                0x0000000008002eec      0x118 ./system/src/stm32l4xx/stm32l4xx_hal_tim.o
                0x0000000008002eec                HAL_TIM_ConfigClockSource
 .text.HAL_TIMEx_MasterConfigSynchronization
                0x0000000008003004       0x50 ./system/src/stm32l4xx/stm32l4xx_hal_tim_ex.o
                0x0000000008003004                HAL_TIMEx_MasterConfigSynchronization
 .text.HAL_TIMEx_ConfigBreakDeadTime
                0x0000000008003054       0x8c ./system/src/stm32l4xx/stm32l4xx_hal_tim_ex.o
                0x0000000008003054                HAL_TIMEx_ConfigBreakDeadTime
 .text.HAL_TIMEx_CommutationCallback
                0x00000000080030e0        0x2 ./system/src/stm32l4xx/stm32l4xx_hal_tim_ex.o
                0x00000000080030e0                HAL_TIMEx_CommutationCallback
 .text.HAL_TIMEx_BreakCallback
                0x00000000080030e2        0x2 ./system/src/stm32l4xx/stm32l4xx_hal_tim_ex.o
                0x00000000080030e2                HAL_TIMEx_BreakCallback
 .text.UART_SetConfig
                0x00000000080030e4      0x388 ./system/src/stm32l4xx/stm32l4xx_hal_uart.o
                0x00000000080030e4                UART_SetConfig
 .text.UART_AdvFeatureConfig
                0x000000000800346c       0xca ./system/src/stm32l4xx/stm32l4xx_hal_uart.o
                0x000000000800346c                UART_AdvFeatureConfig
 .text.UART_WaitOnFlagUntilTimeout
                0x0000000008003536       0x62 ./system/src/stm32l4xx/stm32l4xx_hal_uart.o
                0x0000000008003536                UART_WaitOnFlagUntilTimeout
 .text.UART_CheckIdleState
                0x0000000008003598       0x70 ./system/src/stm32l4xx/stm32l4xx_hal_uart.o
                0x0000000008003598                UART_CheckIdleState
 .text.HAL_UART_Init
                0x0000000008003608       0x66 ./system/src/stm32l4xx/stm32l4xx_hal_uart.o
                0x0000000008003608                HAL_UART_Init
 .text._exit    0x000000000800366e        0x2 ./system/src/newlib/_exit.o
                0x000000000800366e                _exit
 .text._sbrk    0x0000000008003670       0x44 ./system/src/newlib/_sbrk.o
                0x0000000008003670                _sbrk
 .text.__initialize_args
                0x00000000080036b4       0x10 ./system/src/newlib/_syscalls.o
                0x00000000080036b4                __initialize_args
 .text.trace_printf
                0x00000000080036c4       0x30 ./system/src/diag/Trace.o
                0x00000000080036c4                trace_printf
 .text._trace_write_semihosting_debug
                0x00000000080036f4       0x60 ./system/src/diag/trace_impl.o
 .text.trace_write
                0x0000000008003754        0x8 ./system/src/diag/trace_impl.o
                0x0000000008003754                trace_write
 .text.__initialize_hardware_early
                0x000000000800375c       0x18 ./system/src/cortexm/_initialize_hardware.o
                0x000000000800375c                __initialize_hardware_early
 .text.__initialize_hardware
                0x0000000008003774        0x8 ./system/src/cortexm/_initialize_hardware.o
                0x0000000008003774                __initialize_hardware
 .text.dumpExceptionStack
                0x000000000800377c       0xf4 ./system/src/cortexm/exception_handlers.o
                0x000000000800377c                dumpExceptionStack
 .text.isSemihosting
                0x0000000008003870       0x20 ./system/src/cortexm/exception_handlers.o
                0x0000000008003870                isSemihosting
 .text.Default_Handler
                0x0000000008003890        0x2 ./system/src/cmsis/startup_stm32l433xx.o
                0x0000000008003890                EXTI2_IRQHandler
                0x0000000008003890                TSC_IRQHandler
                0x0000000008003890                EXTI3_IRQHandler
                0x0000000008003890                LPTIM2_IRQHandler
                0x0000000008003890                I2C3_ER_IRQHandler
                0x0000000008003890                EXTI0_IRQHandler
                0x0000000008003890                I2C2_EV_IRQHandler
                0x0000000008003890                CAN1_RX0_IRQHandler
                0x0000000008003890                FPU_IRQHandler
                0x0000000008003890                SPI1_IRQHandler
                0x0000000008003890                TIM6_DAC_IRQHandler
                0x0000000008003890                DMA2_Channel2_IRQHandler
                0x0000000008003890                DMA1_Channel4_IRQHandler
                0x0000000008003890                USART3_IRQHandler
                0x0000000008003890                DMA1_Channel7_IRQHandler
                0x0000000008003890                CAN1_RX1_IRQHandler
                0x0000000008003890                LCD_IRQHandler
                0x0000000008003890                DMA2_Channel1_IRQHandler
                0x0000000008003890                QUADSPI_IRQHandler
                0x0000000008003890                I2C1_EV_IRQHandler
                0x0000000008003890                DMA1_Channel6_IRQHandler
                0x0000000008003890                DMA2_Channel4_IRQHandler
                0x0000000008003890                RCC_IRQHandler
                0x0000000008003890                Default_Handler
                0x0000000008003890                DMA2_Channel7_IRQHandler
                0x0000000008003890                EXTI15_10_IRQHandler
                0x0000000008003890                TIM7_IRQHandler
                0x0000000008003890                SDMMC1_IRQHandler
                0x0000000008003890                I2C3_EV_IRQHandler
                0x0000000008003890                USB_IRQHandler
                0x0000000008003890                EXTI9_5_IRQHandler
                0x0000000008003890                RTC_WKUP_IRQHandler
                0x0000000008003890                PVD_PVM_IRQHandler
                0x0000000008003890                SPI2_IRQHandler
                0x0000000008003890                CAN1_TX_IRQHandler
                0x0000000008003890                DMA2_Channel5_IRQHandler
                0x0000000008003890                CRS_IRQHandler
                0x0000000008003890                DMA1_Channel5_IRQHandler
                0x0000000008003890                EXTI4_IRQHandler
                0x0000000008003890                RNG_IRQHandler
                0x0000000008003890                DMA1_Channel3_IRQHandler
                0x0000000008003890                COMP_IRQHandler
                0x0000000008003890                WWDG_IRQHandler
                0x0000000008003890                LPUART1_IRQHandler
                0x0000000008003890                DMA2_Channel6_IRQHandler
                0x0000000008003890                EXTI1_IRQHandler
                0x0000000008003890                USART2_IRQHandler
                0x0000000008003890                I2C2_ER_IRQHandler
                0x0000000008003890                DMA1_Channel2_IRQHandler
                0x0000000008003890                CAN1_SCE_IRQHandler
                0x0000000008003890                FLASH_IRQHandler
                0x0000000008003890                USART1_IRQHandler
                0x0000000008003890                SPI3_IRQHandler
                0x0000000008003890                I2C1_ER_IRQHandler
                0x0000000008003890                SWPMI1_IRQHandler
                0x0000000008003890                LPTIM1_IRQHandler
                0x0000000008003890                SAI1_IRQHandler
                0x0000000008003890                DMA2_Channel3_IRQHandler
 *fill*         0x0000000008003892        0x2 
 .text.SystemInit
                0x0000000008003894       0x3c ./system/src/cmsis/system_stm32l4xx.o
                0x0000000008003894                SystemInit
 .text.SystemCoreClockUpdate
                0x00000000080038d0       0xd8 ./system/src/cmsis/system_stm32l4xx.o
                0x00000000080038d0                SystemCoreClockUpdate
 .text.MX_GPIO_Init
                0x00000000080039a8       0xe0 ./src/main.o
 .text.MX_DMA_Init
                0x0000000008003a88       0x34 ./src/main.o
 .text._Error_Handler
                0x0000000008003abc        0x2 ./src/main.o
                0x0000000008003abc                _Error_Handler
 *fill*         0x0000000008003abe        0x2 
 .text.MX_SPI2_Init
                0x0000000008003ac0       0x54 ./src/main.o
 .text.MX_TIM16_Init
                0x0000000008003b14       0xa4 ./src/main.o
 .text.MX_USART3_UART_Init
                0x0000000008003bb8       0x44 ./src/main.o
 .text.MX_ADC1_Init
                0x0000000008003bfc      0x1c4 ./src/main.o
 .text.MX_TIM1_Init
                0x0000000008003dc0       0x78 ./src/main.o
 .text.MX_TIM2_Init
                0x0000000008003e38       0x70 ./src/main.o
 .text.MX_RTC_Init
                0x0000000008003ea8      0x120 ./src/main.o
 .text.SystemClock_Config
                0x0000000008003fc8       0xd0 ./src/main.o
                0x0000000008003fc8                SystemClock_Config
 .text.main     0x0000000008004098       0x30 ./src/main.o
                0x0000000008004098                main
 .text.HAL_MspInit
                0x00000000080040c8       0x90 ./src/stm32l4xx_hal_msp.o
                0x00000000080040c8                HAL_MspInit
 .text.HAL_ADC_MspInit
                0x0000000008004158       0xb0 ./src/stm32l4xx_hal_msp.o
                0x0000000008004158                HAL_ADC_MspInit
 .text.HAL_RTC_MspInit
                0x0000000008004208       0x44 ./src/stm32l4xx_hal_msp.o
                0x0000000008004208                HAL_RTC_MspInit
 .text.HAL_SPI_MspInit
                0x000000000800424c       0x50 ./src/stm32l4xx_hal_msp.o
                0x000000000800424c                HAL_SPI_MspInit
 .text.HAL_TIM_Base_MspInit
                0x000000000800429c       0xd0 ./src/stm32l4xx_hal_msp.o
                0x000000000800429c                HAL_TIM_Base_MspInit
 .text.HAL_TIM_MspPostInit
                0x000000000800436c       0x38 ./src/stm32l4xx_hal_msp.o
                0x000000000800436c                HAL_TIM_MspPostInit
 .text.HAL_UART_MspInit
                0x00000000080043a4       0x50 ./src/stm32l4xx_hal_msp.o
                0x00000000080043a4                HAL_UART_MspInit
 .text.NMI_Handler
                0x00000000080043f4        0x2 ./src/stm32l4xx_it.o
                0x00000000080043f4                NMI_Handler
 .text.HardFault_Handler
                0x00000000080043f6        0x2 ./src/stm32l4xx_it.o
                0x00000000080043f6                HardFault_Handler
 .text.MemManage_Handler
                0x00000000080043f8        0x2 ./src/stm32l4xx_it.o
                0x00000000080043f8                MemManage_Handler
 .text.BusFault_Handler
                0x00000000080043fa        0x2 ./src/stm32l4xx_it.o
                0x00000000080043fa                BusFault_Handler
 .text.UsageFault_Handler
                0x00000000080043fc        0x2 ./src/stm32l4xx_it.o
                0x00000000080043fc                UsageFault_Handler
 .text.SVC_Handler
                0x00000000080043fe        0x2 ./src/stm32l4xx_it.o
                0x00000000080043fe                SVC_Handler
 .text.DebugMon_Handler
                0x0000000008004400        0x2 ./src/stm32l4xx_it.o
                0x0000000008004400                DebugMon_Handler
 .text.PendSV_Handler
                0x0000000008004402        0x2 ./src/stm32l4xx_it.o
                0x0000000008004402                PendSV_Handler
 .text.SysTick_Handler
                0x0000000008004404        0xc ./src/stm32l4xx_it.o
                0x0000000008004404                SysTick_Handler
 .text.TAMP_STAMP_IRQHandler
                0x0000000008004410       0x10 ./src/stm32l4xx_it.o
                0x0000000008004410                TAMP_STAMP_IRQHandler
 .text.DMA1_Channel1_IRQHandler
                0x0000000008004420       0x10 ./src/stm32l4xx_it.o
                0x0000000008004420                DMA1_Channel1_IRQHandler
 .text.ADC1_IRQHandler
                0x0000000008004430       0x10 ./src/stm32l4xx_it.o
                0x0000000008004430                ADC1_IRQHandler
 .text.TIM1_BRK_TIM15_IRQHandler
                0x0000000008004440       0x10 ./src/stm32l4xx_it.o
                0x0000000008004440                TIM1_BRK_TIM15_IRQHandler
 .text.TIM1_UP_TIM16_IRQHandler
                0x0000000008004450       0x18 ./src/stm32l4xx_it.o
                0x0000000008004450                TIM1_UP_TIM16_IRQHandler
 .text.TIM1_TRG_COM_IRQHandler
                0x0000000008004468       0x10 ./src/stm32l4xx_it.o
                0x0000000008004468                TIM1_TRG_COM_IRQHandler
 .text.TIM1_CC_IRQHandler
                0x0000000008004478       0x10 ./src/stm32l4xx_it.o
                0x0000000008004478                TIM1_CC_IRQHandler
 .text.TIM2_IRQHandler
                0x0000000008004488       0x10 ./src/stm32l4xx_it.o
                0x0000000008004488                TIM2_IRQHandler
 .text.RTC_Alarm_IRQHandler
                0x0000000008004498       0x10 ./src/stm32l4xx_it.o
                0x0000000008004498                RTC_Alarm_IRQHandler
 .text          0x00000000080044a8       0x30 /home/obu/opt/gcc-arm-none-eabi-7-2017-q4-major/bin/../lib/gcc/arm-none-eabi/7.2.1/thumb/v7e-m/libgcc.a(_aeabi_uldivmod.o)
                0x00000000080044a8                __aeabi_uldivmod
 .text          0x00000000080044d8      0x2cc /home/obu/opt/gcc-arm-none-eabi-7-2017-q4-major/bin/../lib/gcc/arm-none-eabi/7.2.1/thumb/v7e-m/libgcc.a(_udivmoddi4.o)
                0x00000000080044d8                __udivmoddi4
 .text          0x00000000080047a4        0x4 /home/obu/opt/gcc-arm-none-eabi-7-2017-q4-major/bin/../lib/gcc/arm-none-eabi/7.2.1/thumb/v7e-m/libgcc.a(_dvmd_tls.o)
                0x00000000080047a4                __aeabi_ldiv0
                0x00000000080047a4                __aeabi_idiv0
 .text.__errno  0x00000000080047a8        0xc /home/obu/opt/gcc-arm-none-eabi-7-2017-q4-major/bin/../lib/gcc/arm-none-eabi/7.2.1/../../../../arm-none-eabi/lib/thumb/v7e-m/libg_nano.a(lib_a-errno.o)
                0x00000000080047a8                __errno
 .text.memcpy   0x00000000080047b4       0x16 /home/obu/opt/gcc-arm-none-eabi-7-2017-q4-major/bin/../lib/gcc/arm-none-eabi/7.2.1/../../../../arm-none-eabi/lib/thumb/v7e-m/libg_nano.a(lib_a-memcpy-stub.o)
                0x00000000080047b4                memcpy
 .text._vsnprintf_r
                0x00000000080047ca       0x58 /home/obu/opt/gcc-arm-none-eabi-7-2017-q4-major/bin/../lib/gcc/arm-none-eabi/7.2.1/../../../../arm-none-eabi/lib/thumb/v7e-m/libg_nano.a(lib_a-vsnprintf.o)
                0x00000000080047ca                _vsnprintf_r
                0x00000000080047ca                _vsniprintf_r
 *fill*         0x0000000008004822        0x2 
 .text.vsnprintf
                0x0000000008004824       0x1c /home/obu/opt/gcc-arm-none-eabi-7-2017-q4-major/bin/../lib/gcc/arm-none-eabi/7.2.1/../../../../arm-none-eabi/lib/thumb/v7e-m/libg_nano.a(lib_a-vsnprintf.o)
                0x0000000008004824                vsnprintf
                0x0000000008004824                vsniprintf
 .text.__ssputs_r
                0x0000000008004840       0xb4 /home/obu/opt/gcc-arm-none-eabi-7-2017-q4-major/bin/../lib/gcc/arm-none-eabi/7.2.1/../../../../arm-none-eabi/lib/thumb/v7e-m/libg_nano.a(lib_a-nano-svfprintf.o)
                0x0000000008004840                __ssputs_r
 .text._svfprintf_r
                0x00000000080048f4      0x1ec /home/obu/opt/gcc-arm-none-eabi-7-2017-q4-major/bin/../lib/gcc/arm-none-eabi/7.2.1/../../../../arm-none-eabi/lib/thumb/v7e-m/libg_nano.a(lib_a-nano-svfprintf.o)
                0x00000000080048f4                _svfprintf_r
                0x00000000080048f4                _svfiprintf_r
 .text._printf_common
                0x0000000008004ae0       0xea /home/obu/opt/gcc-arm-none-eabi-7-2017-q4-major/bin/../lib/gcc/arm-none-eabi/7.2.1/../../../../arm-none-eabi/lib/thumb/v7e-m/libg_nano.a(lib_a-nano-vfprintf_i.o)
                0x0000000008004ae0                _printf_common
 *fill*         0x0000000008004bca        0x2 
 .text._printf_i
                0x0000000008004bcc      0x224 /home/obu/opt/gcc-arm-none-eabi-7-2017-q4-major/bin/../lib/gcc/arm-none-eabi/7.2.1/../../../../arm-none-eabi/lib/thumb/v7e-m/libg_nano.a(lib_a-nano-vfprintf_i.o)
                0x0000000008004bcc                _printf_i
 .text          0x0000000008004df0       0xa0 /home/obu/opt/gcc-arm-none-eabi-7-2017-q4-major/bin/../lib/gcc/arm-none-eabi/7.2.1/../../../../arm-none-eabi/lib/thumb/v7e-m/libg_nano.a(lib_a-memchr.o)
                0x0000000008004df0                memchr
 .text.memmove  0x0000000008004e90       0x32 /home/obu/opt/gcc-arm-none-eabi-7-2017-q4-major/bin/../lib/gcc/arm-none-eabi/7.2.1/../../../../arm-none-eabi/lib/thumb/v7e-m/libg_nano.a(lib_a-memmove.o)
                0x0000000008004e90                memmove
 *fill*         0x0000000008004ec2        0x2 
 .text._free_r  0x0000000008004ec4       0x9c /home/obu/opt/gcc-arm-none-eabi-7-2017-q4-major/bin/../lib/gcc/arm-none-eabi/7.2.1/../../../../arm-none-eabi/lib/thumb/v7e-m/libg_nano.a(lib_a-nano-freer.o)
                0x0000000008004ec4                _free_r
 .text._malloc_r
                0x0000000008004f60       0xb4 /home/obu/opt/gcc-arm-none-eabi-7-2017-q4-major/bin/../lib/gcc/arm-none-eabi/7.2.1/../../../../arm-none-eabi/lib/thumb/v7e-m/libg_nano.a(lib_a-nano-mallocr.o)
                0x0000000008004f60                _malloc_r
 .text._realloc_r
                0x0000000008005014       0x4c /home/obu/opt/gcc-arm-none-eabi-7-2017-q4-major/bin/../lib/gcc/arm-none-eabi/7.2.1/../../../../arm-none-eabi/lib/thumb/v7e-m/libg_nano.a(lib_a-nano-reallocr.o)
                0x0000000008005014                _realloc_r
 .text._sbrk_r  0x0000000008005060       0x20 /home/obu/opt/gcc-arm-none-eabi-7-2017-q4-major/bin/../lib/gcc/arm-none-eabi/7.2.1/../../../../arm-none-eabi/lib/thumb/v7e-m/libg_nano.a(lib_a-sbrkr.o)
                0x0000000008005060                _sbrk_r
 .text.__malloc_lock
                0x0000000008005080        0x2 /home/obu/opt/gcc-arm-none-eabi-7-2017-q4-major/bin/../lib/gcc/arm-none-eabi/7.2.1/../../../../arm-none-eabi/lib/thumb/v7e-m/libg_nano.a(lib_a-mlock.o)
                0x0000000008005080                __malloc_lock
 .text.__malloc_unlock
                0x0000000008005082        0x2 /home/obu/opt/gcc-arm-none-eabi-7-2017-q4-major/bin/../lib/gcc/arm-none-eabi/7.2.1/../../../../arm-none-eabi/lib/thumb/v7e-m/libg_nano.a(lib_a-mlock.o)
                0x0000000008005082                __malloc_unlock
 .text._malloc_usable_size_r
                0x0000000008005084       0x10 /home/obu/opt/gcc-arm-none-eabi-7-2017-q4-major/bin/../lib/gcc/arm-none-eabi/7.2.1/../../../../arm-none-eabi/lib/thumb/v7e-m/libg_nano.a(lib_a-nano-msizer.o)
                0x0000000008005084                _malloc_usable_size_r
 *(.rodata .rodata.* .constdata .constdata.*)
 .rodata.dumpExceptionStack.str1.4
                0x0000000008005094      0x11a ./system/src/cortexm/exception_handlers.o
 *fill*         0x00000000080051ae        0x2 
 .rodata.str1.4
                0x00000000080051b0       0x2a ./system/src/cortexm/exception_handlers.o
 *fill*         0x00000000080051da        0x2 
 .rodata.AHBPrescTable
                0x00000000080051dc       0x10 ./system/src/cmsis/system_stm32l4xx.o
                0x00000000080051dc                AHBPrescTable
 .rodata.APBPrescTable
                0x00000000080051ec        0x8 ./system/src/cmsis/system_stm32l4xx.o
                0x00000000080051ec                APBPrescTable
 .rodata.MSIRangeTable
                0x00000000080051f4       0x30 ./system/src/cmsis/system_stm32l4xx.o
                0x00000000080051f4                MSIRangeTable
 .rodata.MX_SPI2_Init.str1.4
                0x0000000008005224        0xe ./src/main.o
 *fill*         0x0000000008005232        0x2 
 .rodata.HAL_ADC_MspInit.str1.4
                0x0000000008005234       0x1c ./src/stm32l4xx_hal_msp.o
                                         0x1b (size before relaxing)
 .rodata._svfprintf_r.str1.1
                0x0000000008005250       0x11 /home/obu/opt/gcc-arm-none-eabi-7-2017-q4-major/bin/../lib/gcc/arm-none-eabi/7.2.1/../../../../arm-none-eabi/lib/thumb/v7e-m/libg_nano.a(lib_a-nano-svfprintf.o)
 .rodata._printf_i.str1.1
                0x0000000008005261       0x22 /home/obu/opt/gcc-arm-none-eabi-7-2017-q4-major/bin/../lib/gcc/arm-none-eabi/7.2.1/../../../../arm-none-eabi/lib/thumb/v7e-m/libg_nano.a(lib_a-nano-vfprintf_i.o)
 *(vtable)
 *(.eh_frame*)
 *(.glue_7)
 .glue_7        0x0000000008005283        0x0 linker stubs
 *(.glue_7t)
 .glue_7t       0x0000000008005283        0x0 linker stubs

.vfp11_veneer   0x0000000008005284        0x0
 .vfp11_veneer  0x0000000008005284        0x0 linker stubs

.v4_bx          0x0000000008005284        0x0
 .v4_bx         0x0000000008005284        0x0 linker stubs

.iplt           0x0000000008005284        0x0
 .iplt          0x0000000008005284        0x0 ./system/src/stm32l4xx/stm32l4xx_hal.o

.ARM.extab
 *(.ARM.extab* .gnu.linkonce.armextab.*)
                0x0000000008005284                . = ALIGN (0x4)
                0x0000000008005284                __exidx_start = .

.ARM.exidx      0x0000000008005284        0x8
 *(.ARM.exidx* .gnu.linkonce.armexidx.*)
 .ARM.exidx     0x0000000008005284        0x8 /home/obu/opt/gcc-arm-none-eabi-7-2017-q4-major/bin/../lib/gcc/arm-none-eabi/7.2.1/thumb/v7e-m/libgcc.a(_udivmoddi4.o)
                0x000000000800528c                __exidx_end = .

.rel.dyn        0x000000000800528c        0x0
 .rel.iplt      0x000000000800528c        0x0 ./system/src/stm32l4xx/stm32l4xx_hal.o
                0x000000000800528c                . = ALIGN (0x4)
                0x000000000800528c                _etext = .
                0x000000000800528c                __etext = .

.data_CCMRAM    0x0000000010000000        0x0 load address 0x000000000800528c
 FILL mask 0xff
 *(.data.CCMRAM .data.CCMRAM.*)
                0x0000000010000000                . = ALIGN (0x4)
                0x000000000800528c                _sidata = LOADADDR (.data)

.data           0x0000000020000000       0x78 load address 0x000000000800528c
 FILL mask 0xff
                0x0000000020000000                _sdata = .
                0x0000000020000000                __data_start__ = .
 *(.data_begin .data_begin.*)
 .data_begin    0x0000000020000000        0x4 ./system/src/newlib/_startup.o
 *(.data .data.*)
 .data.argv.4310
                0x0000000020000004        0x8 ./system/src/newlib/_syscalls.o
 .data.SystemCoreClock
                0x000000002000000c        0x4 ./system/src/cmsis/system_stm32l4xx.o
                0x000000002000000c                SystemCoreClock
 .data._impure_ptr
                0x0000000020000010        0x4 /home/obu/opt/gcc-arm-none-eabi-7-2017-q4-major/bin/../lib/gcc/arm-none-eabi/7.2.1/../../../../arm-none-eabi/lib/thumb/v7e-m/libg_nano.a(lib_a-impure.o)
                0x0000000020000010                _impure_ptr
 .data.impure_data
                0x0000000020000014       0x60 /home/obu/opt/gcc-arm-none-eabi-7-2017-q4-major/bin/../lib/gcc/arm-none-eabi/7.2.1/../../../../arm-none-eabi/lib/thumb/v7e-m/libg_nano.a(lib_a-impure.o)
 *(.data_end .data_end.*)
 .data_end      0x0000000020000074        0x4 ./system/src/newlib/_startup.o
                0x0000000020000078                . = ALIGN (0x4)
                0x0000000020000078                _edata = .
                0x0000000020000078                __data_end__ = .

.igot.plt       0x0000000020000078        0x0 load address 0x0000000008005304
 .igot.plt      0x0000000020000078        0x0 ./system/src/stm32l4xx/stm32l4xx_hal.o

.bss_CCMRAM     0x0000000010000000        0x0
 *(.bss.CCMRAM .bss.CCMRAM.*)

.bss            0x0000000020000078      0x2fc
                0x0000000020000078                __bss_start__ = .
                0x0000000020000078                _sbss = .
 *(.bss_begin .bss_begin.*)
 .bss_begin     0x0000000020000078        0x4 ./system/src/newlib/_startup.o
 *(.bss .bss.*)
 .bss.current_heap_end.3961
                0x000000002000007c        0x4 ./system/src/newlib/_sbrk.o
 .bss.name.4309
                0x0000000020000080        0x1 ./system/src/newlib/_syscalls.o
 *fill*         0x0000000020000081        0x3 
 .bss.buf.5205  0x0000000020000084       0x80 ./system/src/diag/Trace.o
 .bss.__malloc_free_list
                0x0000000020000104        0x4 /home/obu/opt/gcc-arm-none-eabi-7-2017-q4-major/bin/../lib/gcc/arm-none-eabi/7.2.1/../../../../arm-none-eabi/lib/thumb/v7e-m/libg_nano.a(lib_a-nano-mallocr.o)
                0x0000000020000104                __malloc_free_list
 .bss.__malloc_sbrk_start
                0x0000000020000108        0x4 /home/obu/opt/gcc-arm-none-eabi-7-2017-q4-major/bin/../lib/gcc/arm-none-eabi/7.2.1/../../../../arm-none-eabi/lib/thumb/v7e-m/libg_nano.a(lib_a-nano-mallocr.o)
                0x0000000020000108                __malloc_sbrk_start
 *(COMMON)
 COMMON         0x000000002000010c        0x4 ./system/src/stm32l4xx/stm32l4xx_hal.o
                0x000000002000010c                uwTick
 COMMON         0x0000000020000110        0x4 ./system/src/newlib/_syscalls.o
                0x0000000020000110                errno
 COMMON         0x0000000020000114      0x25c ./src/main.o
                0x0000000020000114                hspi2
                0x0000000020000178                huart3
                0x00000000200001e8                hadc1
                0x0000000020000250                hdma_adc1
                0x0000000020000298                hrtc
                0x00000000200002bc                htim1
                0x00000000200002f8                htim2
                0x0000000020000334                htim16
 *(.bss_end .bss_end.*)
 .bss_end       0x0000000020000370        0x4 ./system/src/newlib/_startup.o
                0x0000000020000374                . = ALIGN (0x4)
                0x0000000020000374                __bss_end__ = .
                0x0000000020000374                _ebss = .

.noinit_CCMRAM
 *(.noinit.CCMRAM .noinit.CCMRAM.*)

.noinit         0x0000000020000374        0x0
                0x0000000020000374                _noinit = .
 *(.noinit .noinit.*)
                0x0000000020000374                . = ALIGN (0x4)
                0x0000000020000374                _end_noinit = .
                [!provide]                        PROVIDE (end, _end_noinit)
                [!provide]                        PROVIDE (_end, _end_noinit)
                [!provide]                        PROVIDE (__end, _end_noinit)
                [!provide]                        PROVIDE (__end__, _end_noinit)

._check_stack   0x0000000020000374      0x100
                0x0000000020000474                . = (. + _Minimum_Stack_Size)
 *fill*         0x0000000020000374      0x100 

.b1text
 *(.b1text)
 *(.b1rodata)
 *(.b1rodata.*)

.eb0text
 *(.eb0text)
 *(.eb0rodata)
 *(.eb0rodata.*)

.eb1text
 *(.eb1text)
 *(.eb1rodata)
 *(.eb1rodata.*)

.eb2text
 *(.eb2text)
 *(.eb2rodata)
 *(.eb2rodata.*)

.eb3text
 *(.eb3text)
 *(.eb3rodata)
 *(.eb3rodata.*)

.stab
 *(.stab)

.stabstr
 *(.stabstr)

.stab.excl
 *(.stab.excl)

.stab.exclstr
 *(.stab.exclstr)

.stab.index
 *(.stab.index)

.stab.indexstr
 *(.stab.indexstr)

.comment        0x0000000000000000       0x7e
 *(.comment)
 .comment       0x0000000000000000       0x7e ./system/src/stm32l4xx/stm32l4xx_hal.o
                                         0x7f (size before relaxing)
 .comment       0x000000000000007e       0x7f ./system/src/stm32l4xx/stm32l4xx_hal_adc.o
 .comment       0x000000000000007e       0x7f ./system/src/stm32l4xx/stm32l4xx_hal_adc_ex.o
 .comment       0x000000000000007e       0x7f ./system/src/stm32l4xx/stm32l4xx_hal_cortex.o
 .comment       0x000000000000007e       0x7f ./system/src/stm32l4xx/stm32l4xx_hal_dma.o
 .comment       0x000000000000007e       0x7f ./system/src/stm32l4xx/stm32l4xx_hal_gpio.o
 .comment       0x000000000000007e       0x7f ./system/src/stm32l4xx/stm32l4xx_hal_pwr_ex.o
 .comment       0x000000000000007e       0x7f ./system/src/stm32l4xx/stm32l4xx_hal_rcc.o
 .comment       0x000000000000007e       0x7f ./system/src/stm32l4xx/stm32l4xx_hal_rcc_ex.o
 .comment       0x000000000000007e       0x7f ./system/src/stm32l4xx/stm32l4xx_hal_rtc.o
 .comment       0x000000000000007e       0x7f ./system/src/stm32l4xx/stm32l4xx_hal_rtc_ex.o
 .comment       0x000000000000007e       0x7f ./system/src/stm32l4xx/stm32l4xx_hal_spi.o
 .comment       0x000000000000007e       0x7f ./system/src/stm32l4xx/stm32l4xx_hal_tim.o
 .comment       0x000000000000007e       0x7f ./system/src/stm32l4xx/stm32l4xx_hal_tim_ex.o
 .comment       0x000000000000007e       0x7f ./system/src/stm32l4xx/stm32l4xx_hal_uart.o
 .comment       0x000000000000007e       0x7f ./system/src/newlib/_exit.o
 .comment       0x000000000000007e       0x7f ./system/src/newlib/_sbrk.o
 .comment       0x000000000000007e       0x7f ./system/src/newlib/_startup.o
 .comment       0x000000000000007e       0x7f ./system/src/newlib/_syscalls.o
 .comment       0x000000000000007e       0x7f ./system/src/diag/Trace.o
 .comment       0x000000000000007e       0x7f ./system/src/diag/trace_impl.o
 .comment       0x000000000000007e       0x7f ./system/src/cortexm/_initialize_hardware.o
 .comment       0x000000000000007e       0x7f ./system/src/cortexm/exception_handlers.o
 .comment       0x000000000000007e       0x7f ./system/src/cmsis/system_stm32l4xx.o
 .comment       0x000000000000007e       0x7f ./src/main.o
 .comment       0x000000000000007e       0x7f ./src/stm32l4xx_hal_msp.o
 .comment       0x000000000000007e       0x7f ./src/stm32l4xx_it.o

.ARM.attributes
                0x0000000000000000       0x31
 .ARM.attributes
                0x0000000000000000       0x33 ./system/src/stm32l4xx/stm32l4xx_hal.o
 .ARM.attributes
                0x0000000000000033       0x33 ./system/src/stm32l4xx/stm32l4xx_hal_adc.o
 .ARM.attributes
                0x0000000000000066       0x33 ./system/src/stm32l4xx/stm32l4xx_hal_adc_ex.o
 .ARM.attributes
                0x0000000000000099       0x33 ./system/src/stm32l4xx/stm32l4xx_hal_cortex.o
 .ARM.attributes
                0x00000000000000cc       0x33 ./system/src/stm32l4xx/stm32l4xx_hal_dma.o
 .ARM.attributes
                0x00000000000000ff       0x33 ./system/src/stm32l4xx/stm32l4xx_hal_gpio.o
 .ARM.attributes
                0x0000000000000132       0x33 ./system/src/stm32l4xx/stm32l4xx_hal_pwr_ex.o
 .ARM.attributes
                0x0000000000000165       0x33 ./system/src/stm32l4xx/stm32l4xx_hal_rcc.o
 .ARM.attributes
                0x0000000000000198       0x33 ./system/src/stm32l4xx/stm32l4xx_hal_rcc_ex.o
 .ARM.attributes
                0x00000000000001cb       0x33 ./system/src/stm32l4xx/stm32l4xx_hal_rtc.o
 .ARM.attributes
                0x00000000000001fe       0x33 ./system/src/stm32l4xx/stm32l4xx_hal_rtc_ex.o
 .ARM.attributes
                0x0000000000000231       0x33 ./system/src/stm32l4xx/stm32l4xx_hal_spi.o
 .ARM.attributes
                0x0000000000000264       0x33 ./system/src/stm32l4xx/stm32l4xx_hal_tim.o
 .ARM.attributes
                0x0000000000000297       0x33 ./system/src/stm32l4xx/stm32l4xx_hal_tim_ex.o
 .ARM.attributes
                0x00000000000002ca       0x33 ./system/src/stm32l4xx/stm32l4xx_hal_uart.o
 .ARM.attributes
                0x00000000000002fd       0x33 ./system/src/newlib/_exit.o
 .ARM.attributes
                0x0000000000000330       0x33 ./system/src/newlib/_sbrk.o
 .ARM.attributes
                0x0000000000000363       0x33 ./system/src/newlib/_startup.o
 .ARM.attributes
                0x0000000000000396       0x33 ./system/src/newlib/_syscalls.o
 .ARM.attributes
                0x00000000000003c9       0x33 ./system/src/diag/Trace.o
 .ARM.attributes
                0x00000000000003fc       0x33 ./system/src/diag/trace_impl.o
 .ARM.attributes
                0x000000000000042f       0x33 ./system/src/cortexm/_initialize_hardware.o
 .ARM.attributes
                0x0000000000000462       0x33 ./system/src/cortexm/exception_handlers.o
 .ARM.attributes
                0x0000000000000495       0x21 ./system/src/cmsis/startup_stm32l433xx.o
 .ARM.attributes
                0x00000000000004b6       0x33 ./system/src/cmsis/system_stm32l4xx.o
 .ARM.attributes
                0x00000000000004e9       0x33 ./src/main.o
 .ARM.attributes
                0x000000000000051c       0x33 ./src/stm32l4xx_hal_msp.o
 .ARM.attributes
                0x000000000000054f       0x33 ./src/stm32l4xx_it.o
 .ARM.attributes
                0x0000000000000582       0x1e /home/obu/opt/gcc-arm-none-eabi-7-2017-q4-major/bin/../lib/gcc/arm-none-eabi/7.2.1/thumb/v7e-m/libgcc.a(_aeabi_uldivmod.o)
 .ARM.attributes
                0x00000000000005a0       0x2e /home/obu/opt/gcc-arm-none-eabi-7-2017-q4-major/bin/../lib/gcc/arm-none-eabi/7.2.1/thumb/v7e-m/libgcc.a(_udivmoddi4.o)
 .ARM.attributes
                0x00000000000005ce       0x1e /home/obu/opt/gcc-arm-none-eabi-7-2017-q4-major/bin/../lib/gcc/arm-none-eabi/7.2.1/thumb/v7e-m/libgcc.a(_dvmd_tls.o)
 .ARM.attributes
                0x00000000000005ec       0x2e /home/obu/opt/gcc-arm-none-eabi-7-2017-q4-major/bin/../lib/gcc/arm-none-eabi/7.2.1/../../../../arm-none-eabi/lib/thumb/v7e-m/libg_nano.a(lib_a-errno.o)
 .ARM.attributes
                0x000000000000061a       0x2e /home/obu/opt/gcc-arm-none-eabi-7-2017-q4-major/bin/../lib/gcc/arm-none-eabi/7.2.1/../../../../arm-none-eabi/lib/thumb/v7e-m/libg_nano.a(lib_a-impure.o)
 .ARM.attributes
                0x0000000000000648       0x2e /home/obu/opt/gcc-arm-none-eabi-7-2017-q4-major/bin/../lib/gcc/arm-none-eabi/7.2.1/../../../../arm-none-eabi/lib/thumb/v7e-m/libg_nano.a(lib_a-memcpy-stub.o)
 .ARM.attributes
                0x0000000000000676       0x2e /home/obu/opt/gcc-arm-none-eabi-7-2017-q4-major/bin/../lib/gcc/arm-none-eabi/7.2.1/../../../../arm-none-eabi/lib/thumb/v7e-m/libg_nano.a(lib_a-vsnprintf.o)
 .ARM.attributes
                0x00000000000006a4       0x2e /home/obu/opt/gcc-arm-none-eabi-7-2017-q4-major/bin/../lib/gcc/arm-none-eabi/7.2.1/../../../../arm-none-eabi/lib/thumb/v7e-m/libg_nano.a(lib_a-nano-svfprintf.o)
 .ARM.attributes
                0x00000000000006d2       0x2e /home/obu/opt/gcc-arm-none-eabi-7-2017-q4-major/bin/../lib/gcc/arm-none-eabi/7.2.1/../../../../arm-none-eabi/lib/thumb/v7e-m/libg_nano.a(lib_a-nano-vfprintf_i.o)
 .ARM.attributes
                0x0000000000000700       0x1c /home/obu/opt/gcc-arm-none-eabi-7-2017-q4-major/bin/../lib/gcc/arm-none-eabi/7.2.1/../../../../arm-none-eabi/lib/thumb/v7e-m/libg_nano.a(lib_a-memchr.o)
 .ARM.attributes
                0x000000000000071c       0x2e /home/obu/opt/gcc-arm-none-eabi-7-2017-q4-major/bin/../lib/gcc/arm-none-eabi/7.2.1/../../../../arm-none-eabi/lib/thumb/v7e-m/libg_nano.a(lib_a-memmove.o)
 .ARM.attributes
                0x000000000000074a       0x2e /home/obu/opt/gcc-arm-none-eabi-7-2017-q4-major/bin/../lib/gcc/arm-none-eabi/7.2.1/../../../../arm-none-eabi/lib/thumb/v7e-m/libg_nano.a(lib_a-nano-freer.o)
 .ARM.attributes
                0x0000000000000778       0x2e /home/obu/opt/gcc-arm-none-eabi-7-2017-q4-major/bin/../lib/gcc/arm-none-eabi/7.2.1/../../../../arm-none-eabi/lib/thumb/v7e-m/libg_nano.a(lib_a-nano-mallocr.o)
 .ARM.attributes
                0x00000000000007a6       0x2e /home/obu/opt/gcc-arm-none-eabi-7-2017-q4-major/bin/../lib/gcc/arm-none-eabi/7.2.1/../../../../arm-none-eabi/lib/thumb/v7e-m/libg_nano.a(lib_a-nano-reallocr.o)
 .ARM.attributes
                0x00000000000007d4       0x2e /home/obu/opt/gcc-arm-none-eabi-7-2017-q4-major/bin/../lib/gcc/arm-none-eabi/7.2.1/../../../../arm-none-eabi/lib/thumb/v7e-m/libg_nano.a(lib_a-sbrkr.o)
 .ARM.attributes
                0x0000000000000802       0x2e /home/obu/opt/gcc-arm-none-eabi-7-2017-q4-major/bin/../lib/gcc/arm-none-eabi/7.2.1/../../../../arm-none-eabi/lib/thumb/v7e-m/libg_nano.a(lib_a-mlock.o)
 .ARM.attributes
                0x0000000000000830       0x2e /home/obu/opt/gcc-arm-none-eabi-7-2017-q4-major/bin/../lib/gcc/arm-none-eabi/7.2.1/../../../../arm-none-eabi/lib/thumb/v7e-m/libg_nano.a(lib_a-nano-msizer.o)

.debug
 *(.debug)

.line
 *(.line)

.debug_srcinfo
 *(.debug_srcinfo)

.debug_sfnames
 *(.debug_sfnames)

.debug_aranges  0x0000000000000000     0x1518
 *(.debug_aranges)
 .debug_aranges
                0x0000000000000000      0x118 ./system/src/stm32l4xx/stm32l4xx_hal.o
 .debug_aranges
                0x0000000000000118       0xf8 ./system/src/stm32l4xx/stm32l4xx_hal_adc.o
 .debug_aranges
                0x0000000000000210       0xc8 ./system/src/stm32l4xx/stm32l4xx_hal_adc_ex.o
 .debug_aranges
                0x00000000000002d8       0x98 ./system/src/stm32l4xx/stm32l4xx_hal_cortex.o
 .debug_aranges
                0x0000000000000370       0x80 ./system/src/stm32l4xx/stm32l4xx_hal_dma.o
 .debug_aranges
                0x00000000000003f0       0x58 ./system/src/stm32l4xx/stm32l4xx_hal_gpio.o
 .debug_aranges
                0x0000000000000448      0x120 ./system/src/stm32l4xx/stm32l4xx_hal_pwr_ex.o
 .debug_aranges
                0x0000000000000568       0x88 ./system/src/stm32l4xx/stm32l4xx_hal_rcc.o
 .debug_aranges
                0x00000000000005f0       0xe8 ./system/src/stm32l4xx/stm32l4xx_hal_rcc_ex.o
 .debug_aranges
                0x00000000000006d8       0xb8 ./system/src/stm32l4xx/stm32l4xx_hal_rtc.o
 .debug_aranges
                0x0000000000000790      0x140 ./system/src/stm32l4xx/stm32l4xx_hal_rtc_ex.o
 .debug_aranges
                0x00000000000008d0      0x1d8 ./system/src/stm32l4xx/stm32l4xx_hal_spi.o
 .debug_aranges
                0x0000000000000aa8      0x378 ./system/src/stm32l4xx/stm32l4xx_hal_tim.o
 .debug_aranges
                0x0000000000000e20      0x150 ./system/src/stm32l4xx/stm32l4xx_hal_tim_ex.o
 .debug_aranges
                0x0000000000000f70      0x1e8 ./system/src/stm32l4xx/stm32l4xx_hal_uart.o
 .debug_aranges
                0x0000000000001158       0x28 ./system/src/newlib/_exit.o
 .debug_aranges
                0x0000000000001180       0x20 ./system/src/newlib/_sbrk.o
 .debug_aranges
                0x00000000000011a0       0x40 ./system/src/newlib/_startup.o
 .debug_aranges
                0x00000000000011e0       0x30 ./system/src/newlib/_syscalls.o
 .debug_aranges
                0x0000000000001210       0x38 ./system/src/diag/Trace.o
 .debug_aranges
                0x0000000000001248       0x30 ./system/src/diag/trace_impl.o
 .debug_aranges
                0x0000000000001278       0x28 ./system/src/cortexm/_initialize_hardware.o
 .debug_aranges
                0x00000000000012a0       0x90 ./system/src/cortexm/exception_handlers.o
 .debug_aranges
                0x0000000000001330       0x28 ./system/src/cmsis/startup_stm32l433xx.o
 .debug_aranges
                0x0000000000001358       0x28 ./system/src/cmsis/system_stm32l4xx.o
 .debug_aranges
                0x0000000000001380       0x78 ./src/main.o
 .debug_aranges
                0x00000000000013f8       0x78 ./src/stm32l4xx_hal_msp.o
 .debug_aranges
                0x0000000000001470       0xa8 ./src/stm32l4xx_it.o

.debug_pubnames
 *(.debug_pubnames)

.debug_info     0x0000000000000000    0x25235
 *(.debug_info .gnu.linkonce.wi.*)
 .debug_info    0x0000000000000000     0x12a8 ./system/src/stm32l4xx/stm32l4xx_hal.o
 .debug_info    0x00000000000012a8     0x1ffc ./system/src/stm32l4xx/stm32l4xx_hal_adc.o
 .debug_info    0x00000000000032a4     0x1bfe ./system/src/stm32l4xx/stm32l4xx_hal_adc_ex.o
 .debug_info    0x0000000000004ea2     0x1689 ./system/src/stm32l4xx/stm32l4xx_hal_cortex.o
 .debug_info    0x000000000000652b     0x1051 ./system/src/stm32l4xx/stm32l4xx_hal_dma.o
 .debug_info    0x000000000000757c     0x1060 ./system/src/stm32l4xx/stm32l4xx_hal_gpio.o
 .debug_info    0x00000000000085dc     0x123f ./system/src/stm32l4xx/stm32l4xx_hal_pwr_ex.o
 .debug_info    0x000000000000981b     0x1549 ./system/src/stm32l4xx/stm32l4xx_hal_rcc.o
 .debug_info    0x000000000000ad64     0x18c2 ./system/src/stm32l4xx/stm32l4xx_hal_rcc_ex.o
 .debug_info    0x000000000000c626     0x1794 ./system/src/stm32l4xx/stm32l4xx_hal_rtc.o
 .debug_info    0x000000000000ddba     0x1a52 ./system/src/stm32l4xx/stm32l4xx_hal_rtc_ex.o
 .debug_info    0x000000000000f80c     0x25ac ./system/src/stm32l4xx/stm32l4xx_hal_spi.o
 .debug_info    0x0000000000011db8     0x379f ./system/src/stm32l4xx/stm32l4xx_hal_tim.o
 .debug_info    0x0000000000015557     0x1cf4 ./system/src/stm32l4xx/stm32l4xx_hal_tim_ex.o
 .debug_info    0x000000000001724b     0x234e ./system/src/stm32l4xx/stm32l4xx_hal_uart.o
 .debug_info    0x0000000000019599      0x956 ./system/src/newlib/_exit.o
 .debug_info    0x0000000000019eef      0x942 ./system/src/newlib/_sbrk.o
 .debug_info    0x000000000001a831      0x42e ./system/src/newlib/_startup.o
 .debug_info    0x000000000001ac5f      0xa19 ./system/src/newlib/_syscalls.o
 .debug_info    0x000000000001b678      0xb2a ./system/src/diag/Trace.o
 .debug_info    0x000000000001c1a2      0x363 ./system/src/diag/trace_impl.o
 .debug_info    0x000000000001c505      0x2b5 ./system/src/cortexm/_initialize_hardware.o
 .debug_info    0x000000000001c7ba     0x115a ./system/src/cortexm/exception_handlers.o
 .debug_info    0x000000000001d914       0x22 ./system/src/cmsis/startup_stm32l433xx.o
 .debug_info    0x000000000001d936      0x5a6 ./system/src/cmsis/system_stm32l4xx.o
 .debug_info    0x000000000001dedc     0x3438 ./src/main.o
 .debug_info    0x0000000000021314     0x276f ./src/stm32l4xx_hal_msp.o
 .debug_info    0x0000000000023a83     0x17b2 ./src/stm32l4xx_it.o

.debug_abbrev   0x0000000000000000     0x460f
 *(.debug_abbrev)
 .debug_abbrev  0x0000000000000000      0x2ee ./system/src/stm32l4xx/stm32l4xx_hal.o
 .debug_abbrev  0x00000000000002ee      0x2f2 ./system/src/stm32l4xx/stm32l4xx_hal_adc.o
 .debug_abbrev  0x00000000000005e0      0x32c ./system/src/stm32l4xx/stm32l4xx_hal_adc_ex.o
 .debug_abbrev  0x000000000000090c      0x3ba ./system/src/stm32l4xx/stm32l4xx_hal_cortex.o
 .debug_abbrev  0x0000000000000cc6      0x2d6 ./system/src/stm32l4xx/stm32l4xx_hal_dma.o
 .debug_abbrev  0x0000000000000f9c      0x2a7 ./system/src/stm32l4xx/stm32l4xx_hal_gpio.o
 .debug_abbrev  0x0000000000001243      0x306 ./system/src/stm32l4xx/stm32l4xx_hal_pwr_ex.o
 .debug_abbrev  0x0000000000001549      0x30a ./system/src/stm32l4xx/stm32l4xx_hal_rcc.o
 .debug_abbrev  0x0000000000001853      0x30c ./system/src/stm32l4xx/stm32l4xx_hal_rcc_ex.o
 .debug_abbrev  0x0000000000001b5f      0x2b7 ./system/src/stm32l4xx/stm32l4xx_hal_rtc.o
 .debug_abbrev  0x0000000000001e16      0x2c6 ./system/src/stm32l4xx/stm32l4xx_hal_rtc_ex.o
 .debug_abbrev  0x00000000000020dc      0x2e1 ./system/src/stm32l4xx/stm32l4xx_hal_spi.o
 .debug_abbrev  0x00000000000023bd      0x2e0 ./system/src/stm32l4xx/stm32l4xx_hal_tim.o
 .debug_abbrev  0x000000000000269d      0x2e0 ./system/src/stm32l4xx/stm32l4xx_hal_tim_ex.o
 .debug_abbrev  0x000000000000297d      0x330 ./system/src/stm32l4xx/stm32l4xx_hal_uart.o
 .debug_abbrev  0x0000000000002cad      0x1f3 ./system/src/newlib/_exit.o
 .debug_abbrev  0x0000000000002ea0      0x1fc ./system/src/newlib/_sbrk.o
 .debug_abbrev  0x000000000000309c      0x1b3 ./system/src/newlib/_startup.o
 .debug_abbrev  0x000000000000324f      0x234 ./system/src/newlib/_syscalls.o
 .debug_abbrev  0x0000000000003483      0x276 ./system/src/diag/Trace.o
 .debug_abbrev  0x00000000000036f9      0x1e2 ./system/src/diag/trace_impl.o
 .debug_abbrev  0x00000000000038db       0xea ./system/src/cortexm/_initialize_hardware.o
 .debug_abbrev  0x00000000000039c5      0x32b ./system/src/cortexm/exception_handlers.o
 .debug_abbrev  0x0000000000003cf0       0x12 ./system/src/cmsis/startup_stm32l433xx.o
 .debug_abbrev  0x0000000000003d02      0x134 ./system/src/cmsis/system_stm32l4xx.o
 .debug_abbrev  0x0000000000003e36      0x2f6 ./src/main.o
 .debug_abbrev  0x000000000000412c      0x2a8 ./src/stm32l4xx_hal_msp.o
 .debug_abbrev  0x00000000000043d4      0x23b ./src/stm32l4xx_it.o

.debug_line     0x0000000000000000     0xf6f7
 *(.debug_line)
 .debug_line    0x0000000000000000      0x905 ./system/src/stm32l4xx/stm32l4xx_hal.o
 .debug_line    0x0000000000000905      0xed5 ./system/src/stm32l4xx/stm32l4xx_hal_adc.o
 .debug_line    0x00000000000017da      0xc74 ./system/src/stm32l4xx/stm32l4xx_hal_adc_ex.o
 .debug_line    0x000000000000244e      0x8ae ./system/src/stm32l4xx/stm32l4xx_hal_cortex.o
 .debug_line    0x0000000000002cfc      0x917 ./system/src/stm32l4xx/stm32l4xx_hal_dma.o
 .debug_line    0x0000000000003613      0x81a ./system/src/stm32l4xx/stm32l4xx_hal_gpio.o
 .debug_line    0x0000000000003e2d      0xa92 ./system/src/stm32l4xx/stm32l4xx_hal_pwr_ex.o
 .debug_line    0x00000000000048bf      0xa06 ./system/src/stm32l4xx/stm32l4xx_hal_rcc.o
 .debug_line    0x00000000000052c5      0xc41 ./system/src/stm32l4xx/stm32l4xx_hal_rcc_ex.o
 .debug_line    0x0000000000005f06      0xa8b ./system/src/stm32l4xx/stm32l4xx_hal_rtc.o
 .debug_line    0x0000000000006991      0xe11 ./system/src/stm32l4xx/stm32l4xx_hal_rtc_ex.o
 .debug_line    0x00000000000077a2     0x11c9 ./system/src/stm32l4xx/stm32l4xx_hal_spi.o
 .debug_line    0x000000000000896b     0x17c3 ./system/src/stm32l4xx/stm32l4xx_hal_tim.o
 .debug_line    0x000000000000a12e      0xd39 ./system/src/stm32l4xx/stm32l4xx_hal_tim_ex.o
 .debug_line    0x000000000000ae67     0x1184 ./system/src/stm32l4xx/stm32l4xx_hal_uart.o
 .debug_line    0x000000000000bfeb      0x337 ./system/src/newlib/_exit.o
 .debug_line    0x000000000000c322      0x2eb ./system/src/newlib/_sbrk.o
 .debug_line    0x000000000000c60d      0x3a5 ./system/src/newlib/_startup.o
 .debug_line    0x000000000000c9b2      0x3fb ./system/src/newlib/_syscalls.o
 .debug_line    0x000000000000cdad      0x3b3 ./system/src/diag/Trace.o
 .debug_line    0x000000000000d160      0x42b ./system/src/diag/trace_impl.o
 .debug_line    0x000000000000d58b      0x179 ./system/src/cortexm/_initialize_hardware.o
 .debug_line    0x000000000000d704      0x4ed ./system/src/cortexm/exception_handlers.o
 .debug_line    0x000000000000dbf1       0x88 ./system/src/cmsis/startup_stm32l433xx.o
 .debug_line    0x000000000000dc79      0x1ca ./system/src/cmsis/system_stm32l4xx.o
 .debug_line    0x000000000000de43      0x8b1 ./src/main.o
 .debug_line    0x000000000000e6f4      0x81c ./src/stm32l4xx_hal_msp.o
 .debug_line    0x000000000000ef10      0x7e7 ./src/stm32l4xx_it.o

.debug_frame    0x0000000000000000     0x3a40
 *(.debug_frame)
 .debug_frame   0x0000000000000000      0x23c ./system/src/stm32l4xx/stm32l4xx_hal.o
 .debug_frame   0x000000000000023c      0x2f4 ./system/src/stm32l4xx/stm32l4xx_hal_adc.o
 .debug_frame   0x0000000000000530      0x218 ./system/src/stm32l4xx/stm32l4xx_hal_adc_ex.o
 .debug_frame   0x0000000000000748      0x13c ./system/src/stm32l4xx/stm32l4xx_hal_cortex.o
 .debug_frame   0x0000000000000884      0x158 ./system/src/stm32l4xx/stm32l4xx_hal_dma.o
 .debug_frame   0x00000000000009dc       0xec ./system/src/stm32l4xx/stm32l4xx_hal_gpio.o
 .debug_frame   0x0000000000000ac8      0x228 ./system/src/stm32l4xx/stm32l4xx_hal_pwr_ex.o
 .debug_frame   0x0000000000000cf0      0x154 ./system/src/stm32l4xx/stm32l4xx_hal_rcc.o
 .debug_frame   0x0000000000000e44      0x238 ./system/src/stm32l4xx/stm32l4xx_hal_rcc_ex.o
 .debug_frame   0x000000000000107c      0x204 ./system/src/stm32l4xx/stm32l4xx_hal_rtc.o
 .debug_frame   0x0000000000001280      0x370 ./system/src/stm32l4xx/stm32l4xx_hal_rtc_ex.o
 .debug_frame   0x00000000000015f0      0x5b4 ./system/src/stm32l4xx/stm32l4xx_hal_spi.o
 .debug_frame   0x0000000000001ba4      0xa0c ./system/src/stm32l4xx/stm32l4xx_hal_tim.o
 .debug_frame   0x00000000000025b0      0x3f0 ./system/src/stm32l4xx/stm32l4xx_hal_tim_ex.o
 .debug_frame   0x00000000000029a0      0x54c ./system/src/stm32l4xx/stm32l4xx_hal_uart.o
 .debug_frame   0x0000000000002eec       0x38 ./system/src/newlib/_exit.o
 .debug_frame   0x0000000000002f24       0x28 ./system/src/newlib/_sbrk.o
 .debug_frame   0x0000000000002f4c       0x7c ./system/src/newlib/_startup.o
 .debug_frame   0x0000000000002fc8       0x50 ./system/src/newlib/_syscalls.o
 .debug_frame   0x0000000000003018       0x94 ./system/src/diag/Trace.o
 .debug_frame   0x00000000000030ac       0x64 ./system/src/diag/trace_impl.o
 .debug_frame   0x0000000000003110       0x40 ./system/src/cortexm/_initialize_hardware.o
 .debug_frame   0x0000000000003150      0x158 ./system/src/cortexm/exception_handlers.o
 .debug_frame   0x00000000000032a8       0x30 ./system/src/cmsis/system_stm32l4xx.o
 .debug_frame   0x00000000000032d8      0x168 ./src/main.o
 .debug_frame   0x0000000000003440      0x158 ./src/stm32l4xx_hal_msp.o
 .debug_frame   0x0000000000003598      0x180 ./src/stm32l4xx_it.o
 .debug_frame   0x0000000000003718       0x2c /home/obu/opt/gcc-arm-none-eabi-7-2017-q4-major/bin/../lib/gcc/arm-none-eabi/7.2.1/thumb/v7e-m/libgcc.a(_aeabi_uldivmod.o)
 .debug_frame   0x0000000000003744       0x34 /home/obu/opt/gcc-arm-none-eabi-7-2017-q4-major/bin/../lib/gcc/arm-none-eabi/7.2.1/thumb/v7e-m/libgcc.a(_udivmoddi4.o)
 .debug_frame   0x0000000000003778       0x20 /home/obu/opt/gcc-arm-none-eabi-7-2017-q4-major/bin/../lib/gcc/arm-none-eabi/7.2.1/../../../../arm-none-eabi/lib/thumb/v7e-m/libg_nano.a(lib_a-errno.o)
 .debug_frame   0x0000000000003798       0x28 /home/obu/opt/gcc-arm-none-eabi-7-2017-q4-major/bin/../lib/gcc/arm-none-eabi/7.2.1/../../../../arm-none-eabi/lib/thumb/v7e-m/libg_nano.a(lib_a-memcpy-stub.o)
 .debug_frame   0x00000000000037c0       0x4c /home/obu/opt/gcc-arm-none-eabi-7-2017-q4-major/bin/../lib/gcc/arm-none-eabi/7.2.1/../../../../arm-none-eabi/lib/thumb/v7e-m/libg_nano.a(lib_a-vsnprintf.o)
 .debug_frame   0x000000000000380c       0x90 /home/obu/opt/gcc-arm-none-eabi-7-2017-q4-major/bin/../lib/gcc/arm-none-eabi/7.2.1/../../../../arm-none-eabi/lib/thumb/v7e-m/libg_nano.a(lib_a-nano-svfprintf.o)
 .debug_frame   0x000000000000389c       0x60 /home/obu/opt/gcc-arm-none-eabi-7-2017-q4-major/bin/../lib/gcc/arm-none-eabi/7.2.1/../../../../arm-none-eabi/lib/thumb/v7e-m/libg_nano.a(lib_a-nano-vfprintf_i.o)
 .debug_frame   0x00000000000038fc       0x28 /home/obu/opt/gcc-arm-none-eabi-7-2017-q4-major/bin/../lib/gcc/arm-none-eabi/7.2.1/../../../../arm-none-eabi/lib/thumb/v7e-m/libg_nano.a(lib_a-memmove.o)
 .debug_frame   0x0000000000003924       0x38 /home/obu/opt/gcc-arm-none-eabi-7-2017-q4-major/bin/../lib/gcc/arm-none-eabi/7.2.1/../../../../arm-none-eabi/lib/thumb/v7e-m/libg_nano.a(lib_a-nano-freer.o)
 .debug_frame   0x000000000000395c       0x2c /home/obu/opt/gcc-arm-none-eabi-7-2017-q4-major/bin/../lib/gcc/arm-none-eabi/7.2.1/../../../../arm-none-eabi/lib/thumb/v7e-m/libg_nano.a(lib_a-nano-mallocr.o)
 .debug_frame   0x0000000000003988       0x3c /home/obu/opt/gcc-arm-none-eabi-7-2017-q4-major/bin/../lib/gcc/arm-none-eabi/7.2.1/../../../../arm-none-eabi/lib/thumb/v7e-m/libg_nano.a(lib_a-nano-reallocr.o)
 .debug_frame   0x00000000000039c4       0x2c /home/obu/opt/gcc-arm-none-eabi-7-2017-q4-major/bin/../lib/gcc/arm-none-eabi/7.2.1/../../../../arm-none-eabi/lib/thumb/v7e-m/libg_nano.a(lib_a-sbrkr.o)
 .debug_frame   0x00000000000039f0       0x30 /home/obu/opt/gcc-arm-none-eabi-7-2017-q4-major/bin/../lib/gcc/arm-none-eabi/7.2.1/../../../../arm-none-eabi/lib/thumb/v7e-m/libg_nano.a(lib_a-mlock.o)
 .debug_frame   0x0000000000003a20       0x20 /home/obu/opt/gcc-arm-none-eabi-7-2017-q4-major/bin/../lib/gcc/arm-none-eabi/7.2.1/../../../../arm-none-eabi/lib/thumb/v7e-m/libg_nano.a(lib_a-nano-msizer.o)

.debug_str      0x0000000000000000    0xe3b23
 *(.debug_str)
 .debug_str     0x0000000000000000    0xdad06 ./system/src/stm32l4xx/stm32l4xx_hal.o
                                      0xdb1be (size before relaxing)
 .debug_str     0x00000000000dad06      0xb01 ./system/src/stm32l4xx/stm32l4xx_hal_adc.o
                                      0xdb213 (size before relaxing)
 .debug_str     0x00000000000db807      0x503 ./system/src/stm32l4xx/stm32l4xx_hal_adc_ex.o
                                      0xdb0b7 (size before relaxing)
 .debug_str     0x00000000000dbd0a      0x364 ./system/src/stm32l4xx/stm32l4xx_hal_cortex.o
                                      0xdaea3 (size before relaxing)
 .debug_str     0x00000000000dc06e      0x20b ./system/src/stm32l4xx/stm32l4xx_hal_dma.o
                                      0xda9ec (size before relaxing)
 .debug_str     0x00000000000dc279      0x2f8 ./system/src/stm32l4xx/stm32l4xx_hal_gpio.o
                                      0xdaa31 (size before relaxing)
 .debug_str     0x00000000000dc571      0x435 ./system/src/stm32l4xx/stm32l4xx_hal_pwr_ex.o
                                      0xdac04 (size before relaxing)
 .debug_str     0x00000000000dc9a6      0x52c ./system/src/stm32l4xx/stm32l4xx_hal_rcc.o
                                      0xdad47 (size before relaxing)
 .debug_str     0x00000000000dced2      0x702 ./system/src/stm32l4xx/stm32l4xx_hal_rcc_ex.o
                                      0xdb00c (size before relaxing)
 .debug_str     0x00000000000dd5d4      0x4ee ./system/src/stm32l4xx/stm32l4xx_hal_rtc.o
                                      0xdab74 (size before relaxing)
 .debug_str     0x00000000000ddac2      0x784 ./system/src/stm32l4xx/stm32l4xx_hal_rtc_ex.o
                                      0xdb10d (size before relaxing)
 .debug_str     0x00000000000de246      0x71d ./system/src/stm32l4xx/stm32l4xx_hal_spi.o
                                      0xdaf3c (size before relaxing)
 .debug_str     0x00000000000de963      0xeb8 ./system/src/stm32l4xx/stm32l4xx_hal_tim.o
                                      0xdb753 (size before relaxing)
 .debug_str     0x00000000000df81b      0x649 ./system/src/stm32l4xx/stm32l4xx_hal_tim_ex.o
                                      0xdb185 (size before relaxing)
 .debug_str     0x00000000000dfe64      0x99a ./system/src/stm32l4xx/stm32l4xx_hal_uart.o
                                      0xdb3d6 (size before relaxing)
 .debug_str     0x00000000000e07fe     0x10fa ./system/src/newlib/_exit.o
                                       0x7eab (size before relaxing)
 .debug_str     0x00000000000e18f8      0x4f5 ./system/src/newlib/_sbrk.o
                                       0x725d (size before relaxing)
 .debug_str     0x00000000000e1ded      0x260 ./system/src/newlib/_startup.o
                                       0x6998 (size before relaxing)
 .debug_str     0x00000000000e204d      0xe8b ./system/src/newlib/_syscalls.o
                                       0x8138 (size before relaxing)
 .debug_str     0x00000000000e2ed8      0x183 ./system/src/diag/Trace.o
                                       0x8623 (size before relaxing)
 .debug_str     0x00000000000e305b      0x61d ./system/src/diag/trace_impl.o
                                       0xc3ce (size before relaxing)
 .debug_str     0x00000000000e3678       0x5e ./system/src/cortexm/_initialize_hardware.o
                                       0x81bf (size before relaxing)
 .debug_str     0x00000000000e36d6      0x19d ./system/src/cortexm/exception_handlers.o
                                       0xd5f3 (size before relaxing)
 .debug_str     0x00000000000e3873       0x39 ./system/src/cmsis/startup_stm32l433xx.o
                                         0x7b (size before relaxing)
 .debug_str     0x00000000000e38ac       0x97 ./system/src/cmsis/system_stm32l4xx.o
                                      0x81c35 (size before relaxing)
 .debug_str     0x00000000000e3943       0xf9 ./src/main.o
                                      0xdc221 (size before relaxing)
 .debug_str     0x00000000000e3a3c       0x25 ./src/stm32l4xx_hal_msp.o
                                      0xdb975 (size before relaxing)
 .debug_str     0x00000000000e3a61       0xc2 ./src/stm32l4xx_it.o
                                      0xdb03b (size before relaxing)

.debug_loc      0x0000000000000000     0xfaa2
 *(.debug_loc)
 .debug_loc     0x0000000000000000       0xf8 ./system/src/stm32l4xx/stm32l4xx_hal.o
 .debug_loc     0x00000000000000f8     0x10b3 ./system/src/stm32l4xx/stm32l4xx_hal_adc.o
 .debug_loc     0x00000000000011ab      0xdc6 ./system/src/stm32l4xx/stm32l4xx_hal_adc_ex.o
 .debug_loc     0x0000000000001f71      0x5ad ./system/src/stm32l4xx/stm32l4xx_hal_cortex.o
 .debug_loc     0x000000000000251e      0x84d ./system/src/stm32l4xx/stm32l4xx_hal_dma.o
 .debug_loc     0x0000000000002d6b      0x361 ./system/src/stm32l4xx/stm32l4xx_hal_gpio.o
 .debug_loc     0x00000000000030cc      0x727 ./system/src/stm32l4xx/stm32l4xx_hal_pwr_ex.o
 .debug_loc     0x00000000000037f3      0x5e0 ./system/src/stm32l4xx/stm32l4xx_hal_rcc.o
 .debug_loc     0x0000000000003dd3     0x178d ./system/src/stm32l4xx/stm32l4xx_hal_rcc_ex.o
 .debug_loc     0x0000000000005560      0xb77 ./system/src/stm32l4xx/stm32l4xx_hal_rtc.o
 .debug_loc     0x00000000000060d7      0xd17 ./system/src/stm32l4xx/stm32l4xx_hal_rtc_ex.o
 .debug_loc     0x0000000000006dee     0x1b71 ./system/src/stm32l4xx/stm32l4xx_hal_spi.o
 .debug_loc     0x000000000000895f     0x3868 ./system/src/stm32l4xx/stm32l4xx_hal_tim.o
 .debug_loc     0x000000000000c1c7     0x16ae ./system/src/stm32l4xx/stm32l4xx_hal_tim_ex.o
 .debug_loc     0x000000000000d875     0x16dd ./system/src/stm32l4xx/stm32l4xx_hal_uart.o
 .debug_loc     0x000000000000ef52       0x85 ./system/src/newlib/_sbrk.o
 .debug_loc     0x000000000000efd7      0x1a9 ./system/src/newlib/_startup.o
 .debug_loc     0x000000000000f180       0x63 ./system/src/newlib/_syscalls.o
 .debug_loc     0x000000000000f1e3       0xf6 ./system/src/diag/Trace.o
 .debug_loc     0x000000000000f2d9      0x121 ./system/src/diag/trace_impl.o
 .debug_loc     0x000000000000f3fa      0x291 ./system/src/cortexm/exception_handlers.o
 .debug_loc     0x000000000000f68b      0x1b8 ./system/src/cmsis/system_stm32l4xx.o
 .debug_loc     0x000000000000f843      0x25f ./src/stm32l4xx_hal_msp.o

.debug_macinfo
 *(.debug_macinfo)

.debug_weaknames
 *(.debug_weaknames)

.debug_funcnames
 *(.debug_funcnames)

.debug_typenames
 *(.debug_typenames)

.debug_varnames
 *(.debug_varnames)
OUTPUT([STM32L433CCT6]-Powerbank.elf elf32-littlearm)

.debug_ranges   0x0000000000000000     0x1468
 .debug_ranges  0x0000000000000000      0x108 ./system/src/stm32l4xx/stm32l4xx_hal.o
 .debug_ranges  0x0000000000000108       0xe8 ./system/src/stm32l4xx/stm32l4xx_hal_adc.o
 .debug_ranges  0x00000000000001f0       0xb8 ./system/src/stm32l4xx/stm32l4xx_hal_adc_ex.o
 .debug_ranges  0x00000000000002a8       0xe8 ./system/src/stm32l4xx/stm32l4xx_hal_cortex.o
 .debug_ranges  0x0000000000000390       0x70 ./system/src/stm32l4xx/stm32l4xx_hal_dma.o
 .debug_ranges  0x0000000000000400       0x48 ./system/src/stm32l4xx/stm32l4xx_hal_gpio.o
 .debug_ranges  0x0000000000000448      0x110 ./system/src/stm32l4xx/stm32l4xx_hal_pwr_ex.o
 .debug_ranges  0x0000000000000558       0x90 ./system/src/stm32l4xx/stm32l4xx_hal_rcc.o
 .debug_ranges  0x00000000000005e8       0xf0 ./system/src/stm32l4xx/stm32l4xx_hal_rcc_ex.o
 .debug_ranges  0x00000000000006d8       0xa8 ./system/src/stm32l4xx/stm32l4xx_hal_rtc.o
 .debug_ranges  0x0000000000000780      0x130 ./system/src/stm32l4xx/stm32l4xx_hal_rtc_ex.o
 .debug_ranges  0x00000000000008b0      0x1c8 ./system/src/stm32l4xx/stm32l4xx_hal_spi.o
 .debug_ranges  0x0000000000000a78      0x368 ./system/src/stm32l4xx/stm32l4xx_hal_tim.o
 .debug_ranges  0x0000000000000de0      0x140 ./system/src/stm32l4xx/stm32l4xx_hal_tim_ex.o
 .debug_ranges  0x0000000000000f20      0x1d8 ./system/src/stm32l4xx/stm32l4xx_hal_uart.o
 .debug_ranges  0x00000000000010f8       0x18 ./system/src/newlib/_exit.o
 .debug_ranges  0x0000000000001110       0x10 ./system/src/newlib/_sbrk.o
 .debug_ranges  0x0000000000001120       0x78 ./system/src/newlib/_startup.o
 .debug_ranges  0x0000000000001198       0x20 ./system/src/newlib/_syscalls.o
 .debug_ranges  0x00000000000011b8       0x28 ./system/src/diag/Trace.o
 .debug_ranges  0x00000000000011e0       0x50 ./system/src/diag/trace_impl.o
 .debug_ranges  0x0000000000001230       0x18 ./system/src/cortexm/_initialize_hardware.o
 .debug_ranges  0x0000000000001248       0x80 ./system/src/cortexm/exception_handlers.o
 .debug_ranges  0x00000000000012c8       0x20 ./system/src/cmsis/startup_stm32l433xx.o
 .debug_ranges  0x00000000000012e8       0x18 ./system/src/cmsis/system_stm32l4xx.o
 .debug_ranges  0x0000000000001300       0x68 ./src/main.o
 .debug_ranges  0x0000000000001368       0x68 ./src/stm32l4xx_hal_msp.o
 .debug_ranges  0x00000000000013d0       0x98 ./src/stm32l4xx_it.o

.debug_macro    0x0000000000000000    0x2868b
 .debug_macro   0x0000000000000000      0x3a1 ./system/src/stm32l4xx/stm32l4xx_hal.o
 .debug_macro   0x00000000000003a1      0xa5a ./system/src/stm32l4xx/stm32l4xx_hal.o
 .debug_macro   0x0000000000000dfb       0x10 ./system/src/stm32l4xx/stm32l4xx_hal.o
 .debug_macro   0x0000000000000e0b       0xc5 ./system/src/stm32l4xx/stm32l4xx_hal.o
 .debug_macro   0x0000000000000ed0       0x2e ./system/src/stm32l4xx/stm32l4xx_hal.o
 .debug_macro   0x0000000000000efe       0x28 ./system/src/stm32l4xx/stm32l4xx_hal.o
 .debug_macro   0x0000000000000f26      0x34e ./system/src/stm32l4xx/stm32l4xx_hal.o
 .debug_macro   0x0000000000001274       0x35 ./system/src/stm32l4xx/stm32l4xx_hal.o
 .debug_macro   0x00000000000012a9       0x50 ./system/src/stm32l4xx/stm32l4xx_hal.o
 .debug_macro   0x00000000000012f9      0xe66 ./system/src/stm32l4xx/stm32l4xx_hal.o
 .debug_macro   0x000000000000215f    0x16122 ./system/src/stm32l4xx/stm32l4xx_hal.o
 .debug_macro   0x0000000000018281       0x43 ./system/src/stm32l4xx/stm32l4xx_hal.o
 .debug_macro   0x00000000000182c4     0x36a1 ./system/src/stm32l4xx/stm32l4xx_hal.o
 .debug_macro   0x000000000001b965       0x22 ./system/src/stm32l4xx/stm32l4xx_hal.o
 .debug_macro   0x000000000001b987       0x52 ./system/src/stm32l4xx/stm32l4xx_hal.o
 .debug_macro   0x000000000001b9d9       0x17 ./system/src/stm32l4xx/stm32l4xx_hal.o
 .debug_macro   0x000000000001b9f0       0x8d ./system/src/stm32l4xx/stm32l4xx_hal.o
 .debug_macro   0x000000000001ba7d       0x35 ./system/src/stm32l4xx/stm32l4xx_hal.o
 .debug_macro   0x000000000001bab2       0x9c ./system/src/stm32l4xx/stm32l4xx_hal.o
 .debug_macro   0x000000000001bb4e       0x16 ./system/src/stm32l4xx/stm32l4xx_hal.o
 .debug_macro   0x000000000001bb64       0x57 ./system/src/stm32l4xx/stm32l4xx_hal.o
 .debug_macro   0x000000000001bbbb       0x97 ./system/src/stm32l4xx/stm32l4xx_hal.o
 .debug_macro   0x000000000001bc52      0x330 ./system/src/stm32l4xx/stm32l4xx_hal.o
 .debug_macro   0x000000000001bf82       0xfd ./system/src/stm32l4xx/stm32l4xx_hal.o
 .debug_macro   0x000000000001c07f       0x10 ./system/src/stm32l4xx/stm32l4xx_hal.o
 .debug_macro   0x000000000001c08f       0x58 ./system/src/stm32l4xx/stm32l4xx_hal.o
 .debug_macro   0x000000000001c0e7       0x1f ./system/src/stm32l4xx/stm32l4xx_hal.o
 .debug_macro   0x000000000001c106       0x43 ./system/src/stm32l4xx/stm32l4xx_hal.o
 .debug_macro   0x000000000001c149       0x20 ./system/src/stm32l4xx/stm32l4xx_hal.o
 .debug_macro   0x000000000001c169      0x18e ./system/src/stm32l4xx/stm32l4xx_hal.o
 .debug_macro   0x000000000001c2f7       0x10 ./system/src/stm32l4xx/stm32l4xx_hal.o
 .debug_macro   0x000000000001c307       0x6a ./system/src/stm32l4xx/stm32l4xx_hal.o
 .debug_macro   0x000000000001c371       0x1c ./system/src/stm32l4xx/stm32l4xx_hal.o
 .debug_macro   0x000000000001c38d       0x52 ./system/src/stm32l4xx/stm32l4xx_hal.o
 .debug_macro   0x000000000001c3df       0x40 ./system/src/stm32l4xx/stm32l4xx_hal.o
 .debug_macro   0x000000000001c41f       0x10 ./system/src/stm32l4xx/stm32l4xx_hal.o
 .debug_macro   0x000000000001c42f       0x40 ./system/src/stm32l4xx/stm32l4xx_hal.o
 .debug_macro   0x000000000001c46f       0xd7 ./system/src/stm32l4xx/stm32l4xx_hal.o
 .debug_macro   0x000000000001c546       0x1c ./system/src/stm32l4xx/stm32l4xx_hal.o
 .debug_macro   0x000000000001c562       0x3d ./system/src/stm32l4xx/stm32l4xx_hal.o
 .debug_macro   0x000000000001c59f       0x16 ./system/src/stm32l4xx/stm32l4xx_hal.o
 .debug_macro   0x000000000001c5b5      0x16f ./system/src/stm32l4xx/stm32l4xx_hal.o
 .debug_macro   0x000000000001c724       0x57 ./system/src/stm32l4xx/stm32l4xx_hal.o
 .debug_macro   0x000000000001c77b     0x137c ./system/src/stm32l4xx/stm32l4xx_hal.o
 .debug_macro   0x000000000001daf7      0x5d6 ./system/src/stm32l4xx/stm32l4xx_hal.o
 .debug_macro   0x000000000001e0cd      0x148 ./system/src/stm32l4xx/stm32l4xx_hal.o
 .debug_macro   0x000000000001e215      0x118 ./system/src/stm32l4xx/stm32l4xx_hal.o
 .debug_macro   0x000000000001e32d      0x25d ./system/src/stm32l4xx/stm32l4xx_hal.o
 .debug_macro   0x000000000001e58a      0x23a ./system/src/stm32l4xx/stm32l4xx_hal.o
 .debug_macro   0x000000000001e7c4      0x3f3 ./system/src/stm32l4xx/stm32l4xx_hal.o
 .debug_macro   0x000000000001ebb7      0x504 ./system/src/stm32l4xx/stm32l4xx_hal.o
 .debug_macro   0x000000000001f0bb      0x360 ./system/src/stm32l4xx/stm32l4xx_hal.o
 .debug_macro   0x000000000001f41b       0x10 ./system/src/stm32l4xx/stm32l4xx_hal.o
 .debug_macro   0x000000000001f42b       0xe4 ./system/src/stm32l4xx/stm32l4xx_hal.o
 .debug_macro   0x000000000001f50f      0x202 ./system/src/stm32l4xx/stm32l4xx_hal.o
 .debug_macro   0x000000000001f711       0x61 ./system/src/stm32l4xx/stm32l4xx_hal.o
 .debug_macro   0x000000000001f772       0x90 ./system/src/stm32l4xx/stm32l4xx_hal.o
 .debug_macro   0x000000000001f802      0x126 ./system/src/stm32l4xx/stm32l4xx_hal.o
 .debug_macro   0x000000000001f928      0x357 ./system/src/stm32l4xx/stm32l4xx_hal.o
 .debug_macro   0x000000000001fc7f      0x321 ./system/src/stm32l4xx/stm32l4xx_hal.o
 .debug_macro   0x000000000001ffa0      0x4ce ./system/src/stm32l4xx/stm32l4xx_hal.o
 .debug_macro   0x000000000002046e       0xdd ./system/src/stm32l4xx/stm32l4xx_hal.o
 .debug_macro   0x000000000002054b      0x2e9 ./system/src/stm32l4xx/stm32l4xx_hal.o
 .debug_macro   0x0000000000020834      0x9cd ./system/src/stm32l4xx/stm32l4xx_hal.o
 .debug_macro   0x0000000000021201      0x12f ./system/src/stm32l4xx/stm32l4xx_hal.o
 .debug_macro   0x0000000000021330      0x535 ./system/src/stm32l4xx/stm32l4xx_hal.o
 .debug_macro   0x0000000000021865       0x44 ./system/src/stm32l4xx/stm32l4xx_hal.o
 .debug_macro   0x00000000000218a9      0x267 ./system/src/stm32l4xx/stm32l4xx_hal.o
 .debug_macro   0x0000000000021b10      0x38c ./system/src/stm32l4xx/stm32l4xx_hal_adc.o
 .debug_macro   0x0000000000021e9c      0x365 ./system/src/stm32l4xx/stm32l4xx_hal_adc_ex.o
 .debug_macro   0x0000000000022201      0x353 ./system/src/stm32l4xx/stm32l4xx_hal_cortex.o
 .debug_macro   0x0000000000022554      0x353 ./system/src/stm32l4xx/stm32l4xx_hal_dma.o
 .debug_macro   0x00000000000228a7      0x392 ./system/src/stm32l4xx/stm32l4xx_hal_gpio.o
 .debug_macro   0x0000000000022c39      0x377 ./system/src/stm32l4xx/stm32l4xx_hal_pwr_ex.o
 .debug_macro   0x0000000000022fb0      0x395 ./system/src/stm32l4xx/stm32l4xx_hal_rcc.o
 .debug_macro   0x0000000000023345      0x389 ./system/src/stm32l4xx/stm32l4xx_hal_rcc_ex.o
 .debug_macro   0x00000000000236ce      0x353 ./system/src/stm32l4xx/stm32l4xx_hal_rtc.o
 .debug_macro   0x0000000000023a21      0x35a ./system/src/stm32l4xx/stm32l4xx_hal_rtc_ex.o
 .debug_macro   0x0000000000023d7b      0x35b ./system/src/stm32l4xx/stm32l4xx_hal_spi.o
 .debug_macro   0x00000000000240d6      0x354 ./system/src/stm32l4xx/stm32l4xx_hal_tim.o
 .debug_macro   0x000000000002442a      0x365 ./system/src/stm32l4xx/stm32l4xx_hal_tim_ex.o
 .debug_macro   0x000000000002478f      0x365 ./system/src/stm32l4xx/stm32l4xx_hal_uart.o
 .debug_macro   0x0000000000024af4      0x1b4 ./system/src/newlib/_exit.o
 .debug_macro   0x0000000000024ca8      0xa54 ./system/src/newlib/_exit.o
 .debug_macro   0x00000000000256fc      0x10e ./system/src/newlib/_exit.o
 .debug_macro   0x000000000002580a       0x8d ./system/src/newlib/_exit.o
 .debug_macro   0x0000000000025897       0x35 ./system/src/newlib/_exit.o
 .debug_macro   0x00000000000258cc      0x169 ./system/src/newlib/_sbrk.o
 .debug_macro   0x0000000000025a35      0x174 ./system/src/newlib/_sbrk.o
 .debug_macro   0x0000000000025ba9       0x10 ./system/src/newlib/_sbrk.o
 .debug_macro   0x0000000000025bb9      0x23b ./system/src/newlib/_sbrk.o
 .debug_macro   0x0000000000025df4      0x173 ./system/src/newlib/_startup.o
 .debug_macro   0x0000000000025f67      0x217 ./system/src/newlib/_syscalls.o
 .debug_macro   0x000000000002617e       0x1c ./system/src/newlib/_syscalls.o
 .debug_macro   0x000000000002619a       0x10 ./system/src/newlib/_syscalls.o
 .debug_macro   0x00000000000261aa       0x10 ./system/src/newlib/_syscalls.o
 .debug_macro   0x00000000000261ba       0x10 ./system/src/newlib/_syscalls.o
 .debug_macro   0x00000000000261ca       0x35 ./system/src/newlib/_syscalls.o
 .debug_macro   0x00000000000261ff      0x122 ./system/src/newlib/_syscalls.o
 .debug_macro   0x0000000000026321       0x88 ./system/src/newlib/_syscalls.o
 .debug_macro   0x00000000000263a9       0x2b ./system/src/newlib/_syscalls.o
 .debug_macro   0x00000000000263d4      0x118 ./system/src/newlib/_syscalls.o
 .debug_macro   0x00000000000264ec      0x189 ./system/src/newlib/_syscalls.o
 .debug_macro   0x0000000000026675       0x16 ./system/src/newlib/_syscalls.o
 .debug_macro   0x000000000002668b      0x1fb ./system/src/diag/Trace.o
 .debug_macro   0x0000000000026886       0x4c ./system/src/diag/Trace.o
 .debug_macro   0x00000000000268d2       0x16 ./system/src/diag/Trace.o
 .debug_macro   0x00000000000268e8      0x1f5 ./system/src/diag/trace_impl.o
 .debug_macro   0x0000000000026add       0x2b ./system/src/diag/trace_impl.o
 .debug_macro   0x0000000000026b08      0xbc6 ./system/src/diag/trace_impl.o
 .debug_macro   0x00000000000276ce       0x43 ./system/src/diag/trace_impl.o
 .debug_macro   0x0000000000027711       0x10 ./system/src/diag/trace_impl.o
 .debug_macro   0x0000000000027721       0xcf ./system/src/diag/trace_impl.o
 .debug_macro   0x00000000000277f0       0xbe ./system/src/diag/trace_impl.o
 .debug_macro   0x00000000000278ae       0x22 ./system/src/diag/trace_impl.o
 .debug_macro   0x00000000000278d0       0x86 ./system/src/cortexm/_initialize_hardware.o
 .debug_macro   0x0000000000027956      0x23f ./system/src/cortexm/exception_handlers.o
 .debug_macro   0x0000000000027b95       0x3b ./system/src/cortexm/exception_handlers.o
 .debug_macro   0x0000000000027bd0       0x10 ./system/src/cortexm/exception_handlers.o
 .debug_macro   0x0000000000027be0       0xa4 ./system/src/cmsis/system_stm32l4xx.o
 .debug_macro   0x0000000000027c84      0x357 ./src/main.o
 .debug_macro   0x0000000000027fdb      0x353 ./src/stm32l4xx_hal_msp.o
 .debug_macro   0x000000000002832e      0x35d ./src/stm32l4xx_it.o